Component: ARM Compiler 5.06 update 7 (build 960) Tool: armlink [4d3601]

==============================================================================

Section Cross References

    startup_stm32l496xx.o(STACK) refers (Special) to heapauxi.o(.text) for __use_two_region_memory
    startup_stm32l496xx.o(HEAP) refers (Special) to heapauxi.o(.text) for __use_two_region_memory
    startup_stm32l496xx.o(RESET) refers (Special) to heapauxi.o(.text) for __use_two_region_memory
    startup_stm32l496xx.o(RESET) refers to startup_stm32l496xx.o(STACK) for __initial_sp
    startup_stm32l496xx.o(RESET) refers to startup_stm32l496xx.o(.text) for Reset_Handler
    startup_stm32l496xx.o(RESET) refers to stm32l4xx_it.o(i.NMI_Handler) for NMI_Handler
    startup_stm32l496xx.o(RESET) refers to stm32l4xx_it.o(i.HardFault_Handler) for HardFault_Handler
    startup_stm32l496xx.o(RESET) refers to stm32l4xx_it.o(i.MemManage_Handler) for MemManage_Handler
    startup_stm32l496xx.o(RESET) refers to stm32l4xx_it.o(i.BusFault_Handler) for BusFault_Handler
    startup_stm32l496xx.o(RESET) refers to stm32l4xx_it.o(i.UsageFault_Handler) for UsageFault_Handler
    startup_stm32l496xx.o(RESET) refers to stm32l4xx_it.o(i.SVC_Handler) for SVC_Handler
    startup_stm32l496xx.o(RESET) refers to stm32l4xx_it.o(i.DebugMon_Handler) for DebugMon_Handler
    startup_stm32l496xx.o(RESET) refers to stm32l4xx_it.o(i.PendSV_Handler) for PendSV_Handler
    startup_stm32l496xx.o(RESET) refers to stm32l4xx_it.o(i.SysTick_Handler) for SysTick_Handler
    startup_stm32l496xx.o(RESET) refers to stm32l4xx_it.o(i.DMA1_Channel1_IRQHandler) for DMA1_Channel1_IRQHandler
    startup_stm32l496xx.o(RESET) refers to stm32l4xx_it.o(i.USART2_IRQHandler) for USART2_IRQHandler
    startup_stm32l496xx.o(RESET) refers to stm32l4xx_it.o(i.USART3_IRQHandler) for USART3_IRQHandler
    startup_stm32l496xx.o(RESET) refers to stm32l4xx_it.o(i.TIM8_BRK_IRQHandler) for TIM8_BRK_IRQHandler
    startup_stm32l496xx.o(RESET) refers to stm32l4xx_it.o(i.TIM8_UP_IRQHandler) for TIM8_UP_IRQHandler
    startup_stm32l496xx.o(RESET) refers to stm32l4xx_it.o(i.TIM8_TRG_COM_IRQHandler) for TIM8_TRG_COM_IRQHandler
    startup_stm32l496xx.o(RESET) refers to stm32l4xx_it.o(i.TIM8_CC_IRQHandler) for TIM8_CC_IRQHandler
    startup_stm32l496xx.o(RESET) refers to stm32l4xx_it.o(i.LPUART1_IRQHandler) for LPUART1_IRQHandler
    startup_stm32l496xx.o(.text) refers (Special) to heapauxi.o(.text) for __use_two_region_memory
    startup_stm32l496xx.o(.text) refers to system_stm32l4xx.o(i.SystemInit) for SystemInit
    startup_stm32l496xx.o(.text) refers to __main.o(!!!main) for __main
    startup_stm32l496xx.o(.text) refers to startup_stm32l496xx.o(HEAP) for Heap_Mem
    startup_stm32l496xx.o(.text) refers to startup_stm32l496xx.o(STACK) for Stack_Mem
    main.o(i.HAL_UART_RxCpltCallback) refers to stm32l4xx_hal_uart.o(i.HAL_UART_Receive_IT) for HAL_UART_Receive_IT
    main.o(i.HAL_UART_RxCpltCallback) refers to main.o(.bss) for .bss
    main.o(i.HAL_UART_RxCpltCallback) refers to main.o(.data) for .data
    main.o(i.HAL_UART_RxCpltCallback) refers to usart.o(.bss) for hlpuart1
    main.o(i.HAL_UART_TxCpltCallback) refers to main.o(.data) for .data
    main.o(i.HMISends) refers to stm32l4xx_hal_uart.o(i.HAL_UART_Transmit_IT) for HAL_UART_Transmit_IT
    main.o(i.HMISends) refers to stm32l4xx_hal.o(i.HAL_Delay) for HAL_Delay
    main.o(i.HMISends) refers to usart.o(.bss) for huart2
    main.o(i.SPI_DAC_AccInit_Val) refers to drleqf.o(x$fpl$drleqf) for __aeabi_cdrcmple
    main.o(i.SPI_DAC_AccInit_Val) refers to main.o(i.SPI_DAC_data_send) for SPI_DAC_data_send
    main.o(i.SPI_DAC_Acc_Val) refers to dmul.o(x$fpl$dmul) for __aeabi_dmul
    main.o(i.SPI_DAC_Acc_Val) refers to ddiv.o(x$fpl$ddiv) for __aeabi_ddiv
    main.o(i.SPI_DAC_Acc_Val) refers to daddsub_clz.o(x$fpl$dsub) for __aeabi_dsub
    main.o(i.SPI_DAC_Acc_Val) refers to drleqf.o(x$fpl$drleqf) for __aeabi_cdrcmple
    main.o(i.SPI_DAC_Acc_Val) refers to daddsub_clz.o(x$fpl$dadd) for __aeabi_dadd
    main.o(i.SPI_DAC_Acc_Val) refers to dfixu.o(x$fpl$dfixu) for __aeabi_d2uiz
    main.o(i.SPI_DAC_Acc_Val) refers to main.o(i.SPI_DAC_data_send) for SPI_DAC_data_send
    main.o(i.SPI_DAC_Init) refers to stm32l4xx_hal_gpio.o(i.HAL_GPIO_Init) for HAL_GPIO_Init
    main.o(i.SPI_DAC_InitDAC) refers to main.o(i.SPI_DAC_Init) for SPI_DAC_Init
    main.o(i.SPI_DAC_InitDAC) refers to main.o(i.SPI_DAC_reg_init) for SPI_DAC_reg_init
    main.o(i.SPI_DAC_command_send) refers to stm32l4xx_hal_gpio.o(i.HAL_GPIO_WritePin) for HAL_GPIO_WritePin
    main.o(i.SPI_DAC_command_send) refers to stm32l4xx_hal.o(i.HAL_Delay) for HAL_Delay
    main.o(i.SPI_DAC_data_send) refers to stm32l4xx_hal_gpio.o(i.HAL_GPIO_WritePin) for HAL_GPIO_WritePin
    main.o(i.SPI_DAC_data_send) refers to stm32l4xx_hal.o(i.HAL_Delay) for HAL_Delay
    main.o(i.SPI_DAC_reg_init) refers to main.o(i.SPI_DAC_command_send) for SPI_DAC_command_send
[...]
    LL_ADC_REG_IsTriggerSourceSWStart        0x080036d3   Thumb Code    16  stm32l4xx_hal_adc.o(i.LL_ADC_REG_IsTriggerSourceSWStart)
    i.LL_ADC_SetChannelSamplingTime          0x080036e2   Section        0  stm32l4xx_hal_adc.o(i.LL_ADC_SetChannelSamplingTime)
    LL_ADC_SetChannelSamplingTime            0x080036e3   Thumb Code    30  stm32l4xx_hal_adc.o(i.LL_ADC_SetChannelSamplingTime)
    i.LL_ADC_SetOffsetState                  0x08003700   Section        0  stm32l4xx_hal_adc.o(i.LL_ADC_SetOffsetState)
    LL_ADC_SetOffsetState                    0x08003701   Thumb Code    16  stm32l4xx_hal_adc.o(i.LL_ADC_SetOffsetState)
    i.LPUART1_IRQHandler                     0x08003710   Section        0  stm32l4xx_it.o(i.LPUART1_IRQHandler)
    i.MX_ADC1_Init                           0x0800371c   Section        0  adc.o(i.MX_ADC1_Init)
    i.MX_DMA_Init                            0x08003800   Section        0  dma.o(i.MX_DMA_Init)
    i.MX_GPIO_Init                           0x0800382c   Section        0  gpio.o(i.MX_GPIO_Init)
    i.MX_LPUART1_UART_Init                   0x08003928   Section        0  usart.o(i.MX_LPUART1_UART_Init)
    i.MX_TIM8_Init                           0x08003964   Section        0  tim.o(i.MX_TIM8_Init)
    i.MX_USART2_UART_Init                    0x080039d4   Section        0  usart.o(i.MX_USART2_UART_Init)
    i.MX_USART3_UART_Init                    0x08003a10   Section        0  usart.o(i.MX_USART3_UART_Init)
    i.MemManage_Handler                      0x08003a4c   Section        0  stm32l4xx_it.o(i.MemManage_Handler)
    i.NMI_Handler                            0x08003a4e   Section        0  stm32l4xx_it.o(i.NMI_Handler)
    i.PendSV_Handler                         0x08003a50   Section        0  stm32l4xx_it.o(i.PendSV_Handler)
    i.RCCEx_PLLSAI1_Config                   0x08003a54   Section        0  stm32l4xx_hal_rcc_ex.o(i.RCCEx_PLLSAI1_Config)
    RCCEx_PLLSAI1_Config                     0x08003a55   Thumb Code   278  stm32l4xx_hal_rcc_ex.o(i.RCCEx_PLLSAI1_Config)
    i.RCCEx_PLLSAI2_Config                   0x08003b80   Section        0  stm32l4xx_hal_rcc_ex.o(i.RCCEx_PLLSAI2_Config)
    RCCEx_PLLSAI2_Config                     0x08003b81   Thumb Code   250  stm32l4xx_hal_rcc_ex.o(i.RCCEx_PLLSAI2_Config)
    i.RCC_SetFlashLatencyFromMSIRange        0x08003c88   Section        0  stm32l4xx_hal_rcc.o(i.RCC_SetFlashLatencyFromMSIRange)
    RCC_SetFlashLatencyFromMSIRange          0x08003c89   Thumb Code   116  stm32l4xx_hal_rcc.o(i.RCC_SetFlashLatencyFromMSIRange)
    i.SPI_DAC_AccInit_Val                    0x08003d04   Section        0  main.o(i.SPI_DAC_AccInit_Val)
    i.SPI_DAC_Init                           0x08003d48   Section        0  main.o(i.SPI_DAC_Init)
    i.SPI_DAC_InitDAC                        0x08003d80   Section        0  main.o(i.SPI_DAC_InitDAC)
    i.SPI_DAC_command_send                   0x08003d90   Section        0  main.o(i.SPI_DAC_command_send)
    i.SPI_DAC_data_send                      0x08003e94   Section        0  main.o(i.SPI_DAC_data_send)
    i.SPI_DAC_reg_init                       0x08003fa0   Section        0  main.o(i.SPI_DAC_reg_init)
    i.SVC_Handler                            0x08003fe6   Section        0  stm32l4xx_it.o(i.SVC_Handler)
    i.SysTick_Handler                        0x08003fe8   Section        0  stm32l4xx_it.o(i.SysTick_Handler)
    i.SystemClock_Config                     0x08003fec   Section        0  main.o(i.SystemClock_Config)
    i.SystemInit                             0x08004068   Section        0  system_stm32l4xx.o(i.SystemInit)
    i.TIM8_BRK_IRQHandler                    0x08004078   Section        0  stm32l4xx_it.o(i.TIM8_BRK_IRQHandler)
    i.TIM8_CC_IRQHandler                     0x08004084   Section        0  stm32l4xx_it.o(i.TIM8_CC_IRQHandler)
    i.TIM8_TRG_COM_IRQHandler                0x08004090   Section        0  stm32l4xx_it.o(i.TIM8_TRG_COM_IRQHandler)
    i.TIM8_UP_IRQHandler                     0x0800409c   Section        0  stm32l4xx_it.o(i.TIM8_UP_IRQHandler)
    i.TIM_Base_SetConfig                     0x080040a8   Section        0  stm32l4xx_hal_tim.o(i.TIM_Base_SetConfig)
    i.TIM_ETR_SetConfig                      0x08004168   Section        0  stm32l4xx_hal_tim.o(i.TIM_ETR_SetConfig)
    i.TIM_ITRx_SetConfig                     0x0800417c   Section        0  stm32l4xx_hal_tim.o(i.TIM_ITRx_SetConfig)
    TIM_ITRx_SetConfig                       0x0800417d   Thumb Code    16  stm32l4xx_hal_tim.o(i.TIM_ITRx_SetConfig)
    i.TIM_TI1_ConfigInputStage               0x0800418c   Section        0  stm32l4xx_hal_tim.o(i.TIM_TI1_ConfigInputStage)
    TIM_TI1_ConfigInputStage                 0x0800418d   Thumb Code    34  stm32l4xx_hal_tim.o(i.TIM_TI1_ConfigInputStage)
    i.TIM_TI2_ConfigInputStage               0x080041ae   Section        0  stm32l4xx_hal_tim.o(i.TIM_TI2_ConfigInputStage)
    TIM_TI2_ConfigInputStage                 0x080041af   Thumb Code    36  stm32l4xx_hal_tim.o(i.TIM_TI2_ConfigInputStage)
    i.UART_AdvFeatureConfig                  0x080041d2   Section        0  stm32l4xx_hal_uart.o(i.UART_AdvFeatureConfig)
    i.UART_CheckIdleState                    0x0800429a   Section        0  stm32l4xx_hal_uart.o(i.UART_CheckIdleState)
    i.UART_DMAAbortOnError                   0x08004342   Section        0  stm32l4xx_hal_uart.o(i.UART_DMAAbortOnError)
    UART_DMAAbortOnError                     0x08004343   Thumb Code    20  stm32l4xx_hal_uart.o(i.UART_DMAAbortOnError)
    i.UART_EndRxTransfer                     0x08004356   Section        0  stm32l4xx_hal_uart.o(i.UART_EndRxTransfer)
    UART_EndRxTransfer                       0x08004357   Thumb Code    76  stm32l4xx_hal_uart.o(i.UART_EndRxTransfer)
    i.UART_RxISR_16BIT                       0x080043a4   Section        0  stm32l4xx_hal_uart.o(i.UART_RxISR_16BIT)
    UART_RxISR_16BIT                         0x080043a5   Thumb Code   196  stm32l4xx_hal_uart.o(i.UART_RxISR_16BIT)
    i.UART_RxISR_8BIT                        0x0800446c   Section        0  stm32l4xx_hal_uart.o(i.UART_RxISR_8BIT)
    UART_RxISR_8BIT                          0x0800446d   Thumb Code   196  stm32l4xx_hal_uart.o(i.UART_RxISR_8BIT)
    i.UART_SetConfig                         0x08004534   Section        0  stm32l4xx_hal_uart.o(i.UART_SetConfig)
    i.UART_Start_Receive_IT                  0x0800477c   Section        0  stm32l4xx_hal_uart.o(i.UART_Start_Receive_IT)
    i.UART_WaitOnFlagUntilTimeout            0x08004834   Section        0  stm32l4xx_hal_uart.o(i.UART_WaitOnFlagUntilTimeout)
    i.USART2_IRQHandler                      0x080048c0   Section        0  stm32l4xx_it.o(i.USART2_IRQHandler)
    i.USART3_IRQHandler                      0x080048cc   Section        0  stm32l4xx_it.o(i.USART3_IRQHandler)
    i.UsageFault_Handler                     0x080048d8   Section        0  stm32l4xx_it.o(i.UsageFault_Handler)
    i.__NVIC_SetPriority                     0x080048da   Section        0  stm32l4xx_hal_cortex.o(i.__NVIC_SetPriority)
    __NVIC_SetPriority                       0x080048db   Thumb Code    32  stm32l4xx_hal_cortex.o(i.__NVIC_SetPriority)
    i.fputc                                  0x080048fc   Section        0  usart.o(i.fputc)
    i.main                                   0x08004914   Section        0  main.o(i.main)
    x$fpl$dcmpinf                            0x08004be0   Section       24  dcmpi.o(x$fpl$dcmpinf)
    $v0                                      0x08004be0   Number         0  dcmpi.o(x$fpl$dcmpinf)
    x$fpl$dleqf                              0x08004bf8   Section      120  dleqf.o(x$fpl$dleqf)
    $v0                                      0x08004bf8   Number         0  dleqf.o(x$fpl$dleqf)
    x$fpl$dnaninf                            0x08004c70   Section      156  dnaninf.o(x$fpl$dnaninf)
    $v0                                      0x08004c70   Number         0  dnaninf.o(x$fpl$dnaninf)
    x$fpl$drleqf                             0x08004d0c   Section      108  drleqf.o(x$fpl$drleqf)
    $v0                                      0x08004d0c   Number         0  drleqf.o(x$fpl$drleqf)
    x$fpl$fpinit                             0x08004d78   Section       10  fpinit.o(x$fpl$fpinit)
    $v0                                      0x08004d78   Number         0  fpinit.o(x$fpl$fpinit)
    x$fpl$usenofp                            0x08004d82   Section        0  usenofp.o(x$fpl$usenofp)
    .constdata                               0x08004d84   Section       64  system_stm32l4xx.o(.constdata)
    .constdata                               0x08004dc4   Section        8  system_stm32l4xx.o(.constdata)
    .constdata                               0x08004dcc   Section        4  sys_io.o(.constdata)
    .constdata                               0x08004dd0   Section        4  sys_io.o(.constdata)
    .constdata                               0x08004dd4   Section        4  sys_io.o(.constdata)
    .conststring                             0x08004dd8   Section       22  main.o(.conststring)
    .data                                    0x20000000   Section       36  main.o(.data)
    .data                                    0x20000024   Section       12  stm32l4xx_hal.o(.data)
    .data                                    0x20000030   Section        4  system_stm32l4xx.o(.data)
    .data                                    0x20000034   Section        4  stdio_streams.o(.data)
    .data                                    0x20000038   Section        4  stdio_streams.o(.data)
    .data                                    0x2000003c   Section        4  stdio_streams.o(.data)
    .bss                                     0x20000040   Section      472  main.o(.bss)
    .bss                                     0x20000218   Section      176  adc.o(.bss)
    .bss                                     0x200002c8   Section      408  usart.o(.bss)
    .bss                                     0x20000460   Section       76  tim.o(.bss)
    .bss                                     0x200004ac   Section       84  stdio_streams.o(.bss)
    .bss                                     0x20000500   Section       84  stdio_streams.o(.bss)
    .bss                                     0x20000554   Section       84  stdio_streams.o(.bss)
    .bss                                     0x200005a8   Section       96  libspace.o(.bss)
    HEAP                                     0x20000608   Section      512  startup_stm32l496xx.o(HEAP)
    Heap_Mem                                 0x20000608   Data         512  startup_stm32l496xx.o(HEAP)
    STACK                                    0x20000808   Section     1024  startup_stm32l496xx.o(STACK)
    Stack_Mem                                0x20000808   Data        1024  startup_stm32l496xx.o(STACK)
    __initial_sp                             0x20000c08   Data           0  startup_stm32l496xx.o(STACK)

    Global Symbols

    Symbol Name                              Value     Ov Type        Size  Object(Section)

    BuildAttributes$$THM_ISAv4$E$P$D$K$B$S$7EM$VFPi3$EXTD16$VFPS$VFMA$PE$A:L22UL41UL21$X:L11$S22US41US21$IEEE1$IW$USESV6$~STKCKD$USESV7$~SHL$OTIME$ROPI$EBA8$UX$STANDARDLIB$REQ8$PRES8$EABIv2 0x00000000   Number         0  anon$$obj.o ABSOLUTE
    __ARM_use_no_argv                        0x00000000   Number         0  main.o ABSOLUTE
    _printf_flags                            0x00000000   Number         0  printf_stubs.o ABSOLUTE
    _printf_return_value                     0x00000000   Number         0  printf_stubs.o ABSOLUTE
    _printf_sizespec                         0x00000000   Number         0  printf_stubs.o ABSOLUTE
    _printf_widthprec                        0x00000000   Number         0  printf_stubs.o ABSOLUTE
    __ARM_exceptions_init                     - Undefined Weak Reference
    __alloca_initialize                       - Undefined Weak Reference
    __arm_fini_                               - Undefined Weak Reference
    __arm_preinit_                            - Undefined Weak Reference
    __cpp_initialize__aeabi_                  - Undefined Weak Reference
    __cxa_finalize                            - Undefined Weak Reference
    __rt_locale                               - Undefined Weak Reference
    __sigvec_lookup                           - Undefined Weak Reference
    __user_heap_extent                        - Undefined Weak Reference
    _atexit_init                              - Undefined Weak Reference
    _call_atexit_fns                          - Undefined Weak Reference
    _clock_init                               - Undefined Weak Reference
    _fp_trap_init                             - Undefined Weak Reference
    _fp_trap_shutdown                         - Undefined Weak Reference
    _get_lc_collate                           - Undefined Weak Reference
    _get_lc_ctype                             - Undefined Weak Reference
    _get_lc_monetary                          - Undefined Weak Reference
    _get_lc_numeric                           - Undefined Weak Reference
    _get_lc_time                              - Undefined Weak Reference
    _getenv_init                              - Undefined Weak Reference
    _handle_redirection                       - Undefined Weak Reference
    _mutex_acquire                            - Undefined Weak Reference
    _mutex_free                               - Undefined Weak Reference
    _mutex_release                            - Undefined Weak Reference
    _printf_post_padding                      - Undefined Weak Reference
    _printf_pre_padding                       - Undefined Weak Reference
    _printf_truncate_signed                   - Undefined Weak Reference
    _printf_truncate_unsigned                 - Undefined Weak Reference
    _rand_init                                - Undefined Weak Reference
    _signal_finish                            - Undefined Weak Reference
    _signal_init                              - Undefined Weak Reference
    __Vectors_Size                           0x000001ac   Number         0  startup_stm32l496xx.o ABSOLUTE
    __Vectors                                0x08000000   Data           4  startup_stm32l496xx.o(RESET)
    __Vectors_End                            0x080001ac   Data           0  startup_stm32l496xx.o(RESET)
    __main                                   0x080001ad   Thumb Code     8  __main.o(!!!main)
    __scatterload                            0x080001b5   Thumb Code     0  __scatter.o(!!!scatter)
    __scatterload_rt2                        0x080001b5   Thumb Code    44  __scatter.o(!!!scatter)
    __scatterload_rt2_thumb_only             0x080001b5   Thumb Code     0  __scatter.o(!!!scatter)
    __scatterload_null                       0x080001c3   Thumb Code     0  __scatter.o(!!!scatter)
    __scatterload_copy                       0x080001e9   Thumb Code    26  __scatter_copy.o(!!handler_copy)
    __scatterload_zeroinit                   0x08000205   Thumb Code    28  __scatter_zi.o(!!handler_zi)
    _printf_d                                0x08000221   Thumb Code     0  _printf_d.o(.ARM.Collect$$_printf_percent$$00000009)
    _printf_percent                          0x08000221   Thumb Code     0  _printf_percent.o(.ARM.Collect$$_printf_percent$$00000000)
    _printf_u                                0x08000227   Thumb Code     0  _printf_u.o(.ARM.Collect$$_printf_percent$$0000000A)
    _printf_percent_end                      0x0800022d   Thumb Code     0  _printf_percent_end.o(.ARM.Collect$$_printf_percent$$00000017)
    __rt_lib_init                            0x08000231   Thumb Code     0  libinit.o(.ARM.Collect$$libinit$$00000000)
    __rt_lib_init_fp_1                       0x08000233   Thumb Code     0  libinit2.o(.ARM.Collect$$libinit$$00000001)
    __rt_lib_init_heap_2                     0x08000237   Thumb Code     0  libinit2.o(.ARM.Collect$$libinit$$00000005)
    __rt_lib_init_preinit_1                  0x08000237   Thumb Code     0  libinit2.o(.ARM.Collect$$libinit$$00000004)
    __rt_lib_init_atexit_1                   0x0800023f   Thumb Code     0  libinit2.o(.ARM.Collect$$libinit$$0000001B)
    __rt_lib_init_clock_1                    0x0800023f   Thumb Code     0  libinit2.o(.ARM.Collect$$libinit$$00000021)
    __rt_lib_init_fp_trap_1                  0x0800023f   Thumb Code     0  libinit2.o(.ARM.Collect$$libinit$$0000001F)
    __rt_lib_init_getenv_1                   0x0800023f   Thumb Code     0  libinit2.o(.ARM.Collect$$libinit$$00000023)
    __rt_lib_init_heap_1                     0x0800023f   Thumb Code     0  libinit2.o(.ARM.Collect$$libinit$$0000000A)
    __rt_lib_init_lc_collate_1               0x0800023f   Thumb Code     0  libinit2.o(.ARM.Collect$$libinit$$00000011)
    __rt_lib_init_lc_ctype_1                 0x0800023f   Thumb Code     0  libinit2.o(.ARM.Collect$$libinit$$00000013)
    __rt_lib_init_lc_monetary_1              0x0800023f   Thumb Code     0  libinit2.o(.ARM.Collect$$libinit$$00000015)
    __rt_lib_init_lc_numeric_1               0x0800023f   Thumb Code     0  libinit2.o(.ARM.Collect$$libinit$$00000017)
    __rt_lib_init_lc_time_1                  0x0800023f   Thumb Code     0  libinit2.o(.ARM.Collect$$libinit$$00000019)
    __rt_lib_init_rand_1                     0x0800023f   Thumb Code     0  libinit2.o(.ARM.Collect$$libinit$$0000000E)
    __rt_lib_init_signal_1                   0x0800023f   Thumb Code     0  libinit2.o(.ARM.Collect$$libinit$$0000001D)
    __rt_lib_init_stdio_2                    0x0800023f   Thumb Code     0  libinit2.o(.ARM.Collect$$libinit$$00000024)
    __rt_lib_init_user_alloc_1               0x0800023f   Thumb Code     0  libinit2.o(.ARM.Collect$$libinit$$0000000C)
    __rt_lib_init_alloca_1                   0x08000243   Thumb Code     0  libinit2.o(.ARM.Collect$$libinit$$0000002E)
    __rt_lib_init_argv_1                     0x08000243   Thumb Code     0  libinit2.o(.ARM.Collect$$libinit$$0000002C)
    __rt_lib_init_cpp_1                      0x08000243   Thumb Code     0  libinit2.o(.ARM.Collect$$libinit$$00000032)
    __rt_lib_init_exceptions_1               0x08000243   Thumb Code     0  libinit2.o(.ARM.Collect$$libinit$$00000030)
    __rt_lib_init_return                     0x08000243   Thumb Code     0  libinit2.o(.ARM.Collect$$libinit$$00000033)
    __rt_lib_init_stdio_1                    0x08000243   Thumb Code     0  libinit2.o(.ARM.Collect$$libinit$$00000025)
    __rt_lib_shutdown                        0x08000245   Thumb Code     0  libshutdown.o(.ARM.Collect$$libshutdown$$00000000)
    __rt_lib_shutdown_cpp_1                  0x08000247   Thumb Code     0  libshutdown2.o(.ARM.Collect$$libshutdown$$00000004)
    __rt_lib_shutdown_fini_1                 0x08000247   Thumb Code     0  libshutdown2.o(.ARM.Collect$$libshutdown$$00000002)
    __rt_lib_shutdown_stdio_2                0x08000247   Thumb Code     0  libshutdown2.o(.ARM.Collect$$libshutdown$$00000005)
    __rt_lib_shutdown_fp_trap_1              0x0800024b   Thumb Code     0  libshutdown2.o(.ARM.Collect$$libshutdown$$00000009)
    __rt_lib_shutdown_heap_1                 0x0800024b   Thumb Code     0  libshutdown2.o(.ARM.Collect$$libshutdown$$00000011)
    __rt_lib_shutdown_return                 0x0800024b   Thumb Code     0  libshutdown2.o(.ARM.Collect$$libshutdown$$00000012)
    __rt_lib_shutdown_signal_1               0x0800024b   Thumb Code     0  libshutdown2.o(.ARM.Collect$$libshutdown$$0000000C)
    __rt_lib_shutdown_stdio_1                0x0800024b   Thumb Code     0  libshutdown2.o(.ARM.Collect$$libshutdown$$00000006)
    __rt_lib_shutdown_user_alloc_1           0x0800024b   Thumb Code     0  libshutdown2.o(.ARM.Collect$$libshutdown$$0000000E)
    __rt_entry                               0x0800024d   Thumb Code     0  __rtentry.o(.ARM.Collect$$rtentry$$00000000)
    __rt_entry_presh_1                       0x0800024d   Thumb Code     0  __rtentry2.o(.ARM.Collect$$rtentry$$00000002)
    __rt_entry_sh                            0x0800024d   Thumb Code     0  __rtentry4.o(.ARM.Collect$$rtentry$$00000004)
    __rt_entry_li                            0x08000253   Thumb Code     0  __rtentry2.o(.ARM.Collect$$rtentry$$0000000A)
    __rt_entry_postsh_1                      0x08000253   Thumb Code     0  __rtentry2.o(.ARM.Collect$$rtentry$$00000009)
    __rt_entry_main                          0x08000257   Thumb Code     0  __rtentry2.o(.ARM.Collect$$rtentry$$0000000D)
    __rt_entry_postli_1                      0x08000257   Thumb Code     0  __rtentry2.o(.ARM.Collect$$rtentry$$0000000C)
    __rt_exit                                0x0800025f   Thumb Code     0  rtexit.o(.ARM.Collect$$rtexit$$00000000)
    __rt_exit_ls                             0x08000261   Thumb Code     0  rtexit2.o(.ARM.Collect$$rtexit$$00000003)
    __rt_exit_prels_1                        0x08000261   Thumb Code     0  rtexit2.o(.ARM.Collect$$rtexit$$00000002)
    __rt_exit_exit                           0x08000265   Thumb Code     0  rtexit2.o(.ARM.Collect$$rtexit$$00000004)
    Reset_Handler                            0x0800026d   Thumb Code     8  startup_stm32l496xx.o(.text)
    _maybe_terminate_alloc                   0x0800026d   Thumb Code     0  maybetermalloc1.o(.emb_text)
    ADC1_2_IRQHandler                        0x08000287   Thumb Code     0  startup_stm32l496xx.o(.text)
    ADC3_IRQHandler                          0x08000287   Thumb Code     0  startup_stm32l496xx.o(.text)
    CAN1_RX0_IRQHandler                      0x08000287   Thumb Code     0  startup_stm32l496xx.o(.text)
    CAN1_RX1_IRQHandler                      0x08000287   Thumb Code     0  startup_stm32l496xx.o(.text)
    CAN1_SCE_IRQHandler                      0x08000287   Thumb Code     0  startup_stm32l496xx.o(.text)
    CAN1_TX_IRQHandler                       0x08000287   Thumb Code     0  startup_stm32l496xx.o(.text)
    CAN2_RX0_IRQHandler                      0x08000287   Thumb Code     0  startup_stm32l496xx.o(.text)
    CAN2_RX1_IRQHandler                      0x08000287   Thumb Code     0  startup_stm32l496xx.o(.text)
    CAN2_SCE_IRQHandler                      0x08000287   Thumb Code     0  startup_stm32l496xx.o(.text)
    CAN2_TX_IRQHandler                       0x08000287   Thumb Code     0  startup_stm32l496xx.o(.text)
    COMP_IRQHandler                          0x08000287   Thumb Code     0  startup_stm32l496xx.o(.text)
    CRS_IRQHandler                           0x08000287   Thumb Code     0  startup_stm32l496xx.o(.text)
    DCMI_IRQHandler                          0x08000287   Thumb Code     0  startup_stm32l496xx.o(.text)
    DFSDM1_FLT0_IRQHandler                   0x08000287   Thumb Code     0  startup_stm32l496xx.o(.text)
    DFSDM1_FLT1_IRQHandler                   0x08000287   Thumb Code     0  startup_stm32l496xx.o(.text)
    DFSDM1_FLT2_IRQHandler                   0x08000287   Thumb Code     0  startup_stm32l496xx.o(.text)
    DFSDM1_FLT3_IRQHandler                   0x08000287   Thumb Code     0  startup_stm32l496xx.o(.text)
    DMA1_Channel2_IRQHandler                 0x08000287   Thumb Code     0  startup_stm32l496xx.o(.text)
    DMA1_Channel3_IRQHandler                 0x08000287   Thumb Code     0  startup_stm32l496xx.o(.text)
    DMA1_Channel4_IRQHandler                 0x08000287   Thumb Code     0  startup_stm32l496xx.o(.text)
    DMA1_Channel5_IRQHandler                 0x08000287   Thumb Code     0  startup_stm32l496xx.o(.text)
    DMA1_Channel6_IRQHandler                 0x08000287   Thumb Code     0  startup_stm32l496xx.o(.text)
    DMA1_Channel7_IRQHandler                 0x08000287   Thumb Code     0  startup_stm32l496xx.o(.text)
    DMA2D_IRQHandler                         0x08000287   Thumb Code     0  startup_stm32l496xx.o(.text)
    DMA2_Channel1_IRQHandler                 0x08000287   Thumb Code     0  startup_stm32l496xx.o(.text)
    DMA2_Channel2_IRQHandler                 0x08000287   Thumb Code     0  startup_stm32l496xx.o(.text)
    DMA2_Channel3_IRQHandler                 0x08000287   Thumb Code     0  startup_stm32l496xx.o(.text)
    DMA2_Channel4_IRQHandler                 0x08000287   Thumb Code     0  startup_stm32l496xx.o(.text)
    DMA2_Channel5_IRQHandler                 0x08000287   Thumb Code     0  startup_stm32l496xx.o(.text)
    DMA2_Channel6_IRQHandler                 0x08000287   Thumb Code     0  startup_stm32l496xx.o(.text)
    DMA2_Channel7_IRQHandler                 0x08000287   Thumb Code     0  startup_stm32l496xx.o(.text)
    EXTI0_IRQHandler                         0x08000287   Thumb Code     0  startup_stm32l496xx.o(.text)
    EXTI15_10_IRQHandler                     0x08000287   Thumb Code     0  startup_stm32l496xx.o(.text)
    EXTI1_IRQHandler                         0x08000287   Thumb Code     0  startup_stm32l496xx.o(.text)
    EXTI2_IRQHandler                         0x08000287   Thumb Code     0  startup_stm32l496xx.o(.text)
    EXTI3_IRQHandler                         0x08000287   Thumb Code     0  startup_stm32l496xx.o(.text)
    EXTI4_IRQHandler                         0x08000287   Thumb Code     0  startup_stm32l496xx.o(.text)
    EXTI9_5_IRQHandler                       0x08000287   Thumb Code     0  startup_stm32l496xx.o(.text)
    FLASH_IRQHandler                         0x08000287   Thumb Code     0  startup_stm32l496xx.o(.text)
    FMC_IRQHandler                           0x08000287   Thumb Code     0  startup_stm32l496xx.o(.text)
    FPU_IRQHandler                           0x08000287   Thumb Code     0  startup_stm32l496xx.o(.text)
    I2C1_ER_IRQHandler                       0x08000287   Thumb Code     0  startup_stm32l496xx.o(.text)
    I2C1_EV_IRQHandler                       0x08000287   Thumb Code     0  startup_stm32l496xx.o(.text)
    I2C2_ER_IRQHandler                       0x08000287   Thumb Code     0  startup_stm32l496xx.o(.text)
    I2C2_EV_IRQHandler                       0x08000287   Thumb Code     0  startup_stm32l496xx.o(.text)
    I2C3_ER_IRQHandler                       0x08000287   Thumb Code     0  startup_stm32l496xx.o(.text)
    I2C3_EV_IRQHandler                       0x08000287   Thumb Code     0  startup_stm32l496xx.o(.text)
    I2C4_ER_IRQHandler                       0x08000287   Thumb Code     0  startup_stm32l496xx.o(.text)
    I2C4_EV_IRQHandler                       0x08000287   Thumb Code     0  startup_stm32l496xx.o(.text)
    LCD_IRQHandler                           0x08000287   Thumb Code     0  startup_stm32l496xx.o(.text)
    LPTIM1_IRQHandler                        0x08000287   Thumb Code     0  startup_stm32l496xx.o(.text)
    LPTIM2_IRQHandler                        0x08000287   Thumb Code     0  startup_stm32l496xx.o(.text)
    OTG_FS_IRQHandler                        0x08000287   Thumb Code     0  startup_stm32l496xx.o(.text)
    PVD_PVM_IRQHandler                       0x08000287   Thumb Code     0  startup_stm32l496xx.o(.text)
    QUADSPI_IRQHandler                       0x08000287   Thumb Code     0  startup_stm32l496xx.o(.text)
    RCC_IRQHandler                           0x08000287   Thumb Code     0  startup_stm32l496xx.o(.text)
    RNG_IRQHandler                           0x08000287   Thumb Code     0  startup_stm32l496xx.o(.text)
    RTC_Alarm_IRQHandler                     0x08000287   Thumb Code     0  startup_stm32l496xx.o(.text)
    RTC_WKUP_IRQHandler                      0x08000287   Thumb Code     0  startup_stm32l496xx.o(.text)
    SAI1_IRQHandler                          0x08000287   Thumb Code     0  startup_stm32l496xx.o(.text)
    SAI2_IRQHandler                          0x08000287   Thumb Code     0  startup_stm32l496xx.o(.text)
    SDMMC1_IRQHandler                        0x08000287   Thumb Code     0  startup_stm32l496xx.o(.text)
    SPI1_IRQHandler                          0x08000287   Thumb Code     0  startup_stm32l496xx.o(.text)
    SPI2_IRQHandler                          0x08000287   Thumb Code     0  startup_stm32l496xx.o(.text)
    SPI3_IRQHandler                          0x08000287   Thumb Code     0  startup_stm32l496xx.o(.text)
    SWPMI1_IRQHandler                        0x08000287   Thumb Code     0  startup_stm32l496xx.o(.text)
    TAMP_STAMP_IRQHandler                    0x08000287   Thumb Code     0  startup_stm32l496xx.o(.text)
    TIM1_BRK_TIM15_IRQHandler                0x08000287   Thumb Code     0  startup_stm32l496xx.o(.text)
    TIM1_CC_IRQHandler                       0x08000287   Thumb Code     0  startup_stm32l496xx.o(.text)
    TIM1_TRG_COM_TIM17_IRQHandler            0x08000287   Thumb Code     0  startup_stm32l496xx.o(.text)
    TIM1_UP_TIM16_IRQHandler                 0x08000287   Thumb Code     0  startup_stm32l496xx.o(.text)
    TIM2_IRQHandler                          0x08000287   Thumb Code     0  startup_stm32l496xx.o(.text)
    TIM3_IRQHandler                          0x08000287   Thumb Code     0  startup_stm32l496xx.o(.text)
    TIM4_IRQHandler                          0x08000287   Thumb Code     0  startup_stm32l496xx.o(.text)
    TIM5_IRQHandler                          0x08000287   Thumb Code     0  startup_stm32l496xx.o(.text)
    TIM6_DAC_IRQHandler                      0x08000287   Thumb Code     0  startup_stm32l496xx.o(.text)
    TIM7_IRQHandler                          0x08000287   Thumb Code     0  startup_stm32l496xx.o(.text)
    TSC_IRQHandler                           0x08000287   Thumb Code     0  startup_stm32l496xx.o(.text)
    UART4_IRQHandler                         0x08000287   Thumb Code     0  startup_stm32l496xx.o(.text)
    UART5_IRQHandler                         0x08000287   Thumb Code     0  startup_stm32l496xx.o(.text)
    USART1_IRQHandler                        0x08000287   Thumb Code     0  startup_stm32l496xx.o(.text)
    WWDG_IRQHandler                          0x08000287   Thumb Code     0  startup_stm32l496xx.o(.text)
    __user_initial_stackheap                 0x08000289   Thumb Code     0  startup_stm32l496xx.o(.text)
    __aeabi_uldivmod                         0x080002ad   Thumb Code     0  lludivv7m.o(.text)
    _ll_udiv                                 0x080002ad   Thumb Code   238  lludivv7m.o(.text)
    __2printf                                0x0800039d   Thumb Code    20  noretval__2printf.o(.text)
    __2sprintf                               0x080003b5   Thumb Code    34  noretval__2sprintf.o(.text)
    _printf_int_dec                          0x080003dd   Thumb Code   104  _printf_dec.o(.text)
    __printf                                 0x08000455   Thumb Code   184  __printf_ss.o(.text)
    strlen                                   0x0800050d   Thumb Code    62  strlen.o(.text)
    __aeabi_memclr4                          0x0800054b   Thumb Code     0  rt_memclr_w.o(.text)
    __aeabi_memclr8                          0x0800054b   Thumb Code     0  rt_memclr_w.o(.text)
    __rt_memclr_w                            0x0800054b   Thumb Code    78  rt_memclr_w.o(.text)
    _memset_w                                0x0800054f   Thumb Code     0  rt_memclr_w.o(.text)
    __use_two_region_memory                  0x08000599   Thumb Code     2  heapauxi.o(.text)
    __rt_heap_escrow                         0x0800059b   Thumb Code     2  heapauxi.o(.text)
    __rt_heap_expand                         0x0800059d   Thumb Code     2  heapauxi.o(.text)
    _printf_int_common                       0x0800059f   Thumb Code   178  _printf_intcommon.o(.text)
    _printf_char_common                      0x0800065b   Thumb Code    32  _printf_char_common.o(.text)
    _sputc                                   0x08000681   Thumb Code    10  _sputc.o(.text)
    _printf_char_file                        0x0800068d   Thumb Code    32  _printf_char_file.o(.text)
    ferror                                   0x080006b1   Thumb Code     8  ferror.o(.text)
    _initio                                  0x080006b9   Thumb Code   210  initio.o(.text)
    _terminateio                             0x0800078b   Thumb Code    56  initio.o(.text)
    _sys_open                                0x080007f1   Thumb Code    20  sys_io.o(.text)
    _sys_close                               0x08000805   Thumb Code    12  sys_io.o(.text)
    _sys_write                               0x08000811   Thumb Code    16  sys_io.o(.text)
    _sys_read                                0x08000821   Thumb Code    14  sys_io.o(.text)
    _sys_istty                               0x0800082f   Thumb Code    12  sys_io.o(.text)
    _sys_seek                                0x0800083b   Thumb Code    14  sys_io.o(.text)
    _sys_ensure                              0x08000849   Thumb Code     2  sys_io.o(.text)
    _sys_flen                                0x0800084b   Thumb Code    12  sys_io.o(.text)
    __user_setup_stackheap                   0x08000857   Thumb Code    74  sys_stackheap_outer.o(.text)
    free                                     0x080008a1   Thumb Code    78  h1_free.o(.text)
    setvbuf                                  0x080008ef   Thumb Code    70  setvbuf.o(.text)
    freopen                                  0x08000935   Thumb Code   158  fopen.o(.text)
    fopen                                    0x080009d3   Thumb Code    74  fopen.o(.text)
    _fclose_internal                         0x08000a21   Thumb Code    76  fclose.o(.text)
    fclose                                   0x08000a21   Thumb Code     0  fclose.o(.text)
    exit                                     0x08000a6d   Thumb Code    18  exit.o(.text)
    __rt_SIGRTRED                            0x08000a7f   Thumb Code    14  defsig_rtred_outer.o(.text)
    __user_libspace                          0x08000a8d   Thumb Code     8  libspace.o(.text)
    __user_perproc_libspace                  0x08000a8d   Thumb Code     0  libspace.o(.text)
    __user_perthread_libspace                0x08000a8d   Thumb Code     0  libspace.o(.text)
    __I$use$semihosting                      0x08000a95   Thumb Code     0  use_no_semi.o(.text)
    __use_no_semihosting_swi                 0x08000a95   Thumb Code     2  use_no_semi.o(.text)
    __semihosting_library_function           0x08000a97   Thumb Code     0  indicate_semi.o(.text)
    __rt_heap_descriptor                     0x08000a99   Thumb Code     8  rt_heap_descriptor_intlibspace.o(.text)
    __use_no_heap                            0x08000aa1   Thumb Code     2  hguard.o(.text)
    __heap$guard                             0x08000aa3   Thumb Code     2  hguard.o(.text)
    _terminate_user_alloc                    0x08000aa5   Thumb Code     2  init_alloc.o(.text)
    _init_user_alloc                         0x08000aa7   Thumb Code     2  init_alloc.o(.text)
    __Heap_Full                              0x08000aa9   Thumb Code    34  init_alloc.o(.text)
    __Heap_Broken                            0x08000acb   Thumb Code     6  init_alloc.o(.text)
    _init_alloc                              0x08000ad1   Thumb Code    94  init_alloc.o(.text)
    malloc                                   0x08000b2f   Thumb Code    94  h1_alloc.o(.text)
    _fseek                                   0x08000b8d   Thumb Code   242  fseek.o(.text)
    fseek                                    0x08000b8d   Thumb Code     0  fseek.o(.text)
    _seterr                                  0x08000c85   Thumb Code    20  stdio.o(.text)
    _writebuf                                0x08000c99   Thumb Code    84  stdio.o(.text)
    _fflush                                  0x08000ced   Thumb Code    70  stdio.o(.text)
    _deferredlazyseek                        0x08000d33   Thumb Code    60  stdio.o(.text)
    __sig_exit                               0x08000d75   Thumb Code    10  defsig_exit.o(.text)
    __rt_SIGRTRED_inner                      0x08000d81   Thumb Code    14  defsig_rtred_inner.o(.text)
    _sys_exit                                0x08000db5   Thumb Code     8  sys_exit.o(.text)
    __Heap_Initialize                        0x08000dc1   Thumb Code    10  h1_init.o(.text)
    __Heap_DescSize                          0x08000dcb   Thumb Code     4  h1_init.o(.text)
    __Heap_ProvideMemory                     0x08000dcf   Thumb Code    52  h1_extend.o(.text)
    _ftell_internal                          0x08000e03   Thumb Code    66  ftell.o(.text)
    ftell                                    0x08000e03   Thumb Code     0  ftell.o(.text)
    __default_signal_display                 0x08000e45   Thumb Code    50  defsig_general.o(.text)
    __rt_SIGRTMEM                            0x08000e77   Thumb Code    14  defsig_rtmem_outer.o(.text)
    _ttywrch                                 0x08000e85   Thumb Code    14  sys_wrch.o(.text)
    __aeabi_errno_addr                       0x08000e95   Thumb Code     8  rt_errno_addr_intlibspace.o(.text)
    __errno$intlibspace                      0x08000e95   Thumb Code     0  rt_errno_addr_intlibspace.o(.text)
    __rt_errno_addr$intlibspace              0x08000e95   Thumb Code     0  rt_errno_addr_intlibspace.o(.text)
    __rt_SIGRTMEM_inner                      0x08000e9d   Thumb Code    22  defsig_rtmem_inner.o(.text)
    ADC_DMAConvCplt                          0x08000eed   Thumb Code   104  stm32l4xx_hal_adc.o(i.ADC_DMAConvCplt)
    ADC_DMAError                             0x08000f55   Thumb Code    26  stm32l4xx_hal_adc.o(i.ADC_DMAError)
    ADC_DMAHalfConvCplt                      0x08000f6f   Thumb Code    10  stm32l4xx_hal_adc.o(i.ADC_DMAHalfConvCplt)
    ADC_Disable                              0x08000f79   Thumb Code   106  stm32l4xx_hal_adc.o(i.ADC_Disable)
    ADC_Enable                               0x08000fe9   Thumb Code   154  stm32l4xx_hal_adc.o(i.ADC_Enable)
    BusFault_Handler                         0x08001095   Thumb Code     2  stm32l4xx_it.o(i.BusFault_Handler)
    DMA1_Channel1_IRQHandler                 0x08001099   Thumb Code     6  stm32l4xx_it.o(i.DMA1_Channel1_IRQHandler)
    DebugMon_Handler                         0x080010d3   Thumb Code     2  stm32l4xx_it.o(i.DebugMon_Handler)
    Error_Handler                            0x080010d5   Thumb Code     4  main.o(i.Error_Handler)
    HAL_ADCEx_Calibration_Start              0x080010d9   Thumb Code   140  stm32l4xx_hal_adc_ex.o(i.HAL_ADCEx_Calibration_Start)
    HAL_ADCEx_MultiModeConfigChannel         0x08001169   Thumb Code   234  stm32l4xx_hal_adc_ex.o(i.HAL_ADCEx_MultiModeConfigChannel)
    HAL_ADC_ConfigChannel                    0x08001265   Thumb Code   998  stm32l4xx_hal_adc.o(i.HAL_ADC_ConfigChannel)
    HAL_ADC_ConvCpltCallback                 0x08001683   Thumb Code     2  stm32l4xx_hal_adc.o(i.HAL_ADC_ConvCpltCallback)
    HAL_ADC_ConvHalfCpltCallback             0x08001685   Thumb Code     2  stm32l4xx_hal_adc.o(i.HAL_ADC_ConvHalfCpltCallback)
    HAL_ADC_ErrorCallback                    0x08001687   Thumb Code     2  stm32l4xx_hal_adc.o(i.HAL_ADC_ErrorCallback)
    HAL_ADC_Init                             0x08001689   Thumb Code   414  stm32l4xx_hal_adc.o(i.HAL_ADC_Init)
    HAL_ADC_MspInit                          0x08001851   Thumb Code   262  adc.o(i.HAL_ADC_MspInit)
    HAL_ADC_Start_DMA                        0x0800196d   Thumb Code   234  stm32l4xx_hal_adc.o(i.HAL_ADC_Start_DMA)
    HAL_DMA_Abort                            0x08001a79   Thumb Code    74  stm32l4xx_hal_dma.o(i.HAL_DMA_Abort)
    HAL_DMA_Abort_IT                         0x08001ac3   Thumb Code    78  stm32l4xx_hal_dma.o(i.HAL_DMA_Abort_IT)
    HAL_DMA_IRQHandler                       0x08001b11   Thumb Code   186  stm32l4xx_hal_dma.o(i.HAL_DMA_IRQHandler)
    HAL_DMA_Init                             0x08001bcd   Thumb Code   178  stm32l4xx_hal_dma.o(i.HAL_DMA_Init)
    HAL_DMA_Start_IT                         0x08001c8d   Thumb Code   112  stm32l4xx_hal_dma.o(i.HAL_DMA_Start_IT)
    HAL_Delay                                0x08001cfd   Thumb Code    32  stm32l4xx_hal.o(i.HAL_Delay)
    HAL_GPIO_Init                            0x08001d21   Thumb Code   552  stm32l4xx_hal_gpio.o(i.HAL_GPIO_Init)
    HAL_GPIO_ReadPin                         0x08001f77   Thumb Code    10  stm32l4xx_hal_gpio.o(i.HAL_GPIO_ReadPin)
    HAL_GPIO_WritePin                        0x08001f81   Thumb Code    10  stm32l4xx_hal_gpio.o(i.HAL_GPIO_WritePin)
    HAL_GetTick                              0x08001f8d   Thumb Code     6  stm32l4xx_hal.o(i.HAL_GetTick)
    HAL_IncTick                              0x08001f99   Thumb Code    12  stm32l4xx_hal.o(i.HAL_IncTick)
    HAL_Init                                 0x08001fa9   Thumb Code    30  stm32l4xx_hal.o(i.HAL_Init)
    HAL_InitTick                             0x08001fc9   Thumb Code    58  stm32l4xx_hal.o(i.HAL_InitTick)
    HAL_MspInit                              0x0800200d   Thumb Code    38  stm32l4xx_hal_msp.o(i.HAL_MspInit)
    HAL_NVIC_EnableIRQ                       0x08002039   Thumb Code    26  stm32l4xx_hal_cortex.o(i.HAL_NVIC_EnableIRQ)
    HAL_NVIC_SetPriority                     0x08002055   Thumb Code    60  stm32l4xx_hal_cortex.o(i.HAL_NVIC_SetPriority)
    HAL_NVIC_SetPriorityGrouping             0x08002095   Thumb Code    26  stm32l4xx_hal_cortex.o(i.HAL_NVIC_SetPriorityGrouping)
    HAL_PWREx_ControlVoltageScaling          0x080020b9   Thumb Code    90  stm32l4xx_hal_pwr_ex.o(i.HAL_PWREx_ControlVoltageScaling)
    HAL_PWREx_EnableVddIO2                   0x08002121   Thumb Code    12  stm32l4xx_hal_pwr_ex.o(i.HAL_PWREx_EnableVddIO2)
    HAL_PWREx_GetVoltageRange                0x08002131   Thumb Code    10  stm32l4xx_hal_pwr_ex.o(i.HAL_PWREx_GetVoltageRange)
    HAL_RCCEx_PeriphCLKConfig                0x08002141   Thumb Code   954  stm32l4xx_hal_rcc_ex.o(i.HAL_RCCEx_PeriphCLKConfig)
    HAL_RCC_ClockConfig                      0x0800250d   Thumb Code   304  stm32l4xx_hal_rcc.o(i.HAL_RCC_ClockConfig)
    HAL_RCC_GetPCLK1Freq                     0x08002651   Thumb Code    24  stm32l4xx_hal_rcc.o(i.HAL_RCC_GetPCLK1Freq)
    HAL_RCC_GetPCLK2Freq                     0x08002675   Thumb Code    24  stm32l4xx_hal_rcc.o(i.HAL_RCC_GetPCLK2Freq)
    HAL_RCC_GetSysClockFreq                  0x08002699   Thumb Code   150  stm32l4xx_hal_rcc.o(i.HAL_RCC_GetSysClockFreq)
    HAL_RCC_OscConfig                        0x0800273d   Thumb Code  1374  stm32l4xx_hal_rcc.o(i.HAL_RCC_OscConfig)
    HAL_SYSTICK_Config                       0x08002ca5   Thumb Code    40  stm32l4xx_hal_cortex.o(i.HAL_SYSTICK_Config)
    HAL_TIMEx_Break2Callback                 0x08002ccd   Thumb Code     2  stm32l4xx_hal_tim_ex.o(i.HAL_TIMEx_Break2Callback)
    HAL_TIMEx_BreakCallback                  0x08002ccf   Thumb Code     2  stm32l4xx_hal_tim_ex.o(i.HAL_TIMEx_BreakCallback)
    HAL_TIMEx_CommutCallback                 0x08002cd1   Thumb Code     2  stm32l4xx_hal_tim_ex.o(i.HAL_TIMEx_CommutCallback)
    HAL_TIMEx_MasterConfigSynchronization    0x08002cd5   Thumb Code   130  stm32l4xx_hal_tim_ex.o(i.HAL_TIMEx_MasterConfigSynchronization)
    HAL_TIM_Base_Init                        0x08002d71   Thumb Code    98  stm32l4xx_hal_tim.o(i.HAL_TIM_Base_Init)
    HAL_TIM_Base_MspInit                     0x08002dd5   Thumb Code    98  tim.o(i.HAL_TIM_Base_MspInit)
    HAL_TIM_Base_Start                       0x08002e41   Thumb Code    90  stm32l4xx_hal_tim.o(i.HAL_TIM_Base_Start)
    HAL_TIM_ConfigClockSource                0x08002eb9   Thumb Code   220  stm32l4xx_hal_tim.o(i.HAL_TIM_ConfigClockSource)
    HAL_TIM_IC_CaptureCallback               0x08002f99   Thumb Code     2  stm32l4xx_hal_tim.o(i.HAL_TIM_IC_CaptureCallback)
    HAL_TIM_IRQHandler                       0x08002f9b   Thumb Code   326  stm32l4xx_hal_tim.o(i.HAL_TIM_IRQHandler)
    HAL_TIM_OC_DelayElapsedCallback          0x080030e1   Thumb Code     2  stm32l4xx_hal_tim.o(i.HAL_TIM_OC_DelayElapsedCallback)
    HAL_TIM_PWM_PulseFinishedCallback        0x080030e3   Thumb Code     2  stm32l4xx_hal_tim.o(i.HAL_TIM_PWM_PulseFinishedCallback)
    HAL_TIM_PeriodElapsedCallback            0x080030e5   Thumb Code     2  stm32l4xx_hal_tim.o(i.HAL_TIM_PeriodElapsedCallback)
    HAL_TIM_TriggerCallback                  0x080030e7   Thumb Code     2  stm32l4xx_hal_tim.o(i.HAL_TIM_TriggerCallback)
    HAL_UARTEx_RxEventCallback               0x080030e9   Thumb Code     2  stm32l4xx_hal_uart.o(i.HAL_UARTEx_RxEventCallback)
    HAL_UARTEx_WakeupCallback                0x080030eb   Thumb Code     2  stm32l4xx_hal_uart_ex.o(i.HAL_UARTEx_WakeupCallback)
    HAL_UART_ErrorCallback                   0x080030ed   Thumb Code     2  stm32l4xx_hal_uart.o(i.HAL_UART_ErrorCallback)
    HAL_UART_IRQHandler                      0x080030f1   Thumb Code   688  stm32l4xx_hal_uart.o(i.HAL_UART_IRQHandler)
    HAL_UART_Init                            0x080033a9   Thumb Code   102  stm32l4xx_hal_uart.o(i.HAL_UART_Init)
    HAL_UART_MspInit                         0x08003411   Thumb Code   330  usart.o(i.HAL_UART_MspInit)
    HAL_UART_Receive_IT                      0x08003575   Thumb Code    66  stm32l4xx_hal_uart.o(i.HAL_UART_Receive_IT)
    HAL_UART_RxCpltCallback                  0x080035bd   Thumb Code    50  main.o(i.HAL_UART_RxCpltCallback)
    HAL_UART_Transmit                        0x080035fd   Thumb Code   164  stm32l4xx_hal_uart.o(i.HAL_UART_Transmit)
    HAL_UART_TxCpltCallback                  0x080036a1   Thumb Code     8  main.o(i.HAL_UART_TxCpltCallback)
    HardFault_Handler                        0x080036ad   Thumb Code     2  stm32l4xx_it.o(i.HardFault_Handler)
    LPUART1_IRQHandler                       0x08003711   Thumb Code     6  stm32l4xx_it.o(i.LPUART1_IRQHandler)
    MX_ADC1_Init                             0x0800371d   Thumb Code   202  adc.o(i.MX_ADC1_Init)
    MX_DMA_Init                              0x08003801   Thumb Code    40  dma.o(i.MX_DMA_Init)
    MX_GPIO_Init                             0x0800382d   Thumb Code   234  gpio.o(i.MX_GPIO_Init)
    MX_LPUART1_UART_Init                     0x08003929   Thumb Code    50  usart.o(i.MX_LPUART1_UART_Init)
    MX_TIM8_Init                             0x08003965   Thumb Code   104  tim.o(i.MX_TIM8_Init)
    MX_USART2_UART_Init                      0x080039d5   Thumb Code    52  usart.o(i.MX_USART2_UART_Init)
    MX_USART3_UART_Init                      0x08003a11   Thumb Code    52  usart.o(i.MX_USART3_UART_Init)
    MemManage_Handler                        0x08003a4d   Thumb Code     2  stm32l4xx_it.o(i.MemManage_Handler)
    NMI_Handler                              0x08003a4f   Thumb Code     2  stm32l4xx_it.o(i.NMI_Handler)
    PendSV_Handler                           0x08003a51   Thumb Code     2  stm32l4xx_it.o(i.PendSV_Handler)
    SPI_DAC_AccInit_Val                      0x08003d05   Thumb Code    50  main.o(i.SPI_DAC_AccInit_Val)
    SPI_DAC_Init                             0x08003d49   Thumb Code    50  main.o(i.SPI_DAC_Init)
    SPI_DAC_InitDAC                          0x08003d81   Thumb Code    14  main.o(i.SPI_DAC_InitDAC)
    SPI_DAC_command_send                     0x08003d91   Thumb Code   256  main.o(i.SPI_DAC_command_send)
    SPI_DAC_data_send                        0x08003e95   Thumb Code   262  main.o(i.SPI_DAC_data_send)
    SPI_DAC_reg_init                         0x08003fa1   Thumb Code    70  main.o(i.SPI_DAC_reg_init)
    SVC_Handler                              0x08003fe7   Thumb Code     2  stm32l4xx_it.o(i.SVC_Handler)
    SysTick_Handler                          0x08003fe9   Thumb Code     4  stm32l4xx_it.o(i.SysTick_Handler)
    SystemClock_Config                       0x08003fed   Thumb Code   124  main.o(i.SystemClock_Config)
    SystemInit                               0x08004069   Thumb Code    12  system_stm32l4xx.o(i.SystemInit)
    TIM8_BRK_IRQHandler                      0x08004079   Thumb Code     6  stm32l4xx_it.o(i.TIM8_BRK_IRQHandler)
    TIM8_CC_IRQHandler                       0x08004085   Thumb Code     6  stm32l4xx_it.o(i.TIM8_CC_IRQHandler)
    TIM8_TRG_COM_IRQHandler                  0x08004091   Thumb Code     6  stm32l4xx_it.o(i.TIM8_TRG_COM_IRQHandler)
    TIM8_UP_IRQHandler                       0x0800409d   Thumb Code     6  stm32l4xx_it.o(i.TIM8_UP_IRQHandler)
    TIM_Base_SetConfig                       0x080040a9   Thumb Code   160  stm32l4xx_hal_tim.o(i.TIM_Base_SetConfig)
    TIM_ETR_SetConfig                        0x08004169   Thumb Code    20  stm32l4xx_hal_tim.o(i.TIM_ETR_SetConfig)
    UART_AdvFeatureConfig                    0x080041d3   Thumb Code   200  stm32l4xx_hal_uart.o(i.UART_AdvFeatureConfig)
    UART_CheckIdleState                      0x0800429b   Thumb Code   168  stm32l4xx_hal_uart.o(i.UART_CheckIdleState)
    UART_SetConfig                           0x08004535   Thumb Code   542  stm32l4xx_hal_uart.o(i.UART_SetConfig)
    UART_Start_Receive_IT                    0x0800477d   Thumb Code   174  stm32l4xx_hal_uart.o(i.UART_Start_Receive_IT)
    UART_WaitOnFlagUntilTimeout              0x08004835   Thumb Code   140  stm32l4xx_hal_uart.o(i.UART_WaitOnFlagUntilTimeout)
    USART2_IRQHandler                        0x080048c1   Thumb Code     6  stm32l4xx_it.o(i.USART2_IRQHandler)
    USART3_IRQHandler                        0x080048cd   Thumb Code     6  stm32l4xx_it.o(i.USART3_IRQHandler)
    UsageFault_Handler                       0x080048d9   Thumb Code     2  stm32l4xx_it.o(i.UsageFault_Handler)
    fputc                                    0x080048fd   Thumb Code    20  usart.o(i.fputc)
    main                                     0x08004915   Thumb Code   656  main.o(i.main)
    __fpl_dcmp_Inf                           0x08004be1   Thumb Code    24  dcmpi.o(x$fpl$dcmpinf)
    __aeabi_cdcmple                          0x08004bf9   Thumb Code     0  dleqf.o(x$fpl$dleqf)
    _dcmple                                  0x08004bf9   Thumb Code   120  dleqf.o(x$fpl$dleqf)
    __fpl_dcmple_InfNaN                      0x08004c5b   Thumb Code     0  dleqf.o(x$fpl$dleqf)
    __fpl_dnaninf                            0x08004c71   Thumb Code   156  dnaninf.o(x$fpl$dnaninf)
    __aeabi_cdrcmple                         0x08004d0d   Thumb Code     0  drleqf.o(x$fpl$drleqf)
    _drcmple                                 0x08004d0d   Thumb Code   108  drleqf.o(x$fpl$drleqf)
    _fp_init                                 0x08004d79   Thumb Code    10  fpinit.o(x$fpl$fpinit)
    __fplib_config_fpu_vfp                   0x08004d81   Thumb Code     0  fpinit.o(x$fpl$fpinit)
    __fplib_config_pureend_doubles           0x08004d81   Thumb Code     0  fpinit.o(x$fpl$fpinit)
    __I$use$fp                               0x08004d82   Number         0  usenofp.o(x$fpl$usenofp)
    AHBPrescTable                            0x08004d84   Data          16  system_stm32l4xx.o(.constdata)
    MSIRangeTable                            0x08004d94   Data          48  system_stm32l4xx.o(.constdata)
    APBPrescTable                            0x08004dc4   Data           8  system_stm32l4xx.o(.constdata)
    __stdin_name                             0x08004dcc   Data           4  sys_io.o(.constdata)
    __stdout_name                            0x08004dd0   Data           4  sys_io.o(.constdata)
    __stderr_name                            0x08004dd4   Data           4  sys_io.o(.constdata)
    Region$$Table$$Base                      0x08004df0   Number         0  anon$$obj.o(Region$$Table)
    Region$$Table$$Limit                     0x08004e10   Number         0  anon$$obj.o(Region$$Table)
    UartReady                                0x20000000   Data           1  main.o(.data)
    tmp1                                     0x20000001   Data           1  main.o(.data)
    tmp2                                     0x20000002   Data           1  main.o(.data)
    tmp3                                     0x20000003   Data           1  main.o(.data)
    tmp4                                     0x20000004   Data           1  main.o(.data)
    tmp5                                     0x20000005   Data           1  main.o(.data)
    tmp6                                     0x20000006   Data           1  main.o(.data)
    status_machine                           0x20000007   Data           1  main.o(.data)
    hmi_tx2_status                           0x20000008   Data           1  main.o(.data)
    tmp0                                     0x2000000a   Data           2  main.o(.data)
    tmp7                                     0x2000000c   Data           2  main.o(.data)
    end                                      0x2000000e   Data           3  main.o(.data)
    g                                        0x20000014   Data           4  main.o(.data)
    h                                        0x20000018   Data           4  main.o(.data)
    data                                     0x2000001c   Data           4  main.o(.data)
    rxcnt                                    0x20000020   Data           4  main.o(.data)
    uwTickFreq                               0x20000024   Data           1  stm32l4xx_hal.o(.data)
    uwTickPrio                               0x20000028   Data           4  stm32l4xx_hal.o(.data)
    uwTick                                   0x2000002c   Data           4  stm32l4xx_hal.o(.data)
    SystemCoreClock                          0x20000030   Data           4  system_stm32l4xx.o(.data)
    __aeabi_stdin                            0x20000034   Data           4  stdio_streams.o(.data)
    __aeabi_stdout                           0x20000038   Data           4  stdio_streams.o(.data)
    __aeabi_stderr                           0x2000003c   Data           4  stdio_streams.o(.data)
    aRxBuffer                                0x20000040   Data          20  main.o(.bss)
    adc_buff                                 0x20000054   Data         384  main.o(.bss)
    adc_output                               0x200001d4   Data          12  main.o(.bss)
    wave_cmd                                 0x200001e0   Data          24  main.o(.bss)
    rx1byte                                  0x200001f8   Data          32  main.o(.bss)
    hadc1                                    0x20000218   Data         104  adc.o(.bss)
    hdma_adc1                                0x20000280   Data          72  adc.o(.bss)
    hlpuart1                                 0x200002c8   Data         136  usart.o(.bss)
    huart2                                   0x20000350   Data         136  usart.o(.bss)
    huart3                                   0x200003d8   Data         136  usart.o(.bss)
    htim8                                    0x20000460   Data          76  tim.o(.bss)
    __stdin                                  0x200004ac   Data          84  stdio_streams.o(.bss)
    __stdout                                 0x20000500   Data          84  stdio_streams.o(.bss)
    __stderr                                 0x20000554   Data          84  stdio_streams.o(.bss)
    __libspace_start                         0x200005a8   Data          96  libspace.o(.bss)
    __temporary_stack_top$libspace           0x20000608   Data           0  libspace.o(.bss)



==============================================================================

Memory Map of the image

  Image Entry point : 0x080001ad

  Load Region LR_IROM1 (Base: 0x08000000, Size: 0x00004e50, Max: 0x00100000, ABSOLUTE)

    Execution Region ER_IROM1 (Exec base: 0x08000000, Load base: 0x08000000, Size: 0x00004e10, Max: 0x00100000, ABSOLUTE)

    Exec Addr    Load Addr    Size         Type   Attr      Idx    E Section Name        Object

    0x08000000   0x08000000   0x000001ac   Data   RO            3    RESET               startup_stm32l496xx.o
    0x080001ac   0x080001ac   0x00000008   Code   RO         4216  * !!!main             c_w.l(__main.o)
    0x080001b4   0x080001b4   0x00000034   Code   RO         4576    !!!scatter          c_w.l(__scatter.o)
    0x080001e8   0x080001e8   0x0000001a   Code   RO         4578    !!handler_copy      c_w.l(__scatter_copy.o)
    0x08000202   0x08000202   0x00000002   PAD
    0x08000204   0x08000204   0x0000001c   Code   RO         4580    !!handler_zi        c_w.l(__scatter_zi.o)
    0x08000220   0x08000220   0x00000000   Code   RO         4209    .ARM.Collect$$_printf_percent$$00000000  c_w.l(_printf_percent.o)
    0x08000220   0x08000220   0x00000006   Code   RO         4207    .ARM.Collect$$_printf_percent$$00000009  c_w.l(_printf_d.o)
    0x08000226   0x08000226   0x00000006   Code   RO         4208    .ARM.Collect$$_printf_percent$$0000000A  c_w.l(_printf_u.o)
    0x0800022c   0x0800022c   0x00000004   Code   RO         4249    .ARM.Collect$$_printf_percent$$00000017  c_w.l(_printf_percent_end.o)
    0x08000230   0x08000230   0x00000002   Code   RO         4383    .ARM.Collect$$libinit$$00000000  c_w.l(libinit.o)
    0x08000232   0x08000232   0x00000004   Code   RO         4384    .ARM.Collect$$libinit$$00000001  c_w.l(libinit2.o)
    0x08000236   0x08000236   0x00000000   Code   RO         4387    .ARM.Collect$$libinit$$00000004  c_w.l(libinit2.o)
    0x08000236   0x08000236   0x00000008   Code   RO         4388    .ARM.Collect$$libinit$$00000005  c_w.l(libinit2.o)
    0x0800023e   0x0800023e   0x00000000   Code   RO         4390    .ARM.Collect$$libinit$$0000000A  c_w.l(libinit2.o)
    0x0800023e   0x0800023e   0x00000000   Code   RO         4392    .ARM.Collect$$libinit$$0000000C  c_w.l(libinit2.o)
    0x0800023e   0x0800023e   0x00000000   Code   RO         4394    .ARM.Collect$$libinit$$0000000E  c_w.l(libinit2.o)
    0x0800023e   0x0800023e   0x00000000   Code   RO         4397    .ARM.Collect$$libinit$$00000011  c_w.l(libinit2.o)
    0x0800023e   0x0800023e   0x00000000   Code   RO         4399    .ARM.Collect$$libinit$$00000013  c_w.l(libinit2.o)
    0x0800023e   0x0800023e   0x00000000   Code   RO         4401    .ARM.Collect$$libinit$$00000015  c_w.l(libinit2.o)
    0x0800023e   0x0800023e   0x00000000   Code   RO         4403    .ARM.Collect$$libinit$$00000017  c_w.l(libinit2.o)
    0x0800023e   0x0800023e   0x00000000   Code   RO         4405    .ARM.Collect$$libinit$$00000019  c_w.l(libinit2.o)
    0x0800023e   0x0800023e   0x00000000   Code   RO         4407    .ARM.Collect$$libinit$$0000001B  c_w.l(libinit2.o)
    0x0800023e   0x0800023e   0x00000000   Code   RO         4409    .ARM.Collect$$libinit$$0000001D  c_w.l(libinit2.o)
    0x0800023e   0x0800023e   0x00000000   Code   RO         4411    .ARM.Collect$$libinit$$0000001F  c_w.l(libinit2.o)
    0x0800023e   0x0800023e   0x00000000   Code   RO         4413    .ARM.Collect$$libinit$$00000021  c_w.l(libinit2.o)
    0x0800023e   0x0800023e   0x00000000   Code   RO         4415    .ARM.Collect$$libinit$$00000023  c_w.l(libinit2.o)
    0x0800023e   0x0800023e   0x00000004   Code   RO         4416    .ARM.Collect$$libinit$$00000024  c_w.l(libinit2.o)
    0x08000242   0x08000242   0x00000000   Code   RO         4417    .ARM.Collect$$libinit$$00000025  c_w.l(libinit2.o)
    0x08000242   0x08000242   0x00000000   Code   RO         4421    .ARM.Collect$$libinit$$0000002C  c_w.l(libinit2.o)
    0x08000242   0x08000242   0x00000000   Code   RO         4423    .ARM.Collect$$libinit$$0000002E  c_w.l(libinit2.o)
    0x08000242   0x08000242   0x00000000   Code   RO         4425    .ARM.Collect$$libinit$$00000030  c_w.l(libinit2.o)
    0x08000242   0x08000242   0x00000000   Code   RO         4427    .ARM.Collect$$libinit$$00000032  c_w.l(libinit2.o)
    0x08000242   0x08000242   0x00000002   Code   RO         4428    .ARM.Collect$$libinit$$00000033  c_w.l(libinit2.o)
    0x08000244   0x08000244   0x00000002   Code   RO         4557    .ARM.Collect$$libshutdown$$00000000  c_w.l(libshutdown.o)
    0x08000246   0x08000246   0x00000000   Code   RO         4430    .ARM.Collect$$libshutdown$$00000002  c_w.l(libshutdown2.o)
    0x08000246   0x08000246   0x00000000   Code   RO         4432    .ARM.Collect$$libshutdown$$00000004  c_w.l(libshutdown2.o)
    0x08000246   0x08000246   0x00000004   Code   RO         4433    .ARM.Collect$$libshutdown$$00000005  c_w.l(libshutdown2.o)
    0x0800024a   0x0800024a   0x00000000   Code   RO         4434    .ARM.Collect$$libshutdown$$00000006  c_w.l(libshutdown2.o)
    0x0800024a   0x0800024a   0x00000000   Code   RO         4437    .ARM.Collect$$libshutdown$$00000009  c_w.l(libshutdown2.o)
    0x0800024a   0x0800024a   0x00000000   Code   RO         4440    .ARM.Collect$$libshutdown$$0000000C  c_w.l(libshutdown2.o)
    0x0800024a   0x0800024a   0x00000000   Code   RO         4442    .ARM.Collect$$libshutdown$$0000000E  c_w.l(libshutdown2.o)
    0x0800024a   0x0800024a   0x00000000   Code   RO         4445    .ARM.Collect$$libshutdown$$00000011  c_w.l(libshutdown2.o)
    0x0800024a   0x0800024a   0x00000002   Code   RO         4446    .ARM.Collect$$libshutdown$$00000012  c_w.l(libshutdown2.o)
    0x0800024c   0x0800024c   0x00000000   Code   RO         4236    .ARM.Collect$$rtentry$$00000000  c_w.l(__rtentry.o)
    0x0800024c   0x0800024c   0x00000000   Code   RO         4264    .ARM.Collect$$rtentry$$00000002  c_w.l(__rtentry2.o)
    0x0800024c   0x0800024c   0x00000006   Code   RO         4276    .ARM.Collect$$rtentry$$00000004  c_w.l(__rtentry4.o)
    0x08000252   0x08000252   0x00000000   Code   RO         4266    .ARM.Collect$$rtentry$$00000009  c_w.l(__rtentry2.o)
    0x08000252   0x08000252   0x00000004   Code   RO         4267    .ARM.Collect$$rtentry$$0000000A  c_w.l(__rtentry2.o)
    0x08000256   0x08000256   0x00000000   Code   RO         4269    .ARM.Collect$$rtentry$$0000000C  c_w.l(__rtentry2.o)
    0x08000256   0x08000256   0x00000008   Code   RO         4270    .ARM.Collect$$rtentry$$0000000D  c_w.l(__rtentry2.o)
    0x0800025e   0x0800025e   0x00000002   Code   RO         4453    .ARM.Collect$$rtexit$$00000000  c_w.l(rtexit.o)
    0x08000260   0x08000260   0x00000000   Code   RO         4503    .ARM.Collect$$rtexit$$00000002  c_w.l(rtexit2.o)
    0x08000260   0x08000260   0x00000004   Code   RO         4504    .ARM.Collect$$rtexit$$00000003  c_w.l(rtexit2.o)
    0x08000264   0x08000264   0x00000006   Code   RO         4505    .ARM.Collect$$rtexit$$00000004  c_w.l(rtexit2.o)
    0x0800026a   0x0800026a   0x00000002   PAD
    0x0800026c   0x0800026c   0x00000000   Code   RO         4509    .emb_text           c_w.l(maybetermalloc1.o)
    0x0800026c   0x0800026c   0x00000040   Code   RO            4    .text               startup_stm32l496xx.o
    0x080002ac   0x080002ac   0x000000ee   Code   RO         4173    .text               c_w.l(lludivv7m.o)
    0x0800039a   0x0800039a   0x00000002   PAD
    0x0800039c   0x0800039c   0x00000018   Code   RO         4179    .text               c_w.l(noretval__2printf.o)
    0x080003b4   0x080003b4   0x00000028   Code   RO         4181    .text               c_w.l(noretval__2sprintf.o)
    0x080003dc   0x080003dc   0x00000078   Code   RO         4185    .text               c_w.l(_printf_dec.o)
    0x08000454   0x08000454   0x000000b8   Code   RO         4190    .text               c_w.l(__printf_ss.o)
    0x0800050c   0x0800050c   0x0000003e   Code   RO         4210    .text               c_w.l(strlen.o)
    0x0800054a   0x0800054a   0x0000004e   Code   RO         4212    .text               c_w.l(rt_memclr_w.o)
    0x08000598   0x08000598   0x00000006   Code   RO         4214    .text               c_w.l(heapauxi.o)
    0x0800059e   0x0800059e   0x000000b2   Code   RO         4241    .text               c_w.l(_printf_intcommon.o)
    0x08000650   0x08000650   0x00000030   Code   RO         4243    .text               c_w.l(_printf_char_common.o)
    0x08000680   0x08000680   0x0000000a   Code   RO         4245    .text               c_w.l(_sputc.o)
    0x0800068a   0x0800068a   0x00000002   PAD
    0x0800068c   0x0800068c   0x00000024   Code   RO         4247    .text               c_w.l(_printf_char_file.o)
    0x080006b0   0x080006b0   0x00000008   Code   RO         4282    .text               c_w.l(ferror.o)
    0x080006b8   0x080006b8   0x00000138   Code   RO         4284    .text               c_w.l(initio.o)
    0x080007f0   0x080007f0   0x00000066   Code   RO         4292    .text               c_w.l(sys_io.o)
    0x08000856   0x08000856   0x0000004a   Code   RO         4299    .text               c_w.l(sys_stackheap_outer.o)
    0x080008a0   0x080008a0   0x0000004e   Code   RO         4303    .text               c_w.l(h1_free.o)
    0x080008ee   0x080008ee   0x00000046   Code   RO         4357    .text               c_w.l(setvbuf.o)
    0x08000934   0x08000934   0x000000ec   Code   RO         4360    .text               c_w.l(fopen.o)
    0x08000a20   0x08000a20   0x0000004c   Code   RO         4362    .text               c_w.l(fclose.o)
    0x08000a6c   0x08000a6c   0x00000012   Code   RO         4368    .text               c_w.l(exit.o)
    0x08000a7e   0x08000a7e   0x0000000e   Code   RO         4374    .text               c_w.l(defsig_rtred_outer.o)
    0x08000a8c   0x08000a8c   0x00000008   Code   RO         4447    .text               c_w.l(libspace.o)
    0x08000a94   0x08000a94   0x00000002   Code   RO         4450    .text               c_w.l(use_no_semi.o)
    0x08000a96   0x08000a96   0x00000000   Code   RO         4452    .text               c_w.l(indicate_semi.o)
    0x08000a96   0x08000a96   0x00000002   PAD
    0x08000a98   0x08000a98   0x00000008   Code   RO         4460    .text               c_w.l(rt_heap_descriptor_intlibspace.o)
    0x08000aa0   0x08000aa0   0x00000004   Code   RO         4462    .text               c_w.l(hguard.o)
    0x08000aa4   0x08000aa4   0x0000008a   Code   RO         4464    .text               c_w.l(init_alloc.o)
    0x08000b2e   0x08000b2e   0x0000005e   Code   RO         4470    .text               c_w.l(h1_alloc.o)
    0x08000b8c   0x08000b8c   0x000000f8   Code   RO         4484    .text               c_w.l(fseek.o)
    0x08000c84   0x08000c84   0x000000f0   Code   RO         4486    .text               c_w.l(stdio.o)
    0x08000d74   0x08000d74   0x0000000a   Code   RO         4488    .text               c_w.l(defsig_exit.o)
    0x08000d7e   0x08000d7e   0x00000002   PAD
    0x08000d80   0x08000d80   0x00000034   Code   RO         4492    .text               c_w.l(defsig_rtred_inner.o)
    0x08000db4   0x08000db4   0x0000000c   Code   RO         4500    .text               c_w.l(sys_exit.o)
    0x08000dc0   0x08000dc0   0x0000000e   Code   RO         4511    .text               c_w.l(h1_init.o)
    0x08000dce   0x08000dce   0x00000034   Code   RO         4513    .text               c_w.l(h1_extend.o)
    0x08000e02   0x08000e02   0x00000042   Code   RO         4519    .text               c_w.l(ftell.o)
    0x08000e44   0x08000e44   0x00000032   Code   RO         4523    .text               c_w.l(defsig_general.o)
    0x08000e76   0x08000e76   0x0000000e   Code   RO         4525    .text               c_w.l(defsig_rtmem_outer.o)
    0x08000e84   0x08000e84   0x0000000e   Code   RO         4538    .text               c_w.l(sys_wrch.o)
    0x08000e92   0x08000e92   0x00000002   PAD
    0x08000e94   0x08000e94   0x00000008   Code   RO         4545    .text               c_w.l(rt_errno_addr_intlibspace.o)
    0x08000e9c   0x08000e9c   0x00000050   Code   RO         4551    .text               c_w.l(defsig_rtmem_inner.o)
    0x08000eec   0x08000eec   0x00000068   Code   RO          711    i.ADC_DMAConvCplt   stm32l4xx_hal_adc.o
    0x08000f54   0x08000f54   0x0000001a   Code   RO          712    i.ADC_DMAError      stm32l4xx_hal_adc.o
    0x08000f6e   0x08000f6e   0x0000000a   Code   RO          713    i.ADC_DMAHalfConvCplt  stm32l4xx_hal_adc.o
    0x08000f78   0x08000f78   0x00000070   Code   RO          714    i.ADC_Disable       stm32l4xx_hal_adc.o
    0x08000fe8   0x08000fe8   0x000000ac   Code   RO          715    i.ADC_Enable        stm32l4xx_hal_adc.o
    0x08001094   0x08001094   0x00000002   Code   RO          562    i.BusFault_Handler  stm32l4xx_it.o
    0x08001096   0x08001096   0x00000002   PAD
    0x08001098   0x08001098   0x0000000c   Code   RO          563    i.DMA1_Channel1_IRQHandler  stm32l4xx_it.o
    0x080010a4   0x080010a4   0x0000002e   Code   RO         1967    i.DMA_SetConfig     stm32l4xx_hal_dma.o
    0x080010d2   0x080010d2   0x00000002   Code   RO          564    i.DebugMon_Handler  stm32l4xx_it.o
    0x080010d4   0x080010d4   0x00000004   Code   RO           13    i.Error_Handler     main.o
    0x080010d8   0x080010d8   0x00000090   Code   RO          941    i.HAL_ADCEx_Calibration_Start  stm32l4xx_hal_adc_ex.o
    0x08001168   0x08001168   0x000000fc   Code   RO          958    i.HAL_ADCEx_MultiModeConfigChannel  stm32l4xx_hal_adc_ex.o
    0x08001264   0x08001264   0x0000041e   Code   RO          717    i.HAL_ADC_ConfigChannel  stm32l4xx_hal_adc.o
    0x08001682   0x08001682   0x00000002   Code   RO          718    i.HAL_ADC_ConvCpltCallback  stm32l4xx_hal_adc.o
    0x08001684   0x08001684   0x00000002   Code   RO          719    i.HAL_ADC_ConvHalfCpltCallback  stm32l4xx_hal_adc.o
    0x08001686   0x08001686   0x00000002   Code   RO          721    i.HAL_ADC_ErrorCallback  stm32l4xx_hal_adc.o
    0x08001688   0x08001688   0x000001c8   Code   RO          726    i.HAL_ADC_Init      stm32l4xx_hal_adc.o
    0x08001850   0x08001850   0x0000011c   Code   RO          392    i.HAL_ADC_MspInit   adc.o
    0x0800196c   0x0800196c   0x0000010c   Code   RO          733    i.HAL_ADC_Start_DMA  stm32l4xx_hal_adc.o
    0x08001a78   0x08001a78   0x0000004a   Code   RO         1968    i.HAL_DMA_Abort     stm32l4xx_hal_dma.o
    0x08001ac2   0x08001ac2   0x0000004e   Code   RO         1969    i.HAL_DMA_Abort_IT  stm32l4xx_hal_dma.o
    0x08001b10   0x08001b10   0x000000ba   Code   RO         1973    i.HAL_DMA_IRQHandler  stm32l4xx_hal_dma.o
    0x08001bca   0x08001bca   0x00000002   PAD
    0x08001bcc   0x08001bcc   0x000000c0   Code   RO         1974    i.HAL_DMA_Init      stm32l4xx_hal_dma.o
    0x08001c8c   0x08001c8c   0x00000070   Code   RO         1978    i.HAL_DMA_Start_IT  stm32l4xx_hal_dma.o
    0x08001cfc   0x08001cfc   0x00000024   Code   RO         1154    i.HAL_Delay         stm32l4xx_hal.o
    0x08001d20   0x08001d20   0x00000256   Code   RO         1904    i.HAL_GPIO_Init     stm32l4xx_hal_gpio.o
    0x08001f76   0x08001f76   0x0000000a   Code   RO         1906    i.HAL_GPIO_ReadPin  stm32l4xx_hal_gpio.o
    0x08001f80   0x08001f80   0x0000000a   Code   RO         1908    i.HAL_GPIO_WritePin  stm32l4xx_hal_gpio.o
    0x08001f8a   0x08001f8a   0x00000002   PAD
    0x08001f8c   0x08001f8c   0x0000000c   Code   RO         1158    i.HAL_GetTick       stm32l4xx_hal.o
    0x08001f98   0x08001f98   0x00000010   Code   RO         1164    i.HAL_IncTick       stm32l4xx_hal.o
    0x08001fa8   0x08001fa8   0x0000001e   Code   RO         1165    i.HAL_Init          stm32l4xx_hal.o
    0x08001fc6   0x08001fc6   0x00000002   PAD
    0x08001fc8   0x08001fc8   0x00000044   Code   RO         1166    i.HAL_InitTick      stm32l4xx_hal.o
    0x0800200c   0x0800200c   0x0000002c   Code   RO          686    i.HAL_MspInit       stm32l4xx_hal_msp.o
    0x08002038   0x08002038   0x0000001a   Code   RO         2451    i.HAL_NVIC_EnableIRQ  stm32l4xx_hal_cortex.o
    0x08002052   0x08002052   0x00000002   PAD
    0x08002054   0x08002054   0x00000040   Code   RO         2457    i.HAL_NVIC_SetPriority  stm32l4xx_hal_cortex.o
    0x08002094   0x08002094   0x00000024   Code   RO         2458    i.HAL_NVIC_SetPriorityGrouping  stm32l4xx_hal_cortex.o
    0x080020b8   0x080020b8   0x00000068   Code   RO         2195    i.HAL_PWREx_ControlVoltageScaling  stm32l4xx_hal_pwr_ex.o
    0x08002120   0x08002120   0x00000010   Code   RO         2220    i.HAL_PWREx_EnableVddIO2  stm32l4xx_hal_pwr_ex.o
    0x08002130   0x08002130   0x00000010   Code   RO         2226    i.HAL_PWREx_GetVoltageRange  stm32l4xx_hal_pwr_ex.o
    0x08002140   0x08002140   0x000003ca   Code   RO         1512    i.HAL_RCCEx_PeriphCLKConfig  stm32l4xx_hal_rcc_ex.o
    0x0800250a   0x0800250a   0x00000002   PAD
    0x0800250c   0x0800250c   0x00000144   Code   RO         1382    i.HAL_RCC_ClockConfig  stm32l4xx_hal_rcc.o
    0x08002650   0x08002650   0x00000024   Code   RO         1388    i.HAL_RCC_GetPCLK1Freq  stm32l4xx_hal_rcc.o
    0x08002674   0x08002674   0x00000024   Code   RO         1389    i.HAL_RCC_GetPCLK2Freq  stm32l4xx_hal_rcc.o
    0x08002698   0x08002698   0x000000a4   Code   RO         1391    i.HAL_RCC_GetSysClockFreq  stm32l4xx_hal_rcc.o
    0x0800273c   0x0800273c   0x00000568   Code   RO         1394    i.HAL_RCC_OscConfig  stm32l4xx_hal_rcc.o
    0x08002ca4   0x08002ca4   0x00000028   Code   RO         2462    i.HAL_SYSTICK_Config  stm32l4xx_hal_cortex.o
    0x08002ccc   0x08002ccc   0x00000002   Code   RO         3851    i.HAL_TIMEx_Break2Callback  stm32l4xx_hal_tim_ex.o
    0x08002cce   0x08002cce   0x00000002   Code   RO         3852    i.HAL_TIMEx_BreakCallback  stm32l4xx_hal_tim_ex.o
    0x08002cd0   0x08002cd0   0x00000002   Code   RO         3853    i.HAL_TIMEx_CommutCallback  stm32l4xx_hal_tim_ex.o
    0x08002cd2   0x08002cd2   0x00000002   PAD
    0x08002cd4   0x08002cd4   0x0000009c   Code   RO         3873    i.HAL_TIMEx_MasterConfigSynchronization  stm32l4xx_hal_tim_ex.o
    0x08002d70   0x08002d70   0x00000062   Code   RO         3137    i.HAL_TIM_Base_Init  stm32l4xx_hal_tim.o
    0x08002dd2   0x08002dd2   0x00000002   PAD
    0x08002dd4   0x08002dd4   0x0000006c   Code   RO          521    i.HAL_TIM_Base_MspInit  tim.o
    0x08002e40   0x08002e40   0x00000078   Code   RO         3140    i.HAL_TIM_Base_Start  stm32l4xx_hal_tim.o
    0x08002eb8   0x08002eb8   0x000000e0   Code   RO         3146    i.HAL_TIM_ConfigClockSource  stm32l4xx_hal_tim.o
    0x08002f98   0x08002f98   0x00000002   Code   RO         3171    i.HAL_TIM_IC_CaptureCallback  stm32l4xx_hal_tim.o
    0x08002f9a   0x08002f9a   0x00000146   Code   RO         3185    i.HAL_TIM_IRQHandler  stm32l4xx_hal_tim.o
    0x080030e0   0x080030e0   0x00000002   Code   RO         3188    i.HAL_TIM_OC_DelayElapsedCallback  stm32l4xx_hal_tim.o
    0x080030e2   0x080030e2   0x00000002   Code   RO         3215    i.HAL_TIM_PWM_PulseFinishedCallback  stm32l4xx_hal_tim.o
    0x080030e4   0x080030e4   0x00000002   Code   RO         3223    i.HAL_TIM_PeriodElapsedCallback  stm32l4xx_hal_tim.o
    0x080030e6   0x080030e6   0x00000002   Code   RO         3228    i.HAL_TIM_TriggerCallback  stm32l4xx_hal_tim.o
    0x080030e8   0x080030e8   0x00000002   Code   RO         2662    i.HAL_UARTEx_RxEventCallback  stm32l4xx_hal_uart.o
    0x080030ea   0x080030ea   0x00000002   Code   RO         3056    i.HAL_UARTEx_WakeupCallback  stm32l4xx_hal_uart_ex.o
    0x080030ec   0x080030ec   0x00000002   Code   RO         2678    i.HAL_UART_ErrorCallback  stm32l4xx_hal_uart.o
    0x080030ee   0x080030ee   0x00000002   PAD
    0x080030f0   0x080030f0   0x000002b8   Code   RO         2681    i.HAL_UART_IRQHandler  stm32l4xx_hal_uart.o
    0x080033a8   0x080033a8   0x00000066   Code   RO         2682    i.HAL_UART_Init     stm32l4xx_hal_uart.o
    0x0800340e   0x0800340e   0x00000002   PAD
    0x08003410   0x08003410   0x00000164   Code   RO          461    i.HAL_UART_MspInit  usart.o
    0x08003574   0x08003574   0x00000048   Code   RO         2687    i.HAL_UART_Receive_IT  stm32l4xx_hal_uart.o
    0x080035bc   0x080035bc   0x00000040   Code   RO           14    i.HAL_UART_RxCpltCallback  main.o
    0x080035fc   0x080035fc   0x000000a4   Code   RO         2691    i.HAL_UART_Transmit  stm32l4xx_hal_uart.o
    0x080036a0   0x080036a0   0x0000000c   Code   RO           15    i.HAL_UART_TxCpltCallback  main.o
    0x080036ac   0x080036ac   0x00000002   Code   RO          565    i.HardFault_Handler  stm32l4xx_it.o
    0x080036ae   0x080036ae   0x0000000c   Code   RO          739    i.LL_ADC_GetOffsetChannel  stm32l4xx_hal_adc.o
    0x080036ba   0x080036ba   0x00000008   Code   RO          740    i.LL_ADC_INJ_IsConversionOngoing  stm32l4xx_hal_adc.o
    0x080036c2   0x080036c2   0x00000008   Code   RO          741    i.LL_ADC_REG_IsConversionOngoing  stm32l4xx_hal_adc.o
    0x080036ca   0x080036ca   0x00000008   Code   RO          968    i.LL_ADC_REG_IsConversionOngoing  stm32l4xx_hal_adc_ex.o
    0x080036d2   0x080036d2   0x00000010   Code   RO          742    i.LL_ADC_REG_IsTriggerSourceSWStart  stm32l4xx_hal_adc.o
    0x080036e2   0x080036e2   0x0000001e   Code   RO          744    i.LL_ADC_SetChannelSamplingTime  stm32l4xx_hal_adc.o
    0x08003700   0x08003700   0x00000010   Code   RO          745    i.LL_ADC_SetOffsetState  stm32l4xx_hal_adc.o
    0x08003710   0x08003710   0x0000000c   Code   RO          566    i.LPUART1_IRQHandler  stm32l4xx_it.o
    0x0800371c   0x0800371c   0x000000e4   Code   RO          393    i.MX_ADC1_Init      adc.o
    0x08003800   0x08003800   0x0000002c   Code   RO          433    i.MX_DMA_Init       dma.o
    0x0800382c   0x0800382c   0x000000fc   Code   RO          264    i.MX_GPIO_Init      gpio.o
    0x08003928   0x08003928   0x0000003c   Code   RO          462    i.MX_LPUART1_UART_Init  usart.o
    0x08003964   0x08003964   0x00000070   Code   RO          522    i.MX_TIM8_Init      tim.o
    0x080039d4   0x080039d4   0x0000003c   Code   RO          463    i.MX_USART2_UART_Init  usart.o
    0x08003a10   0x08003a10   0x0000003c   Code   RO          464    i.MX_USART3_UART_Init  usart.o
    0x08003a4c   0x08003a4c   0x00000002   Code   RO          567    i.MemManage_Handler  stm32l4xx_it.o
    0x08003a4e   0x08003a4e   0x00000002   Code   RO          568    i.NMI_Handler       stm32l4xx_it.o
    0x08003a50   0x08003a50   0x00000002   Code   RO          569    i.PendSV_Handler    stm32l4xx_it.o
    0x08003a52   0x08003a52   0x00000002   PAD
    0x08003a54   0x08003a54   0x0000012c   Code   RO         1516    i.RCCEx_PLLSAI1_Config  stm32l4xx_hal_rcc_ex.o
    0x08003b80   0x08003b80   0x00000108   Code   RO         1517    i.RCCEx_PLLSAI2_Config  stm32l4xx_hal_rcc_ex.o
    0x08003c88   0x08003c88   0x0000007c   Code   RO         1395    i.RCC_SetFlashLatencyFromMSIRange  stm32l4xx_hal_rcc.o
    0x08003d04   0x08003d04   0x00000044   Code   RO           17    i.SPI_DAC_AccInit_Val  main.o
    0x08003d48   0x08003d48   0x00000038   Code   RO           19    i.SPI_DAC_Init      main.o
    0x08003d80   0x08003d80   0x0000000e   Code   RO           20    i.SPI_DAC_InitDAC   main.o
    0x08003d8e   0x08003d8e   0x00000002   PAD
    0x08003d90   0x08003d90   0x00000104   Code   RO           21    i.SPI_DAC_command_send  main.o
    0x08003e94   0x08003e94   0x0000010c   Code   RO           22    i.SPI_DAC_data_send  main.o
    0x08003fa0   0x08003fa0   0x00000046   Code   RO           23    i.SPI_DAC_reg_init  main.o
    0x08003fe6   0x08003fe6   0x00000002   Code   RO          570    i.SVC_Handler       stm32l4xx_it.o
    0x08003fe8   0x08003fe8   0x00000004   Code   RO          571    i.SysTick_Handler   stm32l4xx_it.o
    0x08003fec   0x08003fec   0x0000007c   Code   RO           24    i.SystemClock_Config  main.o
    0x08004068   0x08004068   0x00000010   Code   RO         4137    i.SystemInit        system_stm32l4xx.o
    0x08004078   0x08004078   0x0000000c   Code   RO          572    i.TIM8_BRK_IRQHandler  stm32l4xx_it.o
    0x08004084   0x08004084   0x0000000c   Code   RO          573    i.TIM8_CC_IRQHandler  stm32l4xx_it.o
    0x08004090   0x08004090   0x0000000c   Code   RO          574    i.TIM8_TRG_COM_IRQHandler  stm32l4xx_it.o
    0x0800409c   0x0800409c   0x0000000c   Code   RO          575    i.TIM8_UP_IRQHandler  stm32l4xx_it.o
    0x080040a8   0x080040a8   0x000000c0   Code   RO         3230    i.TIM_Base_SetConfig  stm32l4xx_hal_tim.o
    0x08004168   0x08004168   0x00000014   Code   RO         3241    i.TIM_ETR_SetConfig  stm32l4xx_hal_tim.o
    0x0800417c   0x0800417c   0x00000010   Code   RO         3242    i.TIM_ITRx_SetConfig  stm32l4xx_hal_tim.o
    0x0800418c   0x0800418c   0x00000022   Code   RO         3250    i.TIM_TI1_ConfigInputStage  stm32l4xx_hal_tim.o
    0x080041ae   0x080041ae   0x00000024   Code   RO         3252    i.TIM_TI2_ConfigInputStage  stm32l4xx_hal_tim.o
    0x080041d2   0x080041d2   0x000000c8   Code   RO         2696    i.UART_AdvFeatureConfig  stm32l4xx_hal_uart.o
    0x0800429a   0x0800429a   0x000000a8   Code   RO         2697    i.UART_CheckIdleState  stm32l4xx_hal_uart.o
    0x08004342   0x08004342   0x00000014   Code   RO         2698    i.UART_DMAAbortOnError  stm32l4xx_hal_uart.o
    0x08004356   0x08004356   0x0000004c   Code   RO         2708    i.UART_EndRxTransfer  stm32l4xx_hal_uart.o
    0x080043a2   0x080043a2   0x00000002   PAD
    0x080043a4   0x080043a4   0x000000c8   Code   RO         2710    i.UART_RxISR_16BIT  stm32l4xx_hal_uart.o
    0x0800446c   0x0800446c   0x000000c8   Code   RO         2711    i.UART_RxISR_8BIT   stm32l4xx_hal_uart.o
    0x08004534   0x08004534   0x00000248   Code   RO         2712    i.UART_SetConfig    stm32l4xx_hal_uart.o
    0x0800477c   0x0800477c   0x000000b8   Code   RO         2714    i.UART_Start_Receive_IT  stm32l4xx_hal_uart.o
    0x08004834   0x08004834   0x0000008c   Code   RO         2717    i.UART_WaitOnFlagUntilTimeout  stm32l4xx_hal_uart.o
    0x080048c0   0x080048c0   0x0000000c   Code   RO          576    i.USART2_IRQHandler  stm32l4xx_it.o
    0x080048cc   0x080048cc   0x0000000c   Code   RO          577    i.USART3_IRQHandler  stm32l4xx_it.o
    0x080048d8   0x080048d8   0x00000002   Code   RO          578    i.UsageFault_Handler  stm32l4xx_it.o
    0x080048da   0x080048da   0x00000020   Code   RO         2464    i.__NVIC_SetPriority  stm32l4xx_hal_cortex.o
    0x080048fa   0x080048fa   0x00000002   PAD
    0x080048fc   0x080048fc   0x00000018   Code   RO          465    i.fputc             usart.o
    0x08004914   0x08004914   0x000002cc   Code   RO           25    i.main              main.o
    0x08004be0   0x08004be0   0x00000018   Code   RO         4290    x$fpl$dcmpinf       fz_wm.l(dcmpi.o)
    0x08004bf8   0x08004bf8   0x00000078   Code   RO         4256    x$fpl$dleqf         fz_wm.l(dleqf.o)
    0x08004c70   0x08004c70   0x0000009c   Code   RO         4258    x$fpl$dnaninf       fz_wm.l(dnaninf.o)
    0x08004d0c   0x08004d0c   0x0000006c   Code   RO         4234    x$fpl$drleqf        fz_wm.l(drleqf.o)
    0x08004d78   0x08004d78   0x0000000a   Code   RO         4498    x$fpl$fpinit        fz_wm.l(fpinit.o)
    0x08004d82   0x08004d82   0x00000000   Code   RO         4262    x$fpl$usenofp       fz_wm.l(usenofp.o)
    0x08004d82   0x08004d82   0x00000002   PAD
    0x08004d84   0x08004d84   0x00000040   Data   RO         4138    .constdata          system_stm32l4xx.o
    0x08004dc4   0x08004dc4   0x00000008   Data   RO         4139    .constdata          system_stm32l4xx.o
    0x08004dcc   0x08004dcc   0x00000004   Data   RO         4293    .constdata          c_w.l(sys_io.o)
    0x08004dd0   0x08004dd0   0x00000004   Data   RO         4294    .constdata          c_w.l(sys_io.o)
    0x08004dd4   0x08004dd4   0x00000004   Data   RO         4295    .constdata          c_w.l(sys_io.o)
    0x08004dd8   0x08004dd8   0x00000016   Data   RO           30    .conststring        main.o
    0x08004dee   0x08004dee   0x00000002   PAD
    0x08004df0   0x08004df0   0x00000020   Data   RO         4574    Region$$Table       anon$$obj.o


    Execution Region RW_IRAM2 (Exec base: 0x10000000, Load base: 0x08004e50, Size: 0x00000000, Max: 0x00010000, ABSOLUTE)

    **** No section assigned to this execution region ****


    Execution Region RW_IRAM1 (Exec base: 0x20000000, Load base: 0x08004e10, Size: 0x00000c08, Max: 0x00040000, ABSOLUTE)

    Exec Addr    Load Addr    Size         Type   Attr      Idx    E Section Name        Object

    0x20000000   0x08004e10   0x00000024   Data   RW           37    .data               main.o
    0x20000024   0x08004e34   0x0000000c   Data   RW         1182    .data               stm32l4xx_hal.o
    0x20000030   0x08004e40   0x00000004   Data   RW         4140    .data               system_stm32l4xx.o
    0x20000034   0x08004e44   0x00000004   Data   RW         4253    .data               c_w.l(stdio_streams.o)
    0x20000038   0x08004e48   0x00000004   Data   RW         4254    .data               c_w.l(stdio_streams.o)
    0x2000003c   0x08004e4c   0x00000004   Data   RW         4255    .data               c_w.l(stdio_streams.o)
    0x20000040        -       0x000001d8   Zero   RW           26    .bss                main.o
    0x20000218        -       0x000000b0   Zero   RW          394    .bss                adc.o
    0x200002c8        -       0x00000198   Zero   RW          466    .bss                usart.o
    0x20000460        -       0x0000004c   Zero   RW          523    .bss                tim.o
    0x200004ac        -       0x00000054   Zero   RW         4250    .bss                c_w.l(stdio_streams.o)
    0x20000500        -       0x00000054   Zero   RW         4251    .bss                c_w.l(stdio_streams.o)
    0x20000554        -       0x00000054   Zero   RW         4252    .bss                c_w.l(stdio_streams.o)
    0x200005a8        -       0x00000060   Zero   RW         4448    .bss                c_w.l(libspace.o)
    0x20000608        -       0x00000200   Zero   RW            2    HEAP                startup_stm32l496xx.o
    0x20000808        -       0x00000400   Zero   RW            1    STACK               startup_stm32l496xx.o


==============================================================================

Image component sizes


      Code (inc. data)   RO Data    RW Data    ZI Data      Debug   Object Name

       512         48          0          0        176       2799   adc.o
        44          4          0          0          0       1130   dma.o
       252         18          0          0          0     934227   gpio.o
      1656        112         22         36        472     862739   main.o
        64         26        428          0       1536        984   startup_stm32l496xx.o
       162         24          0         12          0      17809   stm32l4xx_hal.o
      2298        150          0          0          0      76779   stm32l4xx_hal_adc.o
       404         22          0          0          0      62629   stm32l4xx_hal_adc_ex.o
       198         14          0          0          0      34903   stm32l4xx_hal_cortex.o
       688         14          0          0          0       6410   stm32l4xx_hal_dma.o
       618         40          0          0          0       3675   stm32l4xx_hal_gpio.o
        44          6          0          0          0       1206   stm32l4xx_hal_msp.o
       136         24          0          0          0       2443   stm32l4xx_hal_pwr_ex.o
      2068         98          0          0          0       8224   stm32l4xx_hal_rcc.o
      1534         46          0          0          0       4708   stm32l4xx_hal_rcc_ex.o
      1076         66          0          0          0      13574   stm32l4xx_hal_tim.o
       162         26          0          0          0       3996   stm32l4xx_hal_tim_ex.o
      2810         94          0          0          0      17115   stm32l4xx_hal_uart.o
         2          0          0          0          0       1376   stm32l4xx_hal_uart_ex.o
       116         48          0          0          0      10952   stm32l4xx_it.o
        16          4         72          4          0       1713   system_stm32l4xx.o
       220         18          0          0         76       2442   tim.o
       560         56          0          0        408       4039   usart.o

    ----------------------------------------------------------------------
     15668        958        556         52       2668    2075872   Object Totals
         0          0         32          0          0          0   (incl. Generated)
        28          0          2          0          0          0   (incl. Padding)

    ----------------------------------------------------------------------

      Code (inc. data)   RO Data    RW Data    ZI Data      Debug   Library Member Name

         8          0          0          0          0         68   __main.o
       184          0          0          0          0         84   __printf_ss.o
         0          0          0          0          0          0   __rtentry.o
        12          0          0          0          0          0   __rtentry2.o
         6          0          0          0          0          0   __rtentry4.o
        52          8          0          0          0          0   __scatter.o
        26          0          0          0          0          0   __scatter_copy.o
        28          0          0          0          0          0   __scatter_zi.o
        48          6          0          0          0         96   _printf_char_common.o
        36          4          0          0          0         80   _printf_char_file.o
         6          0          0          0          0          0   _printf_d.o
       120         16          0          0          0         92   _printf_dec.o
       178          0          0          0          0         88   _printf_intcommon.o
         0          0          0          0          0          0   _printf_percent.o
         4          0          0          0          0          0   _printf_percent_end.o
         6          0          0          0          0          0   _printf_u.o
        10          0          0          0          0         68   _sputc.o
        10          0          0          0          0         68   defsig_exit.o
        50          0          0          0          0         88   defsig_general.o
        80         58          0          0          0         76   defsig_rtmem_inner.o
        14          0          0          0          0         80   defsig_rtmem_outer.o
        52         38          0          0          0         76   defsig_rtred_inner.o
        14          0          0          0          0         80   defsig_rtred_outer.o
        18          0          0          0          0         80   exit.o
        76          0          0          0          0         88   fclose.o
         8          0          0          0          0         68   ferror.o
       236          4          0          0          0        128   fopen.o
       248          6          0          0          0         84   fseek.o
        66          0          0          0          0         76   ftell.o
        94          0          0          0          0         80   h1_alloc.o
        52          0          0          0          0         68   h1_extend.o
        78          0          0          0          0         80   h1_free.o
        14          0          0          0          0         84   h1_init.o
         6          0          0          0          0        152   heapauxi.o
         4          0          0          0          0        136   hguard.o
         0          0          0          0          0          0   indicate_semi.o
       138          0          0          0          0        168   init_alloc.o
       312         46          0          0          0        112   initio.o
         2          0          0          0          0          0   libinit.o
        18          0          0          0          0          0   libinit2.o
         2          0          0          0          0          0   libshutdown.o
         6          0          0          0          0          0   libshutdown2.o
         8          4          0          0         96         68   libspace.o
       238          0          0          0          0        100   lludivv7m.o
         0          0          0          0          0          0   maybetermalloc1.o
        24          4          0          0          0         84   noretval__2printf.o
        40          6          0          0          0         84   noretval__2sprintf.o
         8          4          0          0          0         68   rt_errno_addr_intlibspace.o
         8          4          0          0          0         68   rt_heap_descriptor_intlibspace.o
        78          0          0          0          0         80   rt_memclr_w.o
         2          0          0          0          0          0   rtexit.o
        10          0          0          0          0          0   rtexit2.o
        70          0          0          0          0         80   setvbuf.o
       240          6          0          0          0        156   stdio.o
         0          0          0         12        252          0   stdio_streams.o
        62          0          0          0          0         76   strlen.o
        12          4          0          0          0         68   sys_exit.o
       102          0         12          0          0        240   sys_io.o
        74          0          0          0          0         80   sys_stackheap_outer.o
        14          0          0          0          0         76   sys_wrch.o
         2          0          0          0          0         68   use_no_semi.o
        24          0          0          0          0        116   dcmpi.o
       120          4          0          0          0        140   dleqf.o
       156          4          0          0          0        140   dnaninf.o
       108          0          0          0          0        128   drleqf.o
        10          0          0          0          0        116   fpinit.o
         0          0          0          0          0          0   usenofp.o

    ----------------------------------------------------------------------
      3748        226         12         12        348       4484   Library Totals
        16          0          0          0          0          0   (incl. Padding)

    ----------------------------------------------------------------------

      Code (inc. data)   RO Data    RW Data    ZI Data      Debug   Library Name

      3314        218         12         12        348       3844   c_w.l
       418          8          0          0          0        640   fz_wm.l

    ----------------------------------------------------------------------
      3748        226         12         12        348       4484   Library Totals

    ----------------------------------------------------------------------

==============================================================================


      Code (inc. data)   RO Data    RW Data    ZI Data      Debug   

     19416       1184        568         64       3016    2066128   Grand Totals
     19416       1184        568         64       3016    2066128   ELF Image Totals
     19416       1184        568         64          0          0   ROM Totals

==============================================================================

    Total RO  Size (Code + RO Data)                19984 (  19.52kB)
    Total RW  Size (RW Data + ZI Data)              3080 (   3.01kB)
    Total ROM Size (Code + RO Data + RW Data)      20048 (  19.58kB)

==============================================================================

