Component: ARM Compiler 5.06 update 7 (build 960) Tool: armlink [4d3601]

==============================================================================

Section Cross References

    startup_stm32l496xx.o(STACK) refers (Special) to heapauxi.o(.text) for __use_two_region_memory
    startup_stm32l496xx.o(HEAP) refers (Special) to heapauxi.o(.text) for __use_two_region_memory
    startup_stm32l496xx.o(RESET) refers (Special) to heapauxi.o(.text) for __use_two_region_memory
    startup_stm32l496xx.o(RESET) refers to startup_stm32l496xx.o(STACK) for __initial_sp
    startup_stm32l496xx.o(RESET) refers to startup_stm32l496xx.o(.text) for Reset_Handler
    startup_stm32l496xx.o(RESET) refers to stm32l4xx_it.o(i.NMI_Handler) for NMI_Handler
    startup_stm32l496xx.o(RESET) refers to stm32l4xx_it.o(i.HardFault_Handler) for HardFault_Handler
    startup_stm32l496xx.o(RESET) refers to stm32l4xx_it.o(i.MemManage_Handler) for MemManage_Handler
    startup_stm32l496xx.o(RESET) refers to stm32l4xx_it.o(i.BusFault_Handler) for BusFault_Handler
    startup_stm32l496xx.o(RESET) refers to stm32l4xx_it.o(i.UsageFault_Handler) for UsageFault_Handler
    startup_stm32l496xx.o(RESET) refers to stm32l4xx_it.o(i.SVC_Handler) for SVC_Handler
    startup_stm32l496xx.o(RESET) refers to stm32l4xx_it.o(i.DebugMon_Handler) for DebugMon_Handler
    startup_stm32l496xx.o(RESET) refers to stm32l4xx_it.o(i.PendSV_Handler) for PendSV_Handler
    startup_stm32l496xx.o(RESET) refers to stm32l4xx_it.o(i.SysTick_Handler) for SysTick_Handler
    startup_stm32l496xx.o(RESET) refers to stm32l4xx_it.o(i.DMA1_Channel1_IRQHandler) for DMA1_Channel1_IRQHandler
    startup_stm32l496xx.o(RESET) refers to stm32l4xx_it.o(i.USART2_IRQHandler) for USART2_IRQHandler
    startup_stm32l496xx.o(RESET) refers to stm32l4xx_it.o(i.USART3_IRQHandler) for USART3_IRQHandler
    startup_stm32l496xx.o(RESET) refers to stm32l4xx_it.o(i.TIM8_BRK_IRQHandler) for TIM8_BRK_IRQHandler
    startup_stm32l496xx.o(RESET) refers to stm32l4xx_it.o(i.TIM8_UP_IRQHandler) for TIM8_UP_IRQHandler
    startup_stm32l496xx.o(RESET) refers to stm32l4xx_it.o(i.TIM8_TRG_COM_IRQHandler) for TIM8_TRG_COM_IRQHandler
    startup_stm32l496xx.o(RESET) refers to stm32l4xx_it.o(i.TIM8_CC_IRQHandler) for TIM8_CC_IRQHandler
    startup_stm32l496xx.o(RESET) refers to stm32l4xx_it.o(i.LPUART1_IRQHandler) for LPUART1_IRQHandler
    startup_stm32l496xx.o(.text) refers (Special) to heapauxi.o(.text) for __use_two_region_memory
    startup_stm32l496xx.o(.text) refers to system_stm32l4xx.o(i.SystemInit) for SystemInit
    startup_stm32l496xx.o(.text) refers to __main.o(!!!main) for __main
    startup_stm32l496xx.o(.text) refers to startup_stm32l496xx.o(HEAP) for Heap_Mem
    startup_stm32l496xx.o(.text) refers to startup_stm32l496xx.o(STACK) for Stack_Mem
    main.o(i.HAL_UART_RxCpltCallback) refers to stm32l4xx_hal_uart.o(i.HAL_UART_Receive_IT) for HAL_UART_Receive_IT
    main.o(i.HAL_UART_RxCpltCallback) refers to main.o(.bss) for .bss
    main.o(i.HAL_UART_RxCpltCallback) refers to main.o(.data) for .data
    main.o(i.HAL_UART_RxCpltCallback) refers to usart.o(.bss) for hlpuart1
    main.o(i.HAL_UART_TxCpltCallback) refers to main.o(.data) for .data
    main.o(i.HMISends) refers to stm32l4xx_hal_uart.o(i.HAL_UART_Transmit_IT) for HAL_UART_Transmit_IT
    main.o(i.HMISends) refers to stm32l4xx_hal.o(i.HAL_Delay) for HAL_Delay
    main.o(i.HMISends) refers to usart.o(.bss) for huart2
    main.o(i.SPI_DAC_AccInit_Val) refers to drleqf.o(x$fpl$drleqf) for __aeabi_cdrcmple
    main.o(i.SPI_DAC_AccInit_Val) refers to main.o(i.SPI_DAC_data_send) for SPI_DAC_data_send
    main.o(i.SPI_DAC_Acc_Val) refers to dmul.o(x$fpl$dmul) for __aeabi_dmul
    main.o(i.SPI_DAC_Acc_Val) refers to ddiv.o(x$fpl$ddiv) for __aeabi_ddiv
    main.o(i.SPI_DAC_Acc_Val) refers to daddsub_clz.o(x$fpl$dsub) for __aeabi_dsub
    main.o(i.SPI_DAC_Acc_Val) refers to drleqf.o(x$fpl$drleqf) for __aeabi_cdrcmple
    main.o(i.SPI_DAC_Acc_Val) refers to daddsub_clz.o(x$fpl$dadd) for __aeabi_dadd
    main.o(i.SPI_DAC_Acc_Val) refers to dfixu.o(x$fpl$dfixu) for __aeabi_d2uiz
    main.o(i.SPI_DAC_Acc_Val) refers to main.o(i.SPI_DAC_data_send) for SPI_DAC_data_send
    main.o(i.SPI_DAC_Init) refers to stm32l4xx_hal_gpio.o(i.HAL_GPIO_Init) for HAL_GPIO_Init
    main.o(i.SPI_DAC_InitDAC) refers to main.o(i.SPI_DAC_Init) for SPI_DAC_Init
    main.o(i.SPI_DAC_InitDAC) refers to main.o(i.SPI_DAC_reg_init) for SPI_DAC_reg_init
    main.o(i.SPI_DAC_command_send) refers to stm32l4xx_hal_gpio.o(i.HAL_GPIO_WritePin) for HAL_GPIO_WritePin
    main.o(i.SPI_DAC_command_send) refers to stm32l4xx_hal.o(i.HAL_Delay) for HAL_Delay
    main.o(i.SPI_DAC_data_send) refers to stm32l4xx_hal_gpio.o(i.HAL_GPIO_WritePin) for HAL_GPIO_WritePin
    main.o(i.SPI_DAC_data_send) refers to stm32l4xx_hal.o(i.HAL_Delay) for HAL_Delay
    main.o(i.SPI_DAC_reg_init) refers to main.o(i.SPI_DAC_command_send) for SPI_DAC_command_send
[...]
    .ARM.Collect$$libinit$$00000030          0x08000230   Section        0  libinit2.o(.ARM.Collect$$libinit$$00000030)
    .ARM.Collect$$libinit$$00000032          0x08000230   Section        0  libinit2.o(.ARM.Collect$$libinit$$00000032)
    .ARM.Collect$$libinit$$00000033          0x08000230   Section        2  libinit2.o(.ARM.Collect$$libinit$$00000033)
    .ARM.Collect$$libshutdown$$00000000      0x08000232   Section        2  libshutdown.o(.ARM.Collect$$libshutdown$$00000000)
    .ARM.Collect$$libshutdown$$00000002      0x08000234   Section        0  libshutdown2.o(.ARM.Collect$$libshutdown$$00000002)
    .ARM.Collect$$libshutdown$$00000004      0x08000234   Section        0  libshutdown2.o(.ARM.Collect$$libshutdown$$00000004)
    .ARM.Collect$$libshutdown$$00000006      0x08000234   Section        0  libshutdown2.o(.ARM.Collect$$libshutdown$$00000006)
    .ARM.Collect$$libshutdown$$00000009      0x08000234   Section        0  libshutdown2.o(.ARM.Collect$$libshutdown$$00000009)
    .ARM.Collect$$libshutdown$$0000000C      0x08000234   Section        0  libshutdown2.o(.ARM.Collect$$libshutdown$$0000000C)
    .ARM.Collect$$libshutdown$$0000000E      0x08000234   Section        0  libshutdown2.o(.ARM.Collect$$libshutdown$$0000000E)
    .ARM.Collect$$libshutdown$$00000011      0x08000234   Section        0  libshutdown2.o(.ARM.Collect$$libshutdown$$00000011)
    .ARM.Collect$$libshutdown$$00000012      0x08000234   Section        2  libshutdown2.o(.ARM.Collect$$libshutdown$$00000012)
    .ARM.Collect$$rtentry$$00000000          0x08000236   Section        0  __rtentry.o(.ARM.Collect$$rtentry$$00000000)
    .ARM.Collect$$rtentry$$00000002          0x08000236   Section        0  __rtentry2.o(.ARM.Collect$$rtentry$$00000002)
    .ARM.Collect$$rtentry$$00000004          0x08000236   Section        6  __rtentry4.o(.ARM.Collect$$rtentry$$00000004)
    .ARM.Collect$$rtentry$$00000009          0x0800023c   Section        0  __rtentry2.o(.ARM.Collect$$rtentry$$00000009)
    .ARM.Collect$$rtentry$$0000000A          0x0800023c   Section        4  __rtentry2.o(.ARM.Collect$$rtentry$$0000000A)
    .ARM.Collect$$rtentry$$0000000C          0x08000240   Section        0  __rtentry2.o(.ARM.Collect$$rtentry$$0000000C)
    .ARM.Collect$$rtentry$$0000000D          0x08000240   Section        8  __rtentry2.o(.ARM.Collect$$rtentry$$0000000D)
    .ARM.Collect$$rtexit$$00000000           0x08000248   Section        2  rtexit.o(.ARM.Collect$$rtexit$$00000000)
    .ARM.Collect$$rtexit$$00000002           0x0800024a   Section        0  rtexit2.o(.ARM.Collect$$rtexit$$00000002)
    .ARM.Collect$$rtexit$$00000003           0x0800024a   Section        4  rtexit2.o(.ARM.Collect$$rtexit$$00000003)
    .ARM.Collect$$rtexit$$00000004           0x0800024e   Section        6  rtexit2.o(.ARM.Collect$$rtexit$$00000004)
    .text                                    0x08000254   Section       64  startup_stm32l496xx.o(.text)
    $v0                                      0x08000254   Number         0  startup_stm32l496xx.o(.text)
    .text                                    0x08000294   Section      238  lludivv7m.o(.text)
    .text                                    0x08000384   Section        0  noretval__2sprintf.o(.text)
    .text                                    0x080003ac   Section        0  __printf.o(.text)
    .text                                    0x08000414   Section        0  _printf_dec.o(.text)
    .text                                    0x0800048c   Section        0  strlen.o(.text)
    .text                                    0x080004ca   Section       78  rt_memclr_w.o(.text)
    .text                                    0x08000518   Section        0  heapauxi.o(.text)
    .text                                    0x0800051e   Section        0  _printf_intcommon.o(.text)
    .text                                    0x080005d0   Section        0  _printf_char_common.o(.text)
    _printf_input_char                       0x080005d1   Thumb Code    10  _printf_char_common.o(.text)
    .text                                    0x08000600   Section        0  _sputc.o(.text)
    .text                                    0x0800060a   Section       74  sys_stackheap_outer.o(.text)
    .text                                    0x08000654   Section        0  exit.o(.text)
    .text                                    0x08000668   Section        8  libspace.o(.text)
    .text                                    0x08000670   Section        0  sys_exit.o(.text)
    .text                                    0x0800067c   Section        2  use_no_semi.o(.text)
    .text                                    0x0800067e   Section        0  indicate_semi.o(.text)
    i.ADC_DMAConvCplt                        0x0800067e   Section        0  stm32l4xx_hal_adc.o(i.ADC_DMAConvCplt)
    i.ADC_DMAError                           0x080006e6   Section        0  stm32l4xx_hal_adc.o(i.ADC_DMAError)
    i.ADC_DMAHalfConvCplt                    0x08000700   Section        0  stm32l4xx_hal_adc.o(i.ADC_DMAHalfConvCplt)
    i.ADC_Disable                            0x0800070c   Section        0  stm32l4xx_hal_adc.o(i.ADC_Disable)
    i.ADC_Enable                             0x0800077c   Section        0  stm32l4xx_hal_adc.o(i.ADC_Enable)
    i.BusFault_Handler                       0x08000828   Section        0  stm32l4xx_it.o(i.BusFault_Handler)
    i.DMA1_Channel1_IRQHandler               0x0800082c   Section        0  stm32l4xx_it.o(i.DMA1_Channel1_IRQHandler)
    i.DMA_SetConfig                          0x08000838   Section        0  stm32l4xx_hal_dma.o(i.DMA_SetConfig)
    DMA_SetConfig                            0x08000839   Thumb Code    46  stm32l4xx_hal_dma.o(i.DMA_SetConfig)
    i.DebugMon_Handler                       0x08000866   Section        0  stm32l4xx_it.o(i.DebugMon_Handler)
    i.Error_Handler                          0x08000868   Section        0  main.o(i.Error_Handler)
    i.HAL_ADCEx_Calibration_Start            0x0800086c   Section        0  stm32l4xx_hal_adc_ex.o(i.HAL_ADCEx_Calibration_Start)
    i.HAL_ADCEx_MultiModeConfigChannel       0x080008fc   Section        0  stm32l4xx_hal_adc_ex.o(i.HAL_ADCEx_MultiModeConfigChannel)
    i.HAL_ADC_ConfigChannel                  0x080009f8   Section        0  stm32l4xx_hal_adc.o(i.HAL_ADC_ConfigChannel)
    i.HAL_ADC_ConvCpltCallback               0x08000e16   Section        0  stm32l4xx_hal_adc.o(i.HAL_ADC_ConvCpltCallback)
    i.HAL_ADC_ConvHalfCpltCallback           0x08000e18   Section        0  stm32l4xx_hal_adc.o(i.HAL_ADC_ConvHalfCpltCallback)
    i.HAL_ADC_ErrorCallback                  0x08000e1a   Section        0  stm32l4xx_hal_adc.o(i.HAL_ADC_ErrorCallback)
    i.HAL_ADC_Init                           0x08000e1c   Section        0  stm32l4xx_hal_adc.o(i.HAL_ADC_Init)
    i.HAL_ADC_MspInit                        0x08000fe4   Section        0  adc.o(i.HAL_ADC_MspInit)
    i.HAL_ADC_Start_DMA                      0x08001100   Section        0  stm32l4xx_hal_adc.o(i.HAL_ADC_Start_DMA)
    i.HAL_DMA_Abort                          0x0800120c   Section        0  stm32l4xx_hal_dma.o(i.HAL_DMA_Abort)
    i.HAL_DMA_Abort_IT                       0x08001256   Section        0  stm32l4xx_hal_dma.o(i.HAL_DMA_Abort_IT)
    i.HAL_DMA_IRQHandler                     0x080012a4   Section        0  stm32l4xx_hal_dma.o(i.HAL_DMA_IRQHandler)
    i.HAL_DMA_Init                           0x08001360   Section        0  stm32l4xx_hal_dma.o(i.HAL_DMA_Init)
    i.HAL_DMA_Start_IT                       0x08001420   Section        0  stm32l4xx_hal_dma.o(i.HAL_DMA_Start_IT)
    i.HAL_Delay                              0x08001490   Section        0  stm32l4xx_hal.o(i.HAL_Delay)
    i.HAL_GPIO_Init                          0x080014b4   Section        0  stm32l4xx_hal_gpio.o(i.HAL_GPIO_Init)
    i.HAL_GPIO_ReadPin                       0x0800170a   Section        0  stm32l4xx_hal_gpio.o(i.HAL_GPIO_ReadPin)
    i.HAL_GPIO_WritePin                      0x08001714   Section        0  stm32l4xx_hal_gpio.o(i.HAL_GPIO_WritePin)
    i.HAL_GetTick                            0x08001720   Section        0  stm32l4xx_hal.o(i.HAL_GetTick)
    i.HAL_IncTick                            0x0800172c   Section        0  stm32l4xx_hal.o(i.HAL_IncTick)
    i.HAL_Init                               0x0800173c   Section        0  stm32l4xx_hal.o(i.HAL_Init)
    i.HAL_InitTick                           0x0800175c   Section        0  stm32l4xx_hal.o(i.HAL_InitTick)
    i.HAL_MspInit                            0x080017a0   Section        0  stm32l4xx_hal_msp.o(i.HAL_MspInit)
    i.HAL_NVIC_EnableIRQ                     0x080017cc   Section        0  stm32l4xx_hal_cortex.o(i.HAL_NVIC_EnableIRQ)
    i.HAL_NVIC_SetPriority                   0x080017e8   Section        0  stm32l4xx_hal_cortex.o(i.HAL_NVIC_SetPriority)
    i.HAL_NVIC_SetPriorityGrouping           0x08001828   Section        0  stm32l4xx_hal_cortex.o(i.HAL_NVIC_SetPriorityGrouping)
    i.HAL_PWREx_ControlVoltageScaling        0x0800184c   Section        0  stm32l4xx_hal_pwr_ex.o(i.HAL_PWREx_ControlVoltageScaling)
    i.HAL_PWREx_EnableVddIO2                 0x080018b4   Section        0  stm32l4xx_hal_pwr_ex.o(i.HAL_PWREx_EnableVddIO2)
    i.HAL_PWREx_GetVoltageRange              0x080018c4   Section        0  stm32l4xx_hal_pwr_ex.o(i.HAL_PWREx_GetVoltageRange)
    i.HAL_RCCEx_PeriphCLKConfig              0x080018d4   Section        0  stm32l4xx_hal_rcc_ex.o(i.HAL_RCCEx_PeriphCLKConfig)
    i.HAL_RCC_ClockConfig                    0x08001ca0   Section        0  stm32l4xx_hal_rcc.o(i.HAL_RCC_ClockConfig)
    i.HAL_RCC_GetPCLK1Freq                   0x08001de4   Section        0  stm32l4xx_hal_rcc.o(i.HAL_RCC_GetPCLK1Freq)
    i.HAL_RCC_GetPCLK2Freq                   0x08001e08   Section        0  stm32l4xx_hal_rcc.o(i.HAL_RCC_GetPCLK2Freq)
    i.HAL_RCC_GetSysClockFreq                0x08001e2c   Section        0  stm32l4xx_hal_rcc.o(i.HAL_RCC_GetSysClockFreq)
    i.HAL_RCC_OscConfig                      0x08001ed0   Section        0  stm32l4xx_hal_rcc.o(i.HAL_RCC_OscConfig)
    i.HAL_SYSTICK_Config                     0x08002438   Section        0  stm32l4xx_hal_cortex.o(i.HAL_SYSTICK_Config)
    i.HAL_TIMEx_Break2Callback               0x08002460   Section        0  stm32l4xx_hal_tim_ex.o(i.HAL_TIMEx_Break2Callback)
    i.HAL_TIMEx_BreakCallback                0x08002462   Section        0  stm32l4xx_hal_tim_ex.o(i.HAL_TIMEx_BreakCallback)
    i.HAL_TIMEx_CommutCallback               0x08002464   Section        0  stm32l4xx_hal_tim_ex.o(i.HAL_TIMEx_CommutCallback)
    i.HAL_TIMEx_MasterConfigSynchronization  0x08002468   Section        0  stm32l4xx_hal_tim_ex.o(i.HAL_TIMEx_MasterConfigSynchronization)
    i.HAL_TIM_Base_Init                      0x08002504   Section        0  stm32l4xx_hal_tim.o(i.HAL_TIM_Base_Init)
    i.HAL_TIM_Base_MspInit                   0x08002568   Section        0  tim.o(i.HAL_TIM_Base_MspInit)
    i.HAL_TIM_Base_Start                     0x080025d4   Section        0  stm32l4xx_hal_tim.o(i.HAL_TIM_Base_Start)
    i.HAL_TIM_ConfigClockSource              0x0800264c   Section        0  stm32l4xx_hal_tim.o(i.HAL_TIM_ConfigClockSource)
    i.HAL_TIM_IC_CaptureCallback             0x0800272c   Section        0  stm32l4xx_hal_tim.o(i.HAL_TIM_IC_CaptureCallback)
    i.HAL_TIM_IRQHandler                     0x0800272e   Section        0  stm32l4xx_hal_tim.o(i.HAL_TIM_IRQHandler)
    i.HAL_TIM_OC_DelayElapsedCallback        0x08002874   Section        0  stm32l4xx_hal_tim.o(i.HAL_TIM_OC_DelayElapsedCallback)
    i.HAL_TIM_PWM_PulseFinishedCallback      0x08002876   Section        0  stm32l4xx_hal_tim.o(i.HAL_TIM_PWM_PulseFinishedCallback)
    i.HAL_TIM_PeriodElapsedCallback          0x08002878   Section        0  stm32l4xx_hal_tim.o(i.HAL_TIM_PeriodElapsedCallback)
    i.HAL_TIM_TriggerCallback                0x0800287a   Section        0  stm32l4xx_hal_tim.o(i.HAL_TIM_TriggerCallback)
    i.HAL_UARTEx_RxEventCallback             0x0800287c   Section        0  stm32l4xx_hal_uart.o(i.HAL_UARTEx_RxEventCallback)
    i.HAL_UARTEx_WakeupCallback              0x0800287e   Section        0  stm32l4xx_hal_uart_ex.o(i.HAL_UARTEx_WakeupCallback)
    i.HAL_UART_ErrorCallback                 0x08002880   Section        0  stm32l4xx_hal_uart.o(i.HAL_UART_ErrorCallback)
    i.HAL_UART_IRQHandler                    0x08002884   Section        0  stm32l4xx_hal_uart.o(i.HAL_UART_IRQHandler)
    i.HAL_UART_Init                          0x08002b3c   Section        0  stm32l4xx_hal_uart.o(i.HAL_UART_Init)
    i.HAL_UART_MspInit                       0x08002ba4   Section        0  usart.o(i.HAL_UART_MspInit)
    i.HAL_UART_Receive_IT                    0x08002d08   Section        0  stm32l4xx_hal_uart.o(i.HAL_UART_Receive_IT)
    i.HAL_UART_RxCpltCallback                0x08002d50   Section        0  main.o(i.HAL_UART_RxCpltCallback)
    i.HAL_UART_Transmit                      0x08002d90   Section        0  stm32l4xx_hal_uart.o(i.HAL_UART_Transmit)
    i.HAL_UART_TxCpltCallback                0x08002e34   Section        0  main.o(i.HAL_UART_TxCpltCallback)
    i.HardFault_Handler                      0x08002e40   Section        0  stm32l4xx_it.o(i.HardFault_Handler)
    i.LL_ADC_GetOffsetChannel                0x08002e42   Section        0  stm32l4xx_hal_adc.o(i.LL_ADC_GetOffsetChannel)
    LL_ADC_GetOffsetChannel                  0x08002e43   Thumb Code    12  stm32l4xx_hal_adc.o(i.LL_ADC_GetOffsetChannel)
    i.LL_ADC_INJ_IsConversionOngoing         0x08002e4e   Section        0  stm32l4xx_hal_adc.o(i.LL_ADC_INJ_IsConversionOngoing)
    LL_ADC_INJ_IsConversionOngoing           0x08002e4f   Thumb Code     8  stm32l4xx_hal_adc.o(i.LL_ADC_INJ_IsConversionOngoing)
    i.LL_ADC_REG_IsConversionOngoing         0x08002e56   Section        0  stm32l4xx_hal_adc.o(i.LL_ADC_REG_IsConversionOngoing)
    LL_ADC_REG_IsConversionOngoing           0x08002e57   Thumb Code     8  stm32l4xx_hal_adc.o(i.LL_ADC_REG_IsConversionOngoing)
    i.LL_ADC_REG_IsConversionOngoing         0x08002e5e   Section        0  stm32l4xx_hal_adc_ex.o(i.LL_ADC_REG_IsConversionOngoing)
    LL_ADC_REG_IsConversionOngoing           0x08002e5f   Thumb Code     8  stm32l4xx_hal_adc_ex.o(i.LL_ADC_REG_IsConversionOngoing)
    i.LL_ADC_REG_IsTriggerSourceSWStart      0x08002e66   Section        0  stm32l4xx_hal_adc.o(i.LL_ADC_REG_IsTriggerSourceSWStart)
    LL_ADC_REG_IsTriggerSourceSWStart        0x08002e67   Thumb Code    16  stm32l4xx_hal_adc.o(i.LL_ADC_REG_IsTriggerSourceSWStart)
    i.LL_ADC_SetChannelSamplingTime          0x08002e76   Section        0  stm32l4xx_hal_adc.o(i.LL_ADC_SetChannelSamplingTime)
    LL_ADC_SetChannelSamplingTime            0x08002e77   Thumb Code    30  stm32l4xx_hal_adc.o(i.LL_ADC_SetChannelSamplingTime)
    i.LL_ADC_SetOffsetState                  0x08002e94   Section        0  stm32l4xx_hal_adc.o(i.LL_ADC_SetOffsetState)
    LL_ADC_SetOffsetState                    0x08002e95   Thumb Code    16  stm32l4xx_hal_adc.o(i.LL_ADC_SetOffsetState)
    i.LPUART1_IRQHandler                     0x08002ea4   Section        0  stm32l4xx_it.o(i.LPUART1_IRQHandler)
    i.MX_ADC1_Init                           0x08002eb0   Section        0  adc.o(i.MX_ADC1_Init)
    i.MX_DMA_Init                            0x08002f94   Section        0  dma.o(i.MX_DMA_Init)
    i.MX_GPIO_Init                           0x08002fc0   Section        0  gpio.o(i.MX_GPIO_Init)
    i.MX_LPUART1_UART_Init                   0x080030bc   Section        0  usart.o(i.MX_LPUART1_UART_Init)
    i.MX_TIM8_Init                           0x080030f8   Section        0  tim.o(i.MX_TIM8_Init)
    i.MX_USART2_UART_Init                    0x08003168   Section        0  usart.o(i.MX_USART2_UART_Init)
    i.MX_USART3_UART_Init                    0x080031a4   Section        0  usart.o(i.MX_USART3_UART_Init)
    i.MemManage_Handler                      0x080031e0   Section        0  stm32l4xx_it.o(i.MemManage_Handler)
    i.NMI_Handler                            0x080031e2   Section        0  stm32l4xx_it.o(i.NMI_Handler)
    i.PendSV_Handler                         0x080031e4   Section        0  stm32l4xx_it.o(i.PendSV_Handler)
    i.RCCEx_PLLSAI1_Config                   0x080031e8   Section        0  stm32l4xx_hal_rcc_ex.o(i.RCCEx_PLLSAI1_Config)
    RCCEx_PLLSAI1_Config                     0x080031e9   Thumb Code   278  stm32l4xx_hal_rcc_ex.o(i.RCCEx_PLLSAI1_Config)
    i.RCCEx_PLLSAI2_Config                   0x08003314   Section        0  stm32l4xx_hal_rcc_ex.o(i.RCCEx_PLLSAI2_Config)
    RCCEx_PLLSAI2_Config                     0x08003315   Thumb Code   250  stm32l4xx_hal_rcc_ex.o(i.RCCEx_PLLSAI2_Config)
    i.RCC_SetFlashLatencyFromMSIRange        0x0800341c   Section        0  stm32l4xx_hal_rcc.o(i.RCC_SetFlashLatencyFromMSIRange)
    RCC_SetFlashLatencyFromMSIRange          0x0800341d   Thumb Code   116  stm32l4xx_hal_rcc.o(i.RCC_SetFlashLatencyFromMSIRange)
    i.SPI_DAC_AccInit_Val                    0x08003498   Section        0  main.o(i.SPI_DAC_AccInit_Val)
    i.SPI_DAC_Init                           0x080034dc   Section        0  main.o(i.SPI_DAC_Init)
    i.SPI_DAC_InitDAC                        0x08003514   Section        0  main.o(i.SPI_DAC_InitDAC)
    i.SPI_DAC_command_send                   0x08003524   Section        0  main.o(i.SPI_DAC_command_send)
    i.SPI_DAC_data_send                      0x08003628   Section        0  main.o(i.SPI_DAC_data_send)
    i.SPI_DAC_reg_init                       0x08003734   Section        0  main.o(i.SPI_DAC_reg_init)
    i.SVC_Handler                            0x0800377a   Section        0  stm32l4xx_it.o(i.SVC_Handler)
    i.SysTick_Handler                        0x0800377c   Section        0  stm32l4xx_it.o(i.SysTick_Handler)
    i.SystemClock_Config                     0x08003780   Section        0  main.o(i.SystemClock_Config)
    i.SystemInit                             0x080037fc   Section        0  system_stm32l4xx.o(i.SystemInit)
    i.TIM8_BRK_IRQHandler                    0x0800380c   Section        0  stm32l4xx_it.o(i.TIM8_BRK_IRQHandler)
    i.TIM8_CC_IRQHandler                     0x08003818   Section        0  stm32l4xx_it.o(i.TIM8_CC_IRQHandler)
    i.TIM8_TRG_COM_IRQHandler                0x08003824   Section        0  stm32l4xx_it.o(i.TIM8_TRG_COM_IRQHandler)
    i.TIM8_UP_IRQHandler                     0x08003830   Section        0  stm32l4xx_it.o(i.TIM8_UP_IRQHandler)
    i.TIM_Base_SetConfig                     0x0800383c   Section        0  stm32l4xx_hal_tim.o(i.TIM_Base_SetConfig)
    i.TIM_ETR_SetConfig                      0x080038fc   Section        0  stm32l4xx_hal_tim.o(i.TIM_ETR_SetConfig)
    i.TIM_ITRx_SetConfig                     0x08003910   Section        0  stm32l4xx_hal_tim.o(i.TIM_ITRx_SetConfig)
    TIM_ITRx_SetConfig                       0x08003911   Thumb Code    16  stm32l4xx_hal_tim.o(i.TIM_ITRx_SetConfig)
    i.TIM_TI1_ConfigInputStage               0x08003920   Section        0  stm32l4xx_hal_tim.o(i.TIM_TI1_ConfigInputStage)
    TIM_TI1_ConfigInputStage                 0x08003921   Thumb Code    34  stm32l4xx_hal_tim.o(i.TIM_TI1_ConfigInputStage)
    i.TIM_TI2_ConfigInputStage               0x08003942   Section        0  stm32l4xx_hal_tim.o(i.TIM_TI2_ConfigInputStage)
    TIM_TI2_ConfigInputStage                 0x08003943   Thumb Code    36  stm32l4xx_hal_tim.o(i.TIM_TI2_ConfigInputStage)
    i.UART_AdvFeatureConfig                  0x08003966   Section        0  stm32l4xx_hal_uart.o(i.UART_AdvFeatureConfig)
    i.UART_CheckIdleState                    0x08003a2e   Section        0  stm32l4xx_hal_uart.o(i.UART_CheckIdleState)
    i.UART_DMAAbortOnError                   0x08003ad6   Section        0  stm32l4xx_hal_uart.o(i.UART_DMAAbortOnError)
    UART_DMAAbortOnError                     0x08003ad7   Thumb Code    20  stm32l4xx_hal_uart.o(i.UART_DMAAbortOnError)
    i.UART_EndRxTransfer                     0x08003aea   Section        0  stm32l4xx_hal_uart.o(i.UART_EndRxTransfer)
    UART_EndRxTransfer                       0x08003aeb   Thumb Code    76  stm32l4xx_hal_uart.o(i.UART_EndRxTransfer)
    i.UART_RxISR_16BIT                       0x08003b38   Section        0  stm32l4xx_hal_uart.o(i.UART_RxISR_16BIT)
    UART_RxISR_16BIT                         0x08003b39   Thumb Code   196  stm32l4xx_hal_uart.o(i.UART_RxISR_16BIT)
    i.UART_RxISR_8BIT                        0x08003c00   Section        0  stm32l4xx_hal_uart.o(i.UART_RxISR_8BIT)
    UART_RxISR_8BIT                          0x08003c01   Thumb Code   196  stm32l4xx_hal_uart.o(i.UART_RxISR_8BIT)
    i.UART_SetConfig                         0x08003cc8   Section        0  stm32l4xx_hal_uart.o(i.UART_SetConfig)
    i.UART_Start_Receive_IT                  0x08003f10   Section        0  stm32l4xx_hal_uart.o(i.UART_Start_Receive_IT)
    i.UART_WaitOnFlagUntilTimeout            0x08003fc8   Section        0  stm32l4xx_hal_uart.o(i.UART_WaitOnFlagUntilTimeout)
    i.USART2_IRQHandler                      0x08004054   Section        0  stm32l4xx_it.o(i.USART2_IRQHandler)
    i.USART3_IRQHandler                      0x08004060   Section        0  stm32l4xx_it.o(i.USART3_IRQHandler)
    i.UsageFault_Handler                     0x0800406c   Section        0  stm32l4xx_it.o(i.UsageFault_Handler)
    i.__NVIC_SetPriority                     0x0800406e   Section        0  stm32l4xx_hal_cortex.o(i.__NVIC_SetPriority)
    __NVIC_SetPriority                       0x0800406f   Thumb Code    32  stm32l4xx_hal_cortex.o(i.__NVIC_SetPriority)
    i.main                                   0x08004090   Section        0  main.o(i.main)
    x$fpl$dcmpinf                            0x08004390   Section       24  dcmpi.o(x$fpl$dcmpinf)
    $v0                                      0x08004390   Number         0  dcmpi.o(x$fpl$dcmpinf)
    x$fpl$dleqf                              0x080043a8   Section      120  dleqf.o(x$fpl$dleqf)
    $v0                                      0x080043a8   Number         0  dleqf.o(x$fpl$dleqf)
    x$fpl$dnaninf                            0x08004420   Section      156  dnaninf.o(x$fpl$dnaninf)
    $v0                                      0x08004420   Number         0  dnaninf.o(x$fpl$dnaninf)
    x$fpl$drleqf                             0x080044bc   Section      108  drleqf.o(x$fpl$drleqf)
    $v0                                      0x080044bc   Number         0  drleqf.o(x$fpl$drleqf)
    x$fpl$fpinit                             0x08004528   Section       10  fpinit.o(x$fpl$fpinit)
    $v0                                      0x08004528   Number         0  fpinit.o(x$fpl$fpinit)
    x$fpl$usenofp                            0x08004532   Section        0  usenofp.o(x$fpl$usenofp)
    .constdata                               0x08004534   Section       64  system_stm32l4xx.o(.constdata)
    .constdata                               0x08004574   Section        8  system_stm32l4xx.o(.constdata)
    .conststring                             0x0800457c   Section       46  main.o(.conststring)
    .data                                    0x20000000   Section       44  main.o(.data)
    .data                                    0x2000002c   Section       12  stm32l4xx_hal.o(.data)
    .data                                    0x20000038   Section        4  system_stm32l4xx.o(.data)
    .bss                                     0x2000003c   Section    12376  main.o(.bss)
    .bss                                     0x20003094   Section      176  adc.o(.bss)
    .bss                                     0x20003144   Section      408  usart.o(.bss)
    .bss                                     0x200032dc   Section       76  tim.o(.bss)
    .bss                                     0x20003328   Section       96  libspace.o(.bss)
    HEAP                                     0x20003388   Section      512  startup_stm32l496xx.o(HEAP)
    Heap_Mem                                 0x20003388   Data         512  startup_stm32l496xx.o(HEAP)
    STACK                                    0x20003588   Section     1024  startup_stm32l496xx.o(STACK)
    Stack_Mem                                0x20003588   Data        1024  startup_stm32l496xx.o(STACK)
    __initial_sp                             0x20003988   Data           0  startup_stm32l496xx.o(STACK)

    Global Symbols

    Symbol Name                              Value     Ov Type        Size  Object(Section)

    BuildAttributes$$THM_ISAv4$E$P$D$K$B$S$7EM$VFPi3$EXTD16$VFPS$VFMA$PE$A:L22UL41UL21$X:L11$S22US41US21$IEEE1$IW$USESV6$~STKCKD$USESV7$~SHL$OSPACE$ROPI$EBA8$UX$STANDARDLIB$REQ8$PRES8$EABIv2 0x00000000   Number         0  anon$$obj.o ABSOLUTE
    __ARM_use_no_argv                        0x00000000   Number         0  main.o ABSOLUTE
    __ARM_exceptions_init                     - Undefined Weak Reference
    __alloca_initialize                       - Undefined Weak Reference
    __arm_fini_                               - Undefined Weak Reference
    __arm_preinit_                            - Undefined Weak Reference
    __cpp_initialize__aeabi_                  - Undefined Weak Reference
    __cxa_finalize                            - Undefined Weak Reference
    __rt_locale                               - Undefined Weak Reference
    __sigvec_lookup                           - Undefined Weak Reference
    _atexit_init                              - Undefined Weak Reference
    _call_atexit_fns                          - Undefined Weak Reference
    _clock_init                               - Undefined Weak Reference
    _fp_trap_init                             - Undefined Weak Reference
    _fp_trap_shutdown                         - Undefined Weak Reference
    _get_lc_collate                           - Undefined Weak Reference
    _get_lc_ctype                             - Undefined Weak Reference
    _get_lc_monetary                          - Undefined Weak Reference
    _get_lc_numeric                           - Undefined Weak Reference
    _get_lc_time                              - Undefined Weak Reference
    _getenv_init                              - Undefined Weak Reference
    _handle_redirection                       - Undefined Weak Reference
    _init_alloc                               - Undefined Weak Reference
    _init_user_alloc                          - Undefined Weak Reference
    _initio                                   - Undefined Weak Reference
    _printf_post_padding                      - Undefined Weak Reference
    _printf_pre_padding                       - Undefined Weak Reference
    _printf_truncate_signed                   - Undefined Weak Reference
    _printf_truncate_unsigned                 - Undefined Weak Reference
    _rand_init                                - Undefined Weak Reference
    _signal_finish                            - Undefined Weak Reference
    _signal_init                              - Undefined Weak Reference
    _terminate_alloc                          - Undefined Weak Reference
    _terminate_user_alloc                     - Undefined Weak Reference
    _terminateio                              - Undefined Weak Reference
    __Vectors_Size                           0x000001ac   Number         0  startup_stm32l496xx.o ABSOLUTE
    __Vectors                                0x08000000   Data           4  startup_stm32l496xx.o(RESET)
    __Vectors_End                            0x080001ac   Data           0  startup_stm32l496xx.o(RESET)
    __main                                   0x080001ad   Thumb Code     8  __main.o(!!!main)
    __scatterload                            0x080001b5   Thumb Code     0  __scatter.o(!!!scatter)
    __scatterload_rt2                        0x080001b5   Thumb Code    44  __scatter.o(!!!scatter)
    __scatterload_rt2_thumb_only             0x080001b5   Thumb Code     0  __scatter.o(!!!scatter)
    __scatterload_null                       0x080001c3   Thumb Code     0  __scatter.o(!!!scatter)
    __scatterload_copy                       0x080001e9   Thumb Code    26  __scatter_copy.o(!!handler_copy)
    __scatterload_zeroinit                   0x08000205   Thumb Code    28  __scatter_zi.o(!!handler_zi)
    _printf_d                                0x08000221   Thumb Code     0  _printf_d.o(.ARM.Collect$$_printf_percent$$00000009)
    _printf_percent                          0x08000221   Thumb Code     0  _printf_percent.o(.ARM.Collect$$_printf_percent$$00000000)
    _printf_percent_end                      0x08000227   Thumb Code     0  _printf_percent_end.o(.ARM.Collect$$_printf_percent$$00000017)
    __rt_lib_init                            0x0800022b   Thumb Code     0  libinit.o(.ARM.Collect$$libinit$$00000000)
    __rt_lib_init_fp_1                       0x0800022d   Thumb Code     0  libinit2.o(.ARM.Collect$$libinit$$00000001)
    __rt_lib_init_alloca_1                   0x08000231   Thumb Code     0  libinit2.o(.ARM.Collect$$libinit$$0000002E)
    __rt_lib_init_argv_1                     0x08000231   Thumb Code     0  libinit2.o(.ARM.Collect$$libinit$$0000002C)
    __rt_lib_init_atexit_1                   0x08000231   Thumb Code     0  libinit2.o(.ARM.Collect$$libinit$$0000001B)
    __rt_lib_init_clock_1                    0x08000231   Thumb Code     0  libinit2.o(.ARM.Collect$$libinit$$00000021)
    __rt_lib_init_cpp_1                      0x08000231   Thumb Code     0  libinit2.o(.ARM.Collect$$libinit$$00000032)
    __rt_lib_init_exceptions_1               0x08000231   Thumb Code     0  libinit2.o(.ARM.Collect$$libinit$$00000030)
    __rt_lib_init_fp_trap_1                  0x08000231   Thumb Code     0  libinit2.o(.ARM.Collect$$libinit$$0000001F)
    __rt_lib_init_getenv_1                   0x08000231   Thumb Code     0  libinit2.o(.ARM.Collect$$libinit$$00000023)
    __rt_lib_init_heap_1                     0x08000231   Thumb Code     0  libinit2.o(.ARM.Collect$$libinit$$0000000A)
    __rt_lib_init_lc_collate_1               0x08000231   Thumb Code     0  libinit2.o(.ARM.Collect$$libinit$$00000011)
    __rt_lib_init_lc_ctype_1                 0x08000231   Thumb Code     0  libinit2.o(.ARM.Collect$$libinit$$00000013)
    __rt_lib_init_lc_monetary_1              0x08000231   Thumb Code     0  libinit2.o(.ARM.Collect$$libinit$$00000015)
    __rt_lib_init_lc_numeric_1               0x08000231   Thumb Code     0  libinit2.o(.ARM.Collect$$libinit$$00000017)
    __rt_lib_init_lc_time_1                  0x08000231   Thumb Code     0  libinit2.o(.ARM.Collect$$libinit$$00000019)
    __rt_lib_init_preinit_1                  0x08000231   Thumb Code     0  libinit2.o(.ARM.Collect$$libinit$$00000004)
    __rt_lib_init_rand_1                     0x08000231   Thumb Code     0  libinit2.o(.ARM.Collect$$libinit$$0000000E)
    __rt_lib_init_return                     0x08000231   Thumb Code     0  libinit2.o(.ARM.Collect$$libinit$$00000033)
    __rt_lib_init_signal_1                   0x08000231   Thumb Code     0  libinit2.o(.ARM.Collect$$libinit$$0000001D)
    __rt_lib_init_stdio_1                    0x08000231   Thumb Code     0  libinit2.o(.ARM.Collect$$libinit$$00000025)
    __rt_lib_init_user_alloc_1               0x08000231   Thumb Code     0  libinit2.o(.ARM.Collect$$libinit$$0000000C)
    __rt_lib_shutdown                        0x08000233   Thumb Code     0  libshutdown.o(.ARM.Collect$$libshutdown$$00000000)
    __rt_lib_shutdown_cpp_1                  0x08000235   Thumb Code     0  libshutdown2.o(.ARM.Collect$$libshutdown$$00000004)
    __rt_lib_shutdown_fini_1                 0x08000235   Thumb Code     0  libshutdown2.o(.ARM.Collect$$libshutdown$$00000002)
    __rt_lib_shutdown_fp_trap_1              0x08000235   Thumb Code     0  libshutdown2.o(.ARM.Collect$$libshutdown$$00000009)
    __rt_lib_shutdown_heap_1                 0x08000235   Thumb Code     0  libshutdown2.o(.ARM.Collect$$libshutdown$$00000011)
    __rt_lib_shutdown_return                 0x08000235   Thumb Code     0  libshutdown2.o(.ARM.Collect$$libshutdown$$00000012)
    __rt_lib_shutdown_signal_1               0x08000235   Thumb Code     0  libshutdown2.o(.ARM.Collect$$libshutdown$$0000000C)
    __rt_lib_shutdown_stdio_1                0x08000235   Thumb Code     0  libshutdown2.o(.ARM.Collect$$libshutdown$$00000006)
    __rt_lib_shutdown_user_alloc_1           0x08000235   Thumb Code     0  libshutdown2.o(.ARM.Collect$$libshutdown$$0000000E)
    __rt_entry                               0x08000237   Thumb Code     0  __rtentry.o(.ARM.Collect$$rtentry$$00000000)
    __rt_entry_presh_1                       0x08000237   Thumb Code     0  __rtentry2.o(.ARM.Collect$$rtentry$$00000002)
    __rt_entry_sh                            0x08000237   Thumb Code     0  __rtentry4.o(.ARM.Collect$$rtentry$$00000004)
    __rt_entry_li                            0x0800023d   Thumb Code     0  __rtentry2.o(.ARM.Collect$$rtentry$$0000000A)
    __rt_entry_postsh_1                      0x0800023d   Thumb Code     0  __rtentry2.o(.ARM.Collect$$rtentry$$00000009)
    __rt_entry_main                          0x08000241   Thumb Code     0  __rtentry2.o(.ARM.Collect$$rtentry$$0000000D)
    __rt_entry_postli_1                      0x08000241   Thumb Code     0  __rtentry2.o(.ARM.Collect$$rtentry$$0000000C)
    __rt_exit                                0x08000249   Thumb Code     0  rtexit.o(.ARM.Collect$$rtexit$$00000000)
    __rt_exit_ls                             0x0800024b   Thumb Code     0  rtexit2.o(.ARM.Collect$$rtexit$$00000003)
    __rt_exit_prels_1                        0x0800024b   Thumb Code     0  rtexit2.o(.ARM.Collect$$rtexit$$00000002)
    __rt_exit_exit                           0x0800024f   Thumb Code     0  rtexit2.o(.ARM.Collect$$rtexit$$00000004)
    Reset_Handler                            0x08000255   Thumb Code     8  startup_stm32l496xx.o(.text)
    ADC1_2_IRQHandler                        0x0800026f   Thumb Code     0  startup_stm32l496xx.o(.text)
    ADC3_IRQHandler                          0x0800026f   Thumb Code     0  startup_stm32l496xx.o(.text)
    CAN1_RX0_IRQHandler                      0x0800026f   Thumb Code     0  startup_stm32l496xx.o(.text)
    CAN1_RX1_IRQHandler                      0x0800026f   Thumb Code     0  startup_stm32l496xx.o(.text)
    CAN1_SCE_IRQHandler                      0x0800026f   Thumb Code     0  startup_stm32l496xx.o(.text)
    CAN1_TX_IRQHandler                       0x0800026f   Thumb Code     0  startup_stm32l496xx.o(.text)
    CAN2_RX0_IRQHandler                      0x0800026f   Thumb Code     0  startup_stm32l496xx.o(.text)
    CAN2_RX1_IRQHandler                      0x0800026f   Thumb Code     0  startup_stm32l496xx.o(.text)
    CAN2_SCE_IRQHandler                      0x0800026f   Thumb Code     0  startup_stm32l496xx.o(.text)
    CAN2_TX_IRQHandler                       0x0800026f   Thumb Code     0  startup_stm32l496xx.o(.text)
    COMP_IRQHandler                          0x0800026f   Thumb Code     0  startup_stm32l496xx.o(.text)
    CRS_IRQHandler                           0x0800026f   Thumb Code     0  startup_stm32l496xx.o(.text)
    DCMI_IRQHandler                          0x0800026f   Thumb Code     0  startup_stm32l496xx.o(.text)
    DFSDM1_FLT0_IRQHandler                   0x0800026f   Thumb Code     0  startup_stm32l496xx.o(.text)
    DFSDM1_FLT1_IRQHandler                   0x0800026f   Thumb Code     0  startup_stm32l496xx.o(.text)
    DFSDM1_FLT2_IRQHandler                   0x0800026f   Thumb Code     0  startup_stm32l496xx.o(.text)
    DFSDM1_FLT3_IRQHandler                   0x0800026f   Thumb Code     0  startup_stm32l496xx.o(.text)
    DMA1_Channel2_IRQHandler                 0x0800026f   Thumb Code     0  startup_stm32l496xx.o(.text)
    DMA1_Channel3_IRQHandler                 0x0800026f   Thumb Code     0  startup_stm32l496xx.o(.text)
    DMA1_Channel4_IRQHandler                 0x0800026f   Thumb Code     0  startup_stm32l496xx.o(.text)
    DMA1_Channel5_IRQHandler                 0x0800026f   Thumb Code     0  startup_stm32l496xx.o(.text)
    DMA1_Channel6_IRQHandler                 0x0800026f   Thumb Code     0  startup_stm32l496xx.o(.text)
    DMA1_Channel7_IRQHandler                 0x0800026f   Thumb Code     0  startup_stm32l496xx.o(.text)
    DMA2D_IRQHandler                         0x0800026f   Thumb Code     0  startup_stm32l496xx.o(.text)
    DMA2_Channel1_IRQHandler                 0x0800026f   Thumb Code     0  startup_stm32l496xx.o(.text)
    DMA2_Channel2_IRQHandler                 0x0800026f   Thumb Code     0  startup_stm32l496xx.o(.text)
    DMA2_Channel3_IRQHandler                 0x0800026f   Thumb Code     0  startup_stm32l496xx.o(.text)
    DMA2_Channel4_IRQHandler                 0x0800026f   Thumb Code     0  startup_stm32l496xx.o(.text)
    DMA2_Channel5_IRQHandler                 0x0800026f   Thumb Code     0  startup_stm32l496xx.o(.text)
    DMA2_Channel6_IRQHandler                 0x0800026f   Thumb Code     0  startup_stm32l496xx.o(.text)
    DMA2_Channel7_IRQHandler                 0x0800026f   Thumb Code     0  startup_stm32l496xx.o(.text)
    EXTI0_IRQHandler                         0x0800026f   Thumb Code     0  startup_stm32l496xx.o(.text)
    EXTI15_10_IRQHandler                     0x0800026f   Thumb Code     0  startup_stm32l496xx.o(.text)
    EXTI1_IRQHandler                         0x0800026f   Thumb Code     0  startup_stm32l496xx.o(.text)
    EXTI2_IRQHandler                         0x0800026f   Thumb Code     0  startup_stm32l496xx.o(.text)
    EXTI3_IRQHandler                         0x0800026f   Thumb Code     0  startup_stm32l496xx.o(.text)
    EXTI4_IRQHandler                         0x0800026f   Thumb Code     0  startup_stm32l496xx.o(.text)
    EXTI9_5_IRQHandler                       0x0800026f   Thumb Code     0  startup_stm32l496xx.o(.text)
    FLASH_IRQHandler                         0x0800026f   Thumb Code     0  startup_stm32l496xx.o(.text)
    FMC_IRQHandler                           0x0800026f   Thumb Code     0  startup_stm32l496xx.o(.text)
    FPU_IRQHandler                           0x0800026f   Thumb Code     0  startup_stm32l496xx.o(.text)
    I2C1_ER_IRQHandler                       0x0800026f   Thumb Code     0  startup_stm32l496xx.o(.text)
    I2C1_EV_IRQHandler                       0x0800026f   Thumb Code     0  startup_stm32l496xx.o(.text)
    I2C2_ER_IRQHandler                       0x0800026f   Thumb Code     0  startup_stm32l496xx.o(.text)
    I2C2_EV_IRQHandler                       0x0800026f   Thumb Code     0  startup_stm32l496xx.o(.text)
    I2C3_ER_IRQHandler                       0x0800026f   Thumb Code     0  startup_stm32l496xx.o(.text)
    I2C3_EV_IRQHandler                       0x0800026f   Thumb Code     0  startup_stm32l496xx.o(.text)
    I2C4_ER_IRQHandler                       0x0800026f   Thumb Code     0  startup_stm32l496xx.o(.text)
    I2C4_EV_IRQHandler                       0x0800026f   Thumb Code     0  startup_stm32l496xx.o(.text)
    LCD_IRQHandler                           0x0800026f   Thumb Code     0  startup_stm32l496xx.o(.text)
    LPTIM1_IRQHandler                        0x0800026f   Thumb Code     0  startup_stm32l496xx.o(.text)
    LPTIM2_IRQHandler                        0x0800026f   Thumb Code     0  startup_stm32l496xx.o(.text)
    OTG_FS_IRQHandler                        0x0800026f   Thumb Code     0  startup_stm32l496xx.o(.text)
    PVD_PVM_IRQHandler                       0x0800026f   Thumb Code     0  startup_stm32l496xx.o(.text)
    QUADSPI_IRQHandler                       0x0800026f   Thumb Code     0  startup_stm32l496xx.o(.text)
    RCC_IRQHandler                           0x0800026f   Thumb Code     0  startup_stm32l496xx.o(.text)
    RNG_IRQHandler                           0x0800026f   Thumb Code     0  startup_stm32l496xx.o(.text)
    RTC_Alarm_IRQHandler                     0x0800026f   Thumb Code     0  startup_stm32l496xx.o(.text)
    RTC_WKUP_IRQHandler                      0x0800026f   Thumb Code     0  startup_stm32l496xx.o(.text)
    SAI1_IRQHandler                          0x0800026f   Thumb Code     0  startup_stm32l496xx.o(.text)
    SAI2_IRQHandler                          0x0800026f   Thumb Code     0  startup_stm32l496xx.o(.text)
    SDMMC1_IRQHandler                        0x0800026f   Thumb Code     0  startup_stm32l496xx.o(.text)
    SPI1_IRQHandler                          0x0800026f   Thumb Code     0  startup_stm32l496xx.o(.text)
    SPI2_IRQHandler                          0x0800026f   Thumb Code     0  startup_stm32l496xx.o(.text)
    SPI3_IRQHandler                          0x0800026f   Thumb Code     0  startup_stm32l496xx.o(.text)
    SWPMI1_IRQHandler                        0x0800026f   Thumb Code     0  startup_stm32l496xx.o(.text)
    TAMP_STAMP_IRQHandler                    0x0800026f   Thumb Code     0  startup_stm32l496xx.o(.text)
    TIM1_BRK_TIM15_IRQHandler                0x0800026f   Thumb Code     0  startup_stm32l496xx.o(.text)
    TIM1_CC_IRQHandler                       0x0800026f   Thumb Code     0  startup_stm32l496xx.o(.text)
    TIM1_TRG_COM_TIM17_IRQHandler            0x0800026f   Thumb Code     0  startup_stm32l496xx.o(.text)
    TIM1_UP_TIM16_IRQHandler                 0x0800026f   Thumb Code     0  startup_stm32l496xx.o(.text)
    TIM2_IRQHandler                          0x0800026f   Thumb Code     0  startup_stm32l496xx.o(.text)
    TIM3_IRQHandler                          0x0800026f   Thumb Code     0  startup_stm32l496xx.o(.text)
    TIM4_IRQHandler                          0x0800026f   Thumb Code     0  startup_stm32l496xx.o(.text)
    TIM5_IRQHandler                          0x0800026f   Thumb Code     0  startup_stm32l496xx.o(.text)
    TIM6_DAC_IRQHandler                      0x0800026f   Thumb Code     0  startup_stm32l496xx.o(.text)
    TIM7_IRQHandler                          0x0800026f   Thumb Code     0  startup_stm32l496xx.o(.text)
    TSC_IRQHandler                           0x0800026f   Thumb Code     0  startup_stm32l496xx.o(.text)
    UART4_IRQHandler                         0x0800026f   Thumb Code     0  startup_stm32l496xx.o(.text)
    UART5_IRQHandler                         0x0800026f   Thumb Code     0  startup_stm32l496xx.o(.text)
    USART1_IRQHandler                        0x0800026f   Thumb Code     0  startup_stm32l496xx.o(.text)
    WWDG_IRQHandler                          0x0800026f   Thumb Code     0  startup_stm32l496xx.o(.text)
    __user_initial_stackheap                 0x08000271   Thumb Code     0  startup_stm32l496xx.o(.text)
    __aeabi_uldivmod                         0x08000295   Thumb Code     0  lludivv7m.o(.text)
    _ll_udiv                                 0x08000295   Thumb Code   238  lludivv7m.o(.text)
    __2sprintf                               0x08000385   Thumb Code    34  noretval__2sprintf.o(.text)
    __printf                                 0x080003ad   Thumb Code   104  __printf.o(.text)
    _printf_int_dec                          0x08000415   Thumb Code   104  _printf_dec.o(.text)
    strlen                                   0x0800048d   Thumb Code    62  strlen.o(.text)
    __aeabi_memclr4                          0x080004cb   Thumb Code     0  rt_memclr_w.o(.text)
    __aeabi_memclr8                          0x080004cb   Thumb Code     0  rt_memclr_w.o(.text)
    __rt_memclr_w                            0x080004cb   Thumb Code    78  rt_memclr_w.o(.text)
    _memset_w                                0x080004cf   Thumb Code     0  rt_memclr_w.o(.text)
    __use_two_region_memory                  0x08000519   Thumb Code     2  heapauxi.o(.text)
    __rt_heap_escrow$2region                 0x0800051b   Thumb Code     2  heapauxi.o(.text)
    __rt_heap_expand$2region                 0x0800051d   Thumb Code     2  heapauxi.o(.text)
    _printf_int_common                       0x0800051f   Thumb Code   178  _printf_intcommon.o(.text)
    _printf_char_common                      0x080005db   Thumb Code    32  _printf_char_common.o(.text)
    _sputc                                   0x08000601   Thumb Code    10  _sputc.o(.text)
    __user_setup_stackheap                   0x0800060b   Thumb Code    74  sys_stackheap_outer.o(.text)
    exit                                     0x08000655   Thumb Code    18  exit.o(.text)
    __user_libspace                          0x08000669   Thumb Code     8  libspace.o(.text)
    __user_perproc_libspace                  0x08000669   Thumb Code     0  libspace.o(.text)
    __user_perthread_libspace                0x08000669   Thumb Code     0  libspace.o(.text)
    _sys_exit                                0x08000671   Thumb Code     8  sys_exit.o(.text)
    __I$use$semihosting                      0x0800067d   Thumb Code     0  use_no_semi.o(.text)
    __use_no_semihosting_swi                 0x0800067d   Thumb Code     2  use_no_semi.o(.text)
    ADC_DMAConvCplt                          0x0800067f   Thumb Code   104  stm32l4xx_hal_adc.o(i.ADC_DMAConvCplt)
    __semihosting_library_function           0x0800067f   Thumb Code     0  indicate_semi.o(.text)
    ADC_DMAError                             0x080006e7   Thumb Code    26  stm32l4xx_hal_adc.o(i.ADC_DMAError)
    ADC_DMAHalfConvCplt                      0x08000701   Thumb Code    10  stm32l4xx_hal_adc.o(i.ADC_DMAHalfConvCplt)
    ADC_Disable                              0x0800070d   Thumb Code   106  stm32l4xx_hal_adc.o(i.ADC_Disable)
    ADC_Enable                               0x0800077d   Thumb Code   154  stm32l4xx_hal_adc.o(i.ADC_Enable)
    BusFault_Handler                         0x08000829   Thumb Code     2  stm32l4xx_it.o(i.BusFault_Handler)
    DMA1_Channel1_IRQHandler                 0x0800082d   Thumb Code     6  stm32l4xx_it.o(i.DMA1_Channel1_IRQHandler)
    DebugMon_Handler                         0x08000867   Thumb Code     2  stm32l4xx_it.o(i.DebugMon_Handler)
    Error_Handler                            0x08000869   Thumb Code     4  main.o(i.Error_Handler)
    HAL_ADCEx_Calibration_Start              0x0800086d   Thumb Code   140  stm32l4xx_hal_adc_ex.o(i.HAL_ADCEx_Calibration_Start)
    HAL_ADCEx_MultiModeConfigChannel         0x080008fd   Thumb Code   234  stm32l4xx_hal_adc_ex.o(i.HAL_ADCEx_MultiModeConfigChannel)
    HAL_ADC_ConfigChannel                    0x080009f9   Thumb Code   998  stm32l4xx_hal_adc.o(i.HAL_ADC_ConfigChannel)
    HAL_ADC_ConvCpltCallback                 0x08000e17   Thumb Code     2  stm32l4xx_hal_adc.o(i.HAL_ADC_ConvCpltCallback)
    HAL_ADC_ConvHalfCpltCallback             0x08000e19   Thumb Code     2  stm32l4xx_hal_adc.o(i.HAL_ADC_ConvHalfCpltCallback)
    HAL_ADC_ErrorCallback                    0x08000e1b   Thumb Code     2  stm32l4xx_hal_adc.o(i.HAL_ADC_ErrorCallback)
    HAL_ADC_Init                             0x08000e1d   Thumb Code   414  stm32l4xx_hal_adc.o(i.HAL_ADC_Init)
    HAL_ADC_MspInit                          0x08000fe5   Thumb Code   262  adc.o(i.HAL_ADC_MspInit)
    HAL_ADC_Start_DMA                        0x08001101   Thumb Code   234  stm32l4xx_hal_adc.o(i.HAL_ADC_Start_DMA)
    HAL_DMA_Abort                            0x0800120d   Thumb Code    74  stm32l4xx_hal_dma.o(i.HAL_DMA_Abort)
    HAL_DMA_Abort_IT                         0x08001257   Thumb Code    78  stm32l4xx_hal_dma.o(i.HAL_DMA_Abort_IT)
    HAL_DMA_IRQHandler                       0x080012a5   Thumb Code   186  stm32l4xx_hal_dma.o(i.HAL_DMA_IRQHandler)
    HAL_DMA_Init                             0x08001361   Thumb Code   178  stm32l4xx_hal_dma.o(i.HAL_DMA_Init)
    HAL_DMA_Start_IT                         0x08001421   Thumb Code   112  stm32l4xx_hal_dma.o(i.HAL_DMA_Start_IT)
    HAL_Delay                                0x08001491   Thumb Code    32  stm32l4xx_hal.o(i.HAL_Delay)
    HAL_GPIO_Init                            0x080014b5   Thumb Code   552  stm32l4xx_hal_gpio.o(i.HAL_GPIO_Init)
    HAL_GPIO_ReadPin                         0x0800170b   Thumb Code    10  stm32l4xx_hal_gpio.o(i.HAL_GPIO_ReadPin)
    HAL_GPIO_WritePin                        0x08001715   Thumb Code    10  stm32l4xx_hal_gpio.o(i.HAL_GPIO_WritePin)
    HAL_GetTick                              0x08001721   Thumb Code     6  stm32l4xx_hal.o(i.HAL_GetTick)
    HAL_IncTick                              0x0800172d   Thumb Code    12  stm32l4xx_hal.o(i.HAL_IncTick)
    HAL_Init                                 0x0800173d   Thumb Code    30  stm32l4xx_hal.o(i.HAL_Init)
    HAL_InitTick                             0x0800175d   Thumb Code    58  stm32l4xx_hal.o(i.HAL_InitTick)
    HAL_MspInit                              0x080017a1   Thumb Code    38  stm32l4xx_hal_msp.o(i.HAL_MspInit)
    HAL_NVIC_EnableIRQ                       0x080017cd   Thumb Code    26  stm32l4xx_hal_cortex.o(i.HAL_NVIC_EnableIRQ)
    HAL_NVIC_SetPriority                     0x080017e9   Thumb Code    60  stm32l4xx_hal_cortex.o(i.HAL_NVIC_SetPriority)
    HAL_NVIC_SetPriorityGrouping             0x08001829   Thumb Code    26  stm32l4xx_hal_cortex.o(i.HAL_NVIC_SetPriorityGrouping)
    HAL_PWREx_ControlVoltageScaling          0x0800184d   Thumb Code    90  stm32l4xx_hal_pwr_ex.o(i.HAL_PWREx_ControlVoltageScaling)
    HAL_PWREx_EnableVddIO2                   0x080018b5   Thumb Code    12  stm32l4xx_hal_pwr_ex.o(i.HAL_PWREx_EnableVddIO2)
    HAL_PWREx_GetVoltageRange                0x080018c5   Thumb Code    10  stm32l4xx_hal_pwr_ex.o(i.HAL_PWREx_GetVoltageRange)
    HAL_RCCEx_PeriphCLKConfig                0x080018d5   Thumb Code   954  stm32l4xx_hal_rcc_ex.o(i.HAL_RCCEx_PeriphCLKConfig)
    HAL_RCC_ClockConfig                      0x08001ca1   Thumb Code   304  stm32l4xx_hal_rcc.o(i.HAL_RCC_ClockConfig)
    HAL_RCC_GetPCLK1Freq                     0x08001de5   Thumb Code    24  stm32l4xx_hal_rcc.o(i.HAL_RCC_GetPCLK1Freq)
    HAL_RCC_GetPCLK2Freq                     0x08001e09   Thumb Code    24  stm32l4xx_hal_rcc.o(i.HAL_RCC_GetPCLK2Freq)
    HAL_RCC_GetSysClockFreq                  0x08001e2d   Thumb Code   150  stm32l4xx_hal_rcc.o(i.HAL_RCC_GetSysClockFreq)
    HAL_RCC_OscConfig                        0x08001ed1   Thumb Code  1374  stm32l4xx_hal_rcc.o(i.HAL_RCC_OscConfig)
    HAL_SYSTICK_Config                       0x08002439   Thumb Code    40  stm32l4xx_hal_cortex.o(i.HAL_SYSTICK_Config)
    HAL_TIMEx_Break2Callback                 0x08002461   Thumb Code     2  stm32l4xx_hal_tim_ex.o(i.HAL_TIMEx_Break2Callback)
    HAL_TIMEx_BreakCallback                  0x08002463   Thumb Code     2  stm32l4xx_hal_tim_ex.o(i.HAL_TIMEx_BreakCallback)
    HAL_TIMEx_CommutCallback                 0x08002465   Thumb Code     2  stm32l4xx_hal_tim_ex.o(i.HAL_TIMEx_CommutCallback)
    HAL_TIMEx_MasterConfigSynchronization    0x08002469   Thumb Code   130  stm32l4xx_hal_tim_ex.o(i.HAL_TIMEx_MasterConfigSynchronization)
    HAL_TIM_Base_Init                        0x08002505   Thumb Code    98  stm32l4xx_hal_tim.o(i.HAL_TIM_Base_Init)
    HAL_TIM_Base_MspInit                     0x08002569   Thumb Code    98  tim.o(i.HAL_TIM_Base_MspInit)
    HAL_TIM_Base_Start                       0x080025d5   Thumb Code    90  stm32l4xx_hal_tim.o(i.HAL_TIM_Base_Start)
    HAL_TIM_ConfigClockSource                0x0800264d   Thumb Code   220  stm32l4xx_hal_tim.o(i.HAL_TIM_ConfigClockSource)
    HAL_TIM_IC_CaptureCallback               0x0800272d   Thumb Code     2  stm32l4xx_hal_tim.o(i.HAL_TIM_IC_CaptureCallback)
    HAL_TIM_IRQHandler                       0x0800272f   Thumb Code   326  stm32l4xx_hal_tim.o(i.HAL_TIM_IRQHandler)
    HAL_TIM_OC_DelayElapsedCallback          0x08002875   Thumb Code     2  stm32l4xx_hal_tim.o(i.HAL_TIM_OC_DelayElapsedCallback)
    HAL_TIM_PWM_PulseFinishedCallback        0x08002877   Thumb Code     2  stm32l4xx_hal_tim.o(i.HAL_TIM_PWM_PulseFinishedCallback)
    HAL_TIM_PeriodElapsedCallback            0x08002879   Thumb Code     2  stm32l4xx_hal_tim.o(i.HAL_TIM_PeriodElapsedCallback)
    HAL_TIM_TriggerCallback                  0x0800287b   Thumb Code     2  stm32l4xx_hal_tim.o(i.HAL_TIM_TriggerCallback)
    HAL_UARTEx_RxEventCallback               0x0800287d   Thumb Code     2  stm32l4xx_hal_uart.o(i.HAL_UARTEx_RxEventCallback)
    HAL_UARTEx_WakeupCallback                0x0800287f   Thumb Code     2  stm32l4xx_hal_uart_ex.o(i.HAL_UARTEx_WakeupCallback)
    HAL_UART_ErrorCallback                   0x08002881   Thumb Code     2  stm32l4xx_hal_uart.o(i.HAL_UART_ErrorCallback)
    HAL_UART_IRQHandler                      0x08002885   Thumb Code   688  stm32l4xx_hal_uart.o(i.HAL_UART_IRQHandler)
    HAL_UART_Init                            0x08002b3d   Thumb Code   102  stm32l4xx_hal_uart.o(i.HAL_UART_Init)
    HAL_UART_MspInit                         0x08002ba5   Thumb Code   330  usart.o(i.HAL_UART_MspInit)
    HAL_UART_Receive_IT                      0x08002d09   Thumb Code    66  stm32l4xx_hal_uart.o(i.HAL_UART_Receive_IT)
    HAL_UART_RxCpltCallback                  0x08002d51   Thumb Code    48  main.o(i.HAL_UART_RxCpltCallback)
    HAL_UART_Transmit                        0x08002d91   Thumb Code   164  stm32l4xx_hal_uart.o(i.HAL_UART_Transmit)
    HAL_UART_TxCpltCallback                  0x08002e35   Thumb Code     8  main.o(i.HAL_UART_TxCpltCallback)
    HardFault_Handler                        0x08002e41   Thumb Code     2  stm32l4xx_it.o(i.HardFault_Handler)
    LPUART1_IRQHandler                       0x08002ea5   Thumb Code     6  stm32l4xx_it.o(i.LPUART1_IRQHandler)
    MX_ADC1_Init                             0x08002eb1   Thumb Code   202  adc.o(i.MX_ADC1_Init)
    MX_DMA_Init                              0x08002f95   Thumb Code    40  dma.o(i.MX_DMA_Init)
    MX_GPIO_Init                             0x08002fc1   Thumb Code   234  gpio.o(i.MX_GPIO_Init)
    MX_LPUART1_UART_Init                     0x080030bd   Thumb Code    50  usart.o(i.MX_LPUART1_UART_Init)
    MX_TIM8_Init                             0x080030f9   Thumb Code   104  tim.o(i.MX_TIM8_Init)
    MX_USART2_UART_Init                      0x08003169   Thumb Code    52  usart.o(i.MX_USART2_UART_Init)
    MX_USART3_UART_Init                      0x080031a5   Thumb Code    52  usart.o(i.MX_USART3_UART_Init)
    MemManage_Handler                        0x080031e1   Thumb Code     2  stm32l4xx_it.o(i.MemManage_Handler)
    NMI_Handler                              0x080031e3   Thumb Code     2  stm32l4xx_it.o(i.NMI_Handler)
    PendSV_Handler                           0x080031e5   Thumb Code     2  stm32l4xx_it.o(i.PendSV_Handler)
    SPI_DAC_AccInit_Val                      0x08003499   Thumb Code    50  main.o(i.SPI_DAC_AccInit_Val)
    SPI_DAC_Init                             0x080034dd   Thumb Code    50  main.o(i.SPI_DAC_Init)
    SPI_DAC_InitDAC                          0x08003515   Thumb Code    14  main.o(i.SPI_DAC_InitDAC)
    SPI_DAC_command_send                     0x08003525   Thumb Code   256  main.o(i.SPI_DAC_command_send)
    SPI_DAC_data_send                        0x08003629   Thumb Code   262  main.o(i.SPI_DAC_data_send)
    SPI_DAC_reg_init                         0x08003735   Thumb Code    70  main.o(i.SPI_DAC_reg_init)
    SVC_Handler                              0x0800377b   Thumb Code     2  stm32l4xx_it.o(i.SVC_Handler)
    SysTick_Handler                          0x0800377d   Thumb Code     4  stm32l4xx_it.o(i.SysTick_Handler)
    SystemClock_Config                       0x08003781   Thumb Code   124  main.o(i.SystemClock_Config)
    SystemInit                               0x080037fd   Thumb Code    12  system_stm32l4xx.o(i.SystemInit)
    TIM8_BRK_IRQHandler                      0x0800380d   Thumb Code     6  stm32l4xx_it.o(i.TIM8_BRK_IRQHandler)
    TIM8_CC_IRQHandler                       0x08003819   Thumb Code     6  stm32l4xx_it.o(i.TIM8_CC_IRQHandler)
    TIM8_TRG_COM_IRQHandler                  0x08003825   Thumb Code     6  stm32l4xx_it.o(i.TIM8_TRG_COM_IRQHandler)
    TIM8_UP_IRQHandler                       0x08003831   Thumb Code     6  stm32l4xx_it.o(i.TIM8_UP_IRQHandler)
    TIM_Base_SetConfig                       0x0800383d   Thumb Code   160  stm32l4xx_hal_tim.o(i.TIM_Base_SetConfig)
    TIM_ETR_SetConfig                        0x080038fd   Thumb Code    20  stm32l4xx_hal_tim.o(i.TIM_ETR_SetConfig)
    UART_AdvFeatureConfig                    0x08003967   Thumb Code   200  stm32l4xx_hal_uart.o(i.UART_AdvFeatureConfig)
    UART_CheckIdleState                      0x08003a2f   Thumb Code   168  stm32l4xx_hal_uart.o(i.UART_CheckIdleState)
    UART_SetConfig                           0x08003cc9   Thumb Code   542  stm32l4xx_hal_uart.o(i.UART_SetConfig)
    UART_Start_Receive_IT                    0x08003f11   Thumb Code   174  stm32l4xx_hal_uart.o(i.UART_Start_Receive_IT)
    UART_WaitOnFlagUntilTimeout              0x08003fc9   Thumb Code   140  stm32l4xx_hal_uart.o(i.UART_WaitOnFlagUntilTimeout)
    USART2_IRQHandler                        0x08004055   Thumb Code     6  stm32l4xx_it.o(i.USART2_IRQHandler)
    USART3_IRQHandler                        0x08004061   Thumb Code     6  stm32l4xx_it.o(i.USART3_IRQHandler)
    UsageFault_Handler                       0x0800406d   Thumb Code     2  stm32l4xx_it.o(i.UsageFault_Handler)
    main                                     0x08004091   Thumb Code   718  main.o(i.main)
    __fpl_dcmp_Inf                           0x08004391   Thumb Code    24  dcmpi.o(x$fpl$dcmpinf)
    __aeabi_cdcmple                          0x080043a9   Thumb Code     0  dleqf.o(x$fpl$dleqf)
    _dcmple                                  0x080043a9   Thumb Code   120  dleqf.o(x$fpl$dleqf)
    __fpl_dcmple_InfNaN                      0x0800440b   Thumb Code     0  dleqf.o(x$fpl$dleqf)
    __fpl_dnaninf                            0x08004421   Thumb Code   156  dnaninf.o(x$fpl$dnaninf)
    __aeabi_cdrcmple                         0x080044bd   Thumb Code     0  drleqf.o(x$fpl$drleqf)
    _drcmple                                 0x080044bd   Thumb Code   108  drleqf.o(x$fpl$drleqf)
    _fp_init                                 0x08004529   Thumb Code    10  fpinit.o(x$fpl$fpinit)
    __fplib_config_fpu_vfp                   0x08004531   Thumb Code     0  fpinit.o(x$fpl$fpinit)
    __fplib_config_pureend_doubles           0x08004531   Thumb Code     0  fpinit.o(x$fpl$fpinit)
    __I$use$fp                               0x08004532   Number         0  usenofp.o(x$fpl$usenofp)
    AHBPrescTable                            0x08004534   Data          16  system_stm32l4xx.o(.constdata)
    MSIRangeTable                            0x08004544   Data          48  system_stm32l4xx.o(.constdata)
    APBPrescTable                            0x08004574   Data           8  system_stm32l4xx.o(.constdata)
    Region$$Table$$Base                      0x080045ac   Number         0  anon$$obj.o(Region$$Table)
    Region$$Table$$Limit                     0x080045cc   Number         0  anon$$obj.o(Region$$Table)
    UartReady                                0x20000000   Data           1  main.o(.data)
    tmp1                                     0x20000001   Data           1  main.o(.data)
    tmp2                                     0x20000002   Data           1  main.o(.data)
    tmp3                                     0x20000003   Data           1  main.o(.data)
    tmp4                                     0x20000004   Data           1  main.o(.data)
    tmp5                                     0x20000005   Data           1  main.o(.data)
    tmp6                                     0x20000006   Data           1  main.o(.data)
    status_machine                           0x20000007   Data           1  main.o(.data)
    hmi_tx2_status                           0x20000008   Data           1  main.o(.data)
    tmp0                                     0x2000000a   Data           2  main.o(.data)
    tmp7                                     0x2000000c   Data           2  main.o(.data)
    hmi_ref_cnt                              0x2000000e   Data           2  main.o(.data)
    end                                      0x20000010   Data           3  main.o(.data)
    g                                        0x20000014   Data           4  main.o(.data)
    h                                        0x20000018   Data           4  main.o(.data)
    o                                        0x2000001c   Data           4  main.o(.data)
    n                                        0x20000020   Data           4  main.o(.data)
    data                                     0x20000024   Data           4  main.o(.data)
    rxcnt                                    0x20000028   Data           4  main.o(.data)
    uwTickFreq                               0x2000002c   Data           1  stm32l4xx_hal.o(.data)
    uwTickPrio                               0x20000030   Data           4  stm32l4xx_hal.o(.data)
    uwTick                                   0x20000034   Data           4  stm32l4xx_hal.o(.data)
    SystemCoreClock                          0x20000038   Data           4  system_stm32l4xx.o(.data)
    aRxBuffer                                0x2000003c   Data          20  main.o(.bss)
    adc_buff                                 0x20000050   Data       12288  main.o(.bss)
    adc_output                               0x20003050   Data          12  main.o(.bss)
    wave_cmd                                 0x2000305c   Data          24  main.o(.bss)
    rx1byte                                  0x20003074   Data          32  main.o(.bss)
    hadc1                                    0x20003094   Data         104  adc.o(.bss)
    hdma_adc1                                0x200030fc   Data          72  adc.o(.bss)
    hlpuart1                                 0x20003144   Data         136  usart.o(.bss)
    huart2                                   0x200031cc   Data         136  usart.o(.bss)
    huart3                                   0x20003254   Data         136  usart.o(.bss)
    htim8                                    0x200032dc   Data          76  tim.o(.bss)
    __libspace_start                         0x20003328   Data          96  libspace.o(.bss)
    __temporary_stack_top$libspace           0x20003388   Data           0  libspace.o(.bss)



==============================================================================

Memory Map of the image

  Image Entry point : 0x080001ad

  Load Region LR_IROM1 (Base: 0x08000000, Size: 0x00004608, Max: 0x00100000, ABSOLUTE)

    Execution Region ER_IROM1 (Exec base: 0x08000000, Load base: 0x08000000, Size: 0x000045cc, Max: 0x00100000, ABSOLUTE)

    Exec Addr    Load Addr    Size         Type   Attr      Idx    E Section Name        Object

    0x08000000   0x08000000   0x000001ac   Data   RO            3    RESET               startup_stm32l496xx.o
    0x080001ac   0x080001ac   0x00000008   Code   RO         4100  * !!!main             c_w.l(__main.o)
    0x080001b4   0x080001b4   0x00000034   Code   RO         4305    !!!scatter          c_w.l(__scatter.o)
    0x080001e8   0x080001e8   0x0000001a   Code   RO         4307    !!handler_copy      c_w.l(__scatter_copy.o)
    0x08000202   0x08000202   0x00000002   PAD
    0x08000204   0x08000204   0x0000001c   Code   RO         4309    !!handler_zi        c_w.l(__scatter_zi.o)
    0x08000220   0x08000220   0x00000000   Code   RO         4093    .ARM.Collect$$_printf_percent$$00000000  c_w.l(_printf_percent.o)
    0x08000220   0x08000220   0x00000006   Code   RO         4092    .ARM.Collect$$_printf_percent$$00000009  c_w.l(_printf_d.o)
    0x08000226   0x08000226   0x00000004   Code   RO         4131    .ARM.Collect$$_printf_percent$$00000017  c_w.l(_printf_percent_end.o)
    0x0800022a   0x0800022a   0x00000002   Code   RO         4173    .ARM.Collect$$libinit$$00000000  c_w.l(libinit.o)
    0x0800022c   0x0800022c   0x00000004   Code   RO         4185    .ARM.Collect$$libinit$$00000001  c_w.l(libinit2.o)
    0x08000230   0x08000230   0x00000000   Code   RO         4188    .ARM.Collect$$libinit$$00000004  c_w.l(libinit2.o)
    0x08000230   0x08000230   0x00000000   Code   RO         4191    .ARM.Collect$$libinit$$0000000A  c_w.l(libinit2.o)
    0x08000230   0x08000230   0x00000000   Code   RO         4193    .ARM.Collect$$libinit$$0000000C  c_w.l(libinit2.o)
    0x08000230   0x08000230   0x00000000   Code   RO         4195    .ARM.Collect$$libinit$$0000000E  c_w.l(libinit2.o)
    0x08000230   0x08000230   0x00000000   Code   RO         4198    .ARM.Collect$$libinit$$00000011  c_w.l(libinit2.o)
    0x08000230   0x08000230   0x00000000   Code   RO         4200    .ARM.Collect$$libinit$$00000013  c_w.l(libinit2.o)
    0x08000230   0x08000230   0x00000000   Code   RO         4202    .ARM.Collect$$libinit$$00000015  c_w.l(libinit2.o)
    0x08000230   0x08000230   0x00000000   Code   RO         4204    .ARM.Collect$$libinit$$00000017  c_w.l(libinit2.o)
    0x08000230   0x08000230   0x00000000   Code   RO         4206    .ARM.Collect$$libinit$$00000019  c_w.l(libinit2.o)
    0x08000230   0x08000230   0x00000000   Code   RO         4208    .ARM.Collect$$libinit$$0000001B  c_w.l(libinit2.o)
    0x08000230   0x08000230   0x00000000   Code   RO         4210    .ARM.Collect$$libinit$$0000001D  c_w.l(libinit2.o)
    0x08000230   0x08000230   0x00000000   Code   RO         4212    .ARM.Collect$$libinit$$0000001F  c_w.l(libinit2.o)
    0x08000230   0x08000230   0x00000000   Code   RO         4214    .ARM.Collect$$libinit$$00000021  c_w.l(libinit2.o)
    0x08000230   0x08000230   0x00000000   Code   RO         4216    .ARM.Collect$$libinit$$00000023  c_w.l(libinit2.o)
    0x08000230   0x08000230   0x00000000   Code   RO         4218    .ARM.Collect$$libinit$$00000025  c_w.l(libinit2.o)
    0x08000230   0x08000230   0x00000000   Code   RO         4222    .ARM.Collect$$libinit$$0000002C  c_w.l(libinit2.o)
    0x08000230   0x08000230   0x00000000   Code   RO         4224    .ARM.Collect$$libinit$$0000002E  c_w.l(libinit2.o)
    0x08000230   0x08000230   0x00000000   Code   RO         4226    .ARM.Collect$$libinit$$00000030  c_w.l(libinit2.o)
    0x08000230   0x08000230   0x00000000   Code   RO         4228    .ARM.Collect$$libinit$$00000032  c_w.l(libinit2.o)
    0x08000230   0x08000230   0x00000002   Code   RO         4229    .ARM.Collect$$libinit$$00000033  c_w.l(libinit2.o)
    0x08000232   0x08000232   0x00000002   Code   RO         4260    .ARM.Collect$$libshutdown$$00000000  c_w.l(libshutdown.o)
    0x08000234   0x08000234   0x00000000   Code   RO         4286    .ARM.Collect$$libshutdown$$00000002  c_w.l(libshutdown2.o)
    0x08000234   0x08000234   0x00000000   Code   RO         4288    .ARM.Collect$$libshutdown$$00000004  c_w.l(libshutdown2.o)
    0x08000234   0x08000234   0x00000000   Code   RO         4290    .ARM.Collect$$libshutdown$$00000006  c_w.l(libshutdown2.o)
    0x08000234   0x08000234   0x00000000   Code   RO         4293    .ARM.Collect$$libshutdown$$00000009  c_w.l(libshutdown2.o)
    0x08000234   0x08000234   0x00000000   Code   RO         4296    .ARM.Collect$$libshutdown$$0000000C  c_w.l(libshutdown2.o)
    0x08000234   0x08000234   0x00000000   Code   RO         4298    .ARM.Collect$$libshutdown$$0000000E  c_w.l(libshutdown2.o)
    0x08000234   0x08000234   0x00000000   Code   RO         4301    .ARM.Collect$$libshutdown$$00000011  c_w.l(libshutdown2.o)
    0x08000234   0x08000234   0x00000002   Code   RO         4302    .ARM.Collect$$libshutdown$$00000012  c_w.l(libshutdown2.o)
    0x08000236   0x08000236   0x00000000   Code   RO         4120    .ARM.Collect$$rtentry$$00000000  c_w.l(__rtentry.o)
    0x08000236   0x08000236   0x00000000   Code   RO         4140    .ARM.Collect$$rtentry$$00000002  c_w.l(__rtentry2.o)
    0x08000236   0x08000236   0x00000006   Code   RO         4152    .ARM.Collect$$rtentry$$00000004  c_w.l(__rtentry4.o)
    0x0800023c   0x0800023c   0x00000000   Code   RO         4142    .ARM.Collect$$rtentry$$00000009  c_w.l(__rtentry2.o)
    0x0800023c   0x0800023c   0x00000004   Code   RO         4143    .ARM.Collect$$rtentry$$0000000A  c_w.l(__rtentry2.o)
    0x08000240   0x08000240   0x00000000   Code   RO         4145    .ARM.Collect$$rtentry$$0000000C  c_w.l(__rtentry2.o)
    0x08000240   0x08000240   0x00000008   Code   RO         4146    .ARM.Collect$$rtentry$$0000000D  c_w.l(__rtentry2.o)
    0x08000248   0x08000248   0x00000002   Code   RO         4177    .ARM.Collect$$rtexit$$00000000  c_w.l(rtexit.o)
    0x0800024a   0x0800024a   0x00000000   Code   RO         4233    .ARM.Collect$$rtexit$$00000002  c_w.l(rtexit2.o)
    0x0800024a   0x0800024a   0x00000004   Code   RO         4234    .ARM.Collect$$rtexit$$00000003  c_w.l(rtexit2.o)
    0x0800024e   0x0800024e   0x00000006   Code   RO         4235    .ARM.Collect$$rtexit$$00000004  c_w.l(rtexit2.o)
    0x08000254   0x08000254   0x00000040   Code   RO            4    .text               startup_stm32l496xx.o
    0x08000294   0x08000294   0x000000ee   Code   RO         4062    .text               c_w.l(lludivv7m.o)
    0x08000382   0x08000382   0x00000002   PAD
    0x08000384   0x08000384   0x00000028   Code   RO         4066    .text               c_w.l(noretval__2sprintf.o)
    0x080003ac   0x080003ac   0x00000068   Code   RO         4068    .text               c_w.l(__printf.o)
    0x08000414   0x08000414   0x00000078   Code   RO         4070    .text               c_w.l(_printf_dec.o)
    0x0800048c   0x0800048c   0x0000003e   Code   RO         4094    .text               c_w.l(strlen.o)
    0x080004ca   0x080004ca   0x0000004e   Code   RO         4096    .text               c_w.l(rt_memclr_w.o)
    0x08000518   0x08000518   0x00000006   Code   RO         4098    .text               c_w.l(heapauxi.o)
    0x0800051e   0x0800051e   0x000000b2   Code   RO         4125    .text               c_w.l(_printf_intcommon.o)
    0x080005d0   0x080005d0   0x00000030   Code   RO         4127    .text               c_w.l(_printf_char_common.o)
    0x08000600   0x08000600   0x0000000a   Code   RO         4129    .text               c_w.l(_sputc.o)
    0x0800060a   0x0800060a   0x0000004a   Code   RO         4160    .text               c_w.l(sys_stackheap_outer.o)
    0x08000654   0x08000654   0x00000012   Code   RO         4162    .text               c_w.l(exit.o)
    0x08000666   0x08000666   0x00000002   PAD
    0x08000668   0x08000668   0x00000008   Code   RO         4174    .text               c_w.l(libspace.o)
    0x08000670   0x08000670   0x0000000c   Code   RO         4230    .text               c_w.l(sys_exit.o)
    0x0800067c   0x0800067c   0x00000002   Code   RO         4249    .text               c_w.l(use_no_semi.o)
    0x0800067e   0x0800067e   0x00000000   Code   RO         4251    .text               c_w.l(indicate_semi.o)
    0x0800067e   0x0800067e   0x00000068   Code   RO          600    i.ADC_DMAConvCplt   stm32l4xx_hal_adc.o
    0x080006e6   0x080006e6   0x0000001a   Code   RO          601    i.ADC_DMAError      stm32l4xx_hal_adc.o
    0x08000700   0x08000700   0x0000000a   Code   RO          602    i.ADC_DMAHalfConvCplt  stm32l4xx_hal_adc.o
    0x0800070a   0x0800070a   0x00000002   PAD
    0x0800070c   0x0800070c   0x00000070   Code   RO          603    i.ADC_Disable       stm32l4xx_hal_adc.o
    0x0800077c   0x0800077c   0x000000ac   Code   RO          604    i.ADC_Enable        stm32l4xx_hal_adc.o
    0x08000828   0x08000828   0x00000002   Code   RO          451    i.BusFault_Handler  stm32l4xx_it.o
    0x0800082a   0x0800082a   0x00000002   PAD
    0x0800082c   0x0800082c   0x0000000c   Code   RO          452    i.DMA1_Channel1_IRQHandler  stm32l4xx_it.o
    0x08000838   0x08000838   0x0000002e   Code   RO         1856    i.DMA_SetConfig     stm32l4xx_hal_dma.o
    0x08000866   0x08000866   0x00000002   Code   RO          453    i.DebugMon_Handler  stm32l4xx_it.o
    0x08000868   0x08000868   0x00000004   Code   RO           13    i.Error_Handler     main.o
    0x0800086c   0x0800086c   0x00000090   Code   RO          830    i.HAL_ADCEx_Calibration_Start  stm32l4xx_hal_adc_ex.o
    0x080008fc   0x080008fc   0x000000fc   Code   RO          847    i.HAL_ADCEx_MultiModeConfigChannel  stm32l4xx_hal_adc_ex.o
    0x080009f8   0x080009f8   0x0000041e   Code   RO          606    i.HAL_ADC_ConfigChannel  stm32l4xx_hal_adc.o
    0x08000e16   0x08000e16   0x00000002   Code   RO          607    i.HAL_ADC_ConvCpltCallback  stm32l4xx_hal_adc.o
    0x08000e18   0x08000e18   0x00000002   Code   RO          608    i.HAL_ADC_ConvHalfCpltCallback  stm32l4xx_hal_adc.o
    0x08000e1a   0x08000e1a   0x00000002   Code   RO          610    i.HAL_ADC_ErrorCallback  stm32l4xx_hal_adc.o
    0x08000e1c   0x08000e1c   0x000001c8   Code   RO          615    i.HAL_ADC_Init      stm32l4xx_hal_adc.o
    0x08000fe4   0x08000fe4   0x0000011c   Code   RO          284    i.HAL_ADC_MspInit   adc.o
    0x08001100   0x08001100   0x0000010c   Code   RO          622    i.HAL_ADC_Start_DMA  stm32l4xx_hal_adc.o
    0x0800120c   0x0800120c   0x0000004a   Code   RO         1857    i.HAL_DMA_Abort     stm32l4xx_hal_dma.o
    0x08001256   0x08001256   0x0000004e   Code   RO         1858    i.HAL_DMA_Abort_IT  stm32l4xx_hal_dma.o
    0x080012a4   0x080012a4   0x000000ba   Code   RO         1862    i.HAL_DMA_IRQHandler  stm32l4xx_hal_dma.o
    0x0800135e   0x0800135e   0x00000002   PAD
    0x08001360   0x08001360   0x000000c0   Code   RO         1863    i.HAL_DMA_Init      stm32l4xx_hal_dma.o
    0x08001420   0x08001420   0x00000070   Code   RO         1867    i.HAL_DMA_Start_IT  stm32l4xx_hal_dma.o
    0x08001490   0x08001490   0x00000024   Code   RO         1043    i.HAL_Delay         stm32l4xx_hal.o
    0x080014b4   0x080014b4   0x00000256   Code   RO         1793    i.HAL_GPIO_Init     stm32l4xx_hal_gpio.o
    0x0800170a   0x0800170a   0x0000000a   Code   RO         1795    i.HAL_GPIO_ReadPin  stm32l4xx_hal_gpio.o
    0x08001714   0x08001714   0x0000000a   Code   RO         1797    i.HAL_GPIO_WritePin  stm32l4xx_hal_gpio.o
    0x0800171e   0x0800171e   0x00000002   PAD
    0x08001720   0x08001720   0x0000000c   Code   RO         1047    i.HAL_GetTick       stm32l4xx_hal.o
    0x0800172c   0x0800172c   0x00000010   Code   RO         1053    i.HAL_IncTick       stm32l4xx_hal.o
    0x0800173c   0x0800173c   0x0000001e   Code   RO         1054    i.HAL_Init          stm32l4xx_hal.o
    0x0800175a   0x0800175a   0x00000002   PAD
    0x0800175c   0x0800175c   0x00000044   Code   RO         1055    i.HAL_InitTick      stm32l4xx_hal.o
    0x080017a0   0x080017a0   0x0000002c   Code   RO          575    i.HAL_MspInit       stm32l4xx_hal_msp.o
    0x080017cc   0x080017cc   0x0000001a   Code   RO         2340    i.HAL_NVIC_EnableIRQ  stm32l4xx_hal_cortex.o
    0x080017e6   0x080017e6   0x00000002   PAD
    0x080017e8   0x080017e8   0x00000040   Code   RO         2346    i.HAL_NVIC_SetPriority  stm32l4xx_hal_cortex.o
    0x08001828   0x08001828   0x00000024   Code   RO         2347    i.HAL_NVIC_SetPriorityGrouping  stm32l4xx_hal_cortex.o
    0x0800184c   0x0800184c   0x00000068   Code   RO         2084    i.HAL_PWREx_ControlVoltageScaling  stm32l4xx_hal_pwr_ex.o
    0x080018b4   0x080018b4   0x00000010   Code   RO         2109    i.HAL_PWREx_EnableVddIO2  stm32l4xx_hal_pwr_ex.o
    0x080018c4   0x080018c4   0x00000010   Code   RO         2115    i.HAL_PWREx_GetVoltageRange  stm32l4xx_hal_pwr_ex.o
    0x080018d4   0x080018d4   0x000003ca   Code   RO         1401    i.HAL_RCCEx_PeriphCLKConfig  stm32l4xx_hal_rcc_ex.o
    0x08001c9e   0x08001c9e   0x00000002   PAD
    0x08001ca0   0x08001ca0   0x00000144   Code   RO         1271    i.HAL_RCC_ClockConfig  stm32l4xx_hal_rcc.o
    0x08001de4   0x08001de4   0x00000024   Code   RO         1277    i.HAL_RCC_GetPCLK1Freq  stm32l4xx_hal_rcc.o
    0x08001e08   0x08001e08   0x00000024   Code   RO         1278    i.HAL_RCC_GetPCLK2Freq  stm32l4xx_hal_rcc.o
    0x08001e2c   0x08001e2c   0x000000a4   Code   RO         1280    i.HAL_RCC_GetSysClockFreq  stm32l4xx_hal_rcc.o
    0x08001ed0   0x08001ed0   0x00000568   Code   RO         1283    i.HAL_RCC_OscConfig  stm32l4xx_hal_rcc.o
    0x08002438   0x08002438   0x00000028   Code   RO         2351    i.HAL_SYSTICK_Config  stm32l4xx_hal_cortex.o
    0x08002460   0x08002460   0x00000002   Code   RO         3740    i.HAL_TIMEx_Break2Callback  stm32l4xx_hal_tim_ex.o
    0x08002462   0x08002462   0x00000002   Code   RO         3741    i.HAL_TIMEx_BreakCallback  stm32l4xx_hal_tim_ex.o
    0x08002464   0x08002464   0x00000002   Code   RO         3742    i.HAL_TIMEx_CommutCallback  stm32l4xx_hal_tim_ex.o
    0x08002466   0x08002466   0x00000002   PAD
    0x08002468   0x08002468   0x0000009c   Code   RO         3762    i.HAL_TIMEx_MasterConfigSynchronization  stm32l4xx_hal_tim_ex.o
    0x08002504   0x08002504   0x00000062   Code   RO         3026    i.HAL_TIM_Base_Init  stm32l4xx_hal_tim.o
    0x08002566   0x08002566   0x00000002   PAD
    0x08002568   0x08002568   0x0000006c   Code   RO          410    i.HAL_TIM_Base_MspInit  tim.o
    0x080025d4   0x080025d4   0x00000078   Code   RO         3029    i.HAL_TIM_Base_Start  stm32l4xx_hal_tim.o
    0x0800264c   0x0800264c   0x000000e0   Code   RO         3035    i.HAL_TIM_ConfigClockSource  stm32l4xx_hal_tim.o
    0x0800272c   0x0800272c   0x00000002   Code   RO         3060    i.HAL_TIM_IC_CaptureCallback  stm32l4xx_hal_tim.o
    0x0800272e   0x0800272e   0x00000146   Code   RO         3074    i.HAL_TIM_IRQHandler  stm32l4xx_hal_tim.o
    0x08002874   0x08002874   0x00000002   Code   RO         3077    i.HAL_TIM_OC_DelayElapsedCallback  stm32l4xx_hal_tim.o
    0x08002876   0x08002876   0x00000002   Code   RO         3104    i.HAL_TIM_PWM_PulseFinishedCallback  stm32l4xx_hal_tim.o
    0x08002878   0x08002878   0x00000002   Code   RO         3112    i.HAL_TIM_PeriodElapsedCallback  stm32l4xx_hal_tim.o
    0x0800287a   0x0800287a   0x00000002   Code   RO         3117    i.HAL_TIM_TriggerCallback  stm32l4xx_hal_tim.o
    0x0800287c   0x0800287c   0x00000002   Code   RO         2551    i.HAL_UARTEx_RxEventCallback  stm32l4xx_hal_uart.o
    0x0800287e   0x0800287e   0x00000002   Code   RO         2945    i.HAL_UARTEx_WakeupCallback  stm32l4xx_hal_uart_ex.o
    0x08002880   0x08002880   0x00000002   Code   RO         2567    i.HAL_UART_ErrorCallback  stm32l4xx_hal_uart.o
    0x08002882   0x08002882   0x00000002   PAD
    0x08002884   0x08002884   0x000002b8   Code   RO         2570    i.HAL_UART_IRQHandler  stm32l4xx_hal_uart.o
    0x08002b3c   0x08002b3c   0x00000066   Code   RO         2571    i.HAL_UART_Init     stm32l4xx_hal_uart.o
    0x08002ba2   0x08002ba2   0x00000002   PAD
    0x08002ba4   0x08002ba4   0x00000164   Code   RO          350    i.HAL_UART_MspInit  usart.o
    0x08002d08   0x08002d08   0x00000048   Code   RO         2576    i.HAL_UART_Receive_IT  stm32l4xx_hal_uart.o
    0x08002d50   0x08002d50   0x00000040   Code   RO           14    i.HAL_UART_RxCpltCallback  main.o
    0x08002d90   0x08002d90   0x000000a4   Code   RO         2580    i.HAL_UART_Transmit  stm32l4xx_hal_uart.o
    0x08002e34   0x08002e34   0x0000000c   Code   RO           15    i.HAL_UART_TxCpltCallback  main.o
    0x08002e40   0x08002e40   0x00000002   Code   RO          454    i.HardFault_Handler  stm32l4xx_it.o
    0x08002e42   0x08002e42   0x0000000c   Code   RO          628    i.LL_ADC_GetOffsetChannel  stm32l4xx_hal_adc.o
    0x08002e4e   0x08002e4e   0x00000008   Code   RO          629    i.LL_ADC_INJ_IsConversionOngoing  stm32l4xx_hal_adc.o
    0x08002e56   0x08002e56   0x00000008   Code   RO          630    i.LL_ADC_REG_IsConversionOngoing  stm32l4xx_hal_adc.o
    0x08002e5e   0x08002e5e   0x00000008   Code   RO          857    i.LL_ADC_REG_IsConversionOngoing  stm32l4xx_hal_adc_ex.o
    0x08002e66   0x08002e66   0x00000010   Code   RO          631    i.LL_ADC_REG_IsTriggerSourceSWStart  stm32l4xx_hal_adc.o
    0x08002e76   0x08002e76   0x0000001e   Code   RO          633    i.LL_ADC_SetChannelSamplingTime  stm32l4xx_hal_adc.o
    0x08002e94   0x08002e94   0x00000010   Code   RO          634    i.LL_ADC_SetOffsetState  stm32l4xx_hal_adc.o
    0x08002ea4   0x08002ea4   0x0000000c   Code   RO          455    i.LPUART1_IRQHandler  stm32l4xx_it.o
    0x08002eb0   0x08002eb0   0x000000e4   Code   RO          285    i.MX_ADC1_Init      adc.o
    0x08002f94   0x08002f94   0x0000002c   Code   RO          325    i.MX_DMA_Init       dma.o
    0x08002fc0   0x08002fc0   0x000000fc   Code   RO          259    i.MX_GPIO_Init      gpio.o
    0x080030bc   0x080030bc   0x0000003c   Code   RO          351    i.MX_LPUART1_UART_Init  usart.o
    0x080030f8   0x080030f8   0x00000070   Code   RO          411    i.MX_TIM8_Init      tim.o
    0x08003168   0x08003168   0x0000003c   Code   RO          352    i.MX_USART2_UART_Init  usart.o
    0x080031a4   0x080031a4   0x0000003c   Code   RO          353    i.MX_USART3_UART_Init  usart.o
    0x080031e0   0x080031e0   0x00000002   Code   RO          456    i.MemManage_Handler  stm32l4xx_it.o
    0x080031e2   0x080031e2   0x00000002   Code   RO          457    i.NMI_Handler       stm32l4xx_it.o
    0x080031e4   0x080031e4   0x00000002   Code   RO          458    i.PendSV_Handler    stm32l4xx_it.o
    0x080031e6   0x080031e6   0x00000002   PAD
    0x080031e8   0x080031e8   0x0000012c   Code   RO         1405    i.RCCEx_PLLSAI1_Config  stm32l4xx_hal_rcc_ex.o
    0x08003314   0x08003314   0x00000108   Code   RO         1406    i.RCCEx_PLLSAI2_Config  stm32l4xx_hal_rcc_ex.o
    0x0800341c   0x0800341c   0x0000007c   Code   RO         1284    i.RCC_SetFlashLatencyFromMSIRange  stm32l4xx_hal_rcc.o
    0x08003498   0x08003498   0x00000044   Code   RO           17    i.SPI_DAC_AccInit_Val  main.o
    0x080034dc   0x080034dc   0x00000038   Code   RO           19    i.SPI_DAC_Init      main.o
    0x08003514   0x08003514   0x0000000e   Code   RO           20    i.SPI_DAC_InitDAC   main.o
    0x08003522   0x08003522   0x00000002   PAD
    0x08003524   0x08003524   0x00000104   Code   RO           21    i.SPI_DAC_command_send  main.o
    0x08003628   0x08003628   0x0000010c   Code   RO           22    i.SPI_DAC_data_send  main.o
    0x08003734   0x08003734   0x00000046   Code   RO           23    i.SPI_DAC_reg_init  main.o
    0x0800377a   0x0800377a   0x00000002   Code   RO          459    i.SVC_Handler       stm32l4xx_it.o
    0x0800377c   0x0800377c   0x00000004   Code   RO          460    i.SysTick_Handler   stm32l4xx_it.o
    0x08003780   0x08003780   0x0000007c   Code   RO           24    i.SystemClock_Config  main.o
    0x080037fc   0x080037fc   0x00000010   Code   RO         4026    i.SystemInit        system_stm32l4xx.o
    0x0800380c   0x0800380c   0x0000000c   Code   RO          461    i.TIM8_BRK_IRQHandler  stm32l4xx_it.o
    0x08003818   0x08003818   0x0000000c   Code   RO          462    i.TIM8_CC_IRQHandler  stm32l4xx_it.o
    0x08003824   0x08003824   0x0000000c   Code   RO          463    i.TIM8_TRG_COM_IRQHandler  stm32l4xx_it.o
    0x08003830   0x08003830   0x0000000c   Code   RO          464    i.TIM8_UP_IRQHandler  stm32l4xx_it.o
    0x0800383c   0x0800383c   0x000000c0   Code   RO         3119    i.TIM_Base_SetConfig  stm32l4xx_hal_tim.o
    0x080038fc   0x080038fc   0x00000014   Code   RO         3130    i.TIM_ETR_SetConfig  stm32l4xx_hal_tim.o
    0x08003910   0x08003910   0x00000010   Code   RO         3131    i.TIM_ITRx_SetConfig  stm32l4xx_hal_tim.o
    0x08003920   0x08003920   0x00000022   Code   RO         3139    i.TIM_TI1_ConfigInputStage  stm32l4xx_hal_tim.o
    0x08003942   0x08003942   0x00000024   Code   RO         3141    i.TIM_TI2_ConfigInputStage  stm32l4xx_hal_tim.o
    0x08003966   0x08003966   0x000000c8   Code   RO         2585    i.UART_AdvFeatureConfig  stm32l4xx_hal_uart.o
    0x08003a2e   0x08003a2e   0x000000a8   Code   RO         2586    i.UART_CheckIdleState  stm32l4xx_hal_uart.o
    0x08003ad6   0x08003ad6   0x00000014   Code   RO         2587    i.UART_DMAAbortOnError  stm32l4xx_hal_uart.o
    0x08003aea   0x08003aea   0x0000004c   Code   RO         2597    i.UART_EndRxTransfer  stm32l4xx_hal_uart.o
    0x08003b36   0x08003b36   0x00000002   PAD
    0x08003b38   0x08003b38   0x000000c8   Code   RO         2599    i.UART_RxISR_16BIT  stm32l4xx_hal_uart.o
    0x08003c00   0x08003c00   0x000000c8   Code   RO         2600    i.UART_RxISR_8BIT   stm32l4xx_hal_uart.o
    0x08003cc8   0x08003cc8   0x00000248   Code   RO         2601    i.UART_SetConfig    stm32l4xx_hal_uart.o
    0x08003f10   0x08003f10   0x000000b8   Code   RO         2603    i.UART_Start_Receive_IT  stm32l4xx_hal_uart.o
    0x08003fc8   0x08003fc8   0x0000008c   Code   RO         2606    i.UART_WaitOnFlagUntilTimeout  stm32l4xx_hal_uart.o
    0x08004054   0x08004054   0x0000000c   Code   RO          465    i.USART2_IRQHandler  stm32l4xx_it.o
    0x08004060   0x08004060   0x0000000c   Code   RO          466    i.USART3_IRQHandler  stm32l4xx_it.o
    0x0800406c   0x0800406c   0x00000002   Code   RO          467    i.UsageFault_Handler  stm32l4xx_it.o
    0x0800406e   0x0800406e   0x00000020   Code   RO         2353    i.__NVIC_SetPriority  stm32l4xx_hal_cortex.o
    0x0800408e   0x0800408e   0x00000002   PAD
    0x08004090   0x08004090   0x00000300   Code   RO           25    i.main              main.o
    0x08004390   0x08004390   0x00000018   Code   RO         4158    x$fpl$dcmpinf       fz_wm.l(dcmpi.o)
    0x080043a8   0x080043a8   0x00000078   Code   RO         4132    x$fpl$dleqf         fz_wm.l(dleqf.o)
    0x08004420   0x08004420   0x0000009c   Code   RO         4134    x$fpl$dnaninf       fz_wm.l(dnaninf.o)
    0x080044bc   0x080044bc   0x0000006c   Code   RO         4118    x$fpl$drleqf        fz_wm.l(drleqf.o)
    0x08004528   0x08004528   0x0000000a   Code   RO         4245    x$fpl$fpinit        fz_wm.l(fpinit.o)
    0x08004532   0x08004532   0x00000000   Code   RO         4138    x$fpl$usenofp       fz_wm.l(usenofp.o)
    0x08004532   0x08004532   0x00000002   PAD
    0x08004534   0x08004534   0x00000040   Data   RO         4027    .constdata          system_stm32l4xx.o
    0x08004574   0x08004574   0x00000008   Data   RO         4028    .constdata          system_stm32l4xx.o
    0x0800457c   0x0800457c   0x0000002e   Data   RO           30    .conststring        main.o
    0x080045aa   0x080045aa   0x00000002   PAD
    0x080045ac   0x080045ac   0x00000020   Data   RO         4303    Region$$Table       anon$$obj.o


    Execution Region RW_IRAM2 (Exec base: 0x10000000, Load base: 0x08004608, Size: 0x00000000, Max: 0x00010000, ABSOLUTE)

    **** No section assigned to this execution region ****


    Execution Region RW_IRAM1 (Exec base: 0x20000000, Load base: 0x080045cc, Size: 0x00003988, Max: 0x00040000, ABSOLUTE)

    Exec Addr    Load Addr    Size         Type   Attr      Idx    E Section Name        Object

    0x20000000   0x080045cc   0x0000002c   Data   RW           35    .data               main.o
    0x2000002c   0x080045f8   0x0000000c   Data   RW         1071    .data               stm32l4xx_hal.o
    0x20000038   0x08004604   0x00000004   Data   RW         4029    .data               system_stm32l4xx.o
    0x2000003c        -       0x00003058   Zero   RW           26    .bss                main.o
    0x20003094        -       0x000000b0   Zero   RW          286    .bss                adc.o
    0x20003144        -       0x00000198   Zero   RW          355    .bss                usart.o
    0x200032dc        -       0x0000004c   Zero   RW          412    .bss                tim.o
    0x20003328        -       0x00000060   Zero   RW         4175    .bss                c_w.l(libspace.o)
    0x20003388        -       0x00000200   Zero   RW            2    HEAP                startup_stm32l496xx.o
    0x20003588        -       0x00000400   Zero   RW            1    STACK               startup_stm32l496xx.o


==============================================================================

Image component sizes


      Code (inc. data)   RO Data    RW Data    ZI Data      Debug   Object Name

       512         48          0          0        176       2799   adc.o
        44          4          0          0          0       1130   dma.o
       252         18          0          0          0       1455   gpio.o
      1708        104         46         44      12376     948451   main.o
        64         26        428          0       1536        984   startup_stm32l496xx.o
       162         24          0         12          0      17809   stm32l4xx_hal.o
      2298        150          0          0          0      76779   stm32l4xx_hal_adc.o
       404         22          0          0          0      62629   stm32l4xx_hal_adc_ex.o
       198         14          0          0          0      34903   stm32l4xx_hal_cortex.o
       688         14          0          0          0       6410   stm32l4xx_hal_dma.o
       618         40          0          0          0       3675   stm32l4xx_hal_gpio.o
        44          6          0          0          0       1206   stm32l4xx_hal_msp.o
       136         24          0          0          0       2443   stm32l4xx_hal_pwr_ex.o
      2068         98          0          0          0       8224   stm32l4xx_hal_rcc.o
      1534         46          0          0          0       4708   stm32l4xx_hal_rcc_ex.o
      1076         66          0          0          0      13574   stm32l4xx_hal_tim.o
       162         26          0          0          0       3996   stm32l4xx_hal_tim_ex.o
      2810         94          0          0          0      17115   stm32l4xx_hal_uart.o
         2          0          0          0          0       1376   stm32l4xx_hal_uart_ex.o
       116         48          0          0          0      10952   stm32l4xx_it.o
        16          4         72          4          0       1713   system_stm32l4xx.o
       220         18          0          0         76       2442   tim.o
       536         52          0          0        408       4407   usart.o

    ----------------------------------------------------------------------
     15698        946        580         60      14572    1229180   Object Totals
         0          0         32          0          0          0   (incl. Generated)
        30          0          2          0          0          0   (incl. Padding)

    ----------------------------------------------------------------------

      Code (inc. data)   RO Data    RW Data    ZI Data      Debug   Library Member Name

         8          0          0          0          0         68   __main.o
       104          0          0          0          0         84   __printf.o
         0          0          0          0          0          0   __rtentry.o
        12          0          0          0          0          0   __rtentry2.o
         6          0          0          0          0          0   __rtentry4.o
        52          8          0          0          0          0   __scatter.o
        26          0          0          0          0          0   __scatter_copy.o
        28          0          0          0          0          0   __scatter_zi.o
        48          6          0          0          0         96   _printf_char_common.o
         6          0          0          0          0          0   _printf_d.o
       120         16          0          0          0         92   _printf_dec.o
       178          0          0          0          0         88   _printf_intcommon.o
         0          0          0          0          0          0   _printf_percent.o
         4          0          0          0          0          0   _printf_percent_end.o
        10          0          0          0          0         68   _sputc.o
        18          0          0          0          0         80   exit.o
         6          0          0          0          0        152   heapauxi.o
         0          0          0          0          0          0   indicate_semi.o
         2          0          0          0          0          0   libinit.o
         6          0          0          0          0          0   libinit2.o
         2          0          0          0          0          0   libshutdown.o
         2          0          0          0          0          0   libshutdown2.o
         8          4          0          0         96         68   libspace.o
       238          0          0          0          0        100   lludivv7m.o
        40          6          0          0          0         84   noretval__2sprintf.o
        78          0          0          0          0         80   rt_memclr_w.o
         2          0          0          0          0          0   rtexit.o
        10          0          0          0          0          0   rtexit2.o
        62          0          0          0          0         76   strlen.o
        12          4          0          0          0         68   sys_exit.o
        74          0          0          0          0         80   sys_stackheap_outer.o
         2          0          0          0          0         68   use_no_semi.o
        24          0          0          0          0        116   dcmpi.o
       120          4          0          0          0        140   dleqf.o
       156          4          0          0          0        140   dnaninf.o
       108          0          0          0          0        128   drleqf.o
        10          0          0          0          0        116   fpinit.o
         0          0          0          0          0          0   usenofp.o

    ----------------------------------------------------------------------
      1590         52          0          0         96       1992   Library Totals
         8          0          0          0          0          0   (incl. Padding)

    ----------------------------------------------------------------------

      Code (inc. data)   RO Data    RW Data    ZI Data      Debug   Library Name

      1164         44          0          0         96       1352   c_w.l
       418          8          0          0          0        640   fz_wm.l

    ----------------------------------------------------------------------
      1590         52          0          0         96       1992   Library Totals

    ----------------------------------------------------------------------

==============================================================================


      Code (inc. data)   RO Data    RW Data    ZI Data      Debug   

     17288        998        580         60      14668    1218448   Grand Totals
     17288        998        580         60      14668    1218448   ELF Image Totals
     17288        998        580         60          0          0   ROM Totals

==============================================================================

    Total RO  Size (Code + RO Data)                17868 (  17.45kB)
    Total RW  Size (RW Data + ZI Data)             14728 (  14.38kB)
    Total ROM Size (Code + RO Data + RW Data)      17928 (  17.51kB)

==============================================================================

