Archive member included to satisfy reference by file (symbol)

/opt/homebrew/Cellar/arm-none-eabi-gcc/10.3-2021.07/gcc/bin/../lib/gcc/arm-none-eabi/10.3.1/thumb/v7e-m/nofp/libgcc.a(_arm_muldf3.o)
                              CMakeFiles/Gas_ADC.elf.dir/Core/Src/main.c.obj (__aeabi_dmul)
/opt/homebrew/Cellar/arm-none-eabi-gcc/10.3-2021.07/gcc/bin/../lib/gcc/arm-none-eabi/10.3.1/thumb/v7e-m/nofp/libgcc.a(_arm_addsubdf3.o)
                              CMakeFiles/Gas_ADC.elf.dir/Core/Src/main.c.obj (__aeabi_i2d)
/opt/homebrew/Cellar/arm-none-eabi-gcc/10.3-2021.07/gcc/bin/../lib/gcc/arm-none-eabi/10.3.1/thumb/v7e-m/nofp/libgcc.a(_arm_truncdfsf2.o)
                              CMakeFiles/Gas_ADC.elf.dir/Core/Src/main.c.obj (__aeabi_d2f)
/opt/homebrew/Cellar/arm-none-eabi-gcc/10.3-2021.07/gcc/bin/../lib/gcc/arm-none-eabi/10.3.1/thumb/v7e-m/nofp/libgcc.a(_aeabi_uldivmod.o)
                              CMakeFiles/Gas_ADC.elf.dir/Drivers/STM32L4xx_HAL_Driver/Src/stm32l4xx_hal_uart.c.obj (__aeabi_uldivmod)
/opt/homebrew/Cellar/arm-none-eabi-gcc/10.3-2021.07/gcc/bin/../lib/gcc/arm-none-eabi/10.3.1/thumb/v7e-m/nofp/libgcc.a(_udivmoddi4.o)
                              /opt/homebrew/Cellar/arm-none-eabi-gcc/10.3-2021.07/gcc/bin/../lib/gcc/arm-none-eabi/10.3.1/thumb/v7e-m/nofp/libgcc.a(_aeabi_uldivmod.o) (__udivmoddi4)
/opt/homebrew/Cellar/arm-none-eabi-gcc/10.3-2021.07/gcc/bin/../lib/gcc/arm-none-eabi/10.3.1/thumb/v7e-m/nofp/libgcc.a(_dvmd_tls.o)
                              /opt/homebrew/Cellar/arm-none-eabi-gcc/10.3-2021.07/gcc/bin/../lib/gcc/arm-none-eabi/10.3.1/thumb/v7e-m/nofp/libgcc.a(_aeabi_uldivmod.o) (__aeabi_ldiv0)
/opt/homebrew/Cellar/arm-none-eabi-gcc/10.3-2021.07/gcc/bin/../lib/gcc/arm-none-eabi/10.3.1/../../../../arm-none-eabi/lib/thumb/v7e-m/nofp/libg.a(lib_a-errno.o)
                              CMakeFiles/Gas_ADC.elf.dir/Core/Src/syscalls.c.obj (__errno)
/opt/homebrew/Cellar/arm-none-eabi-gcc/10.3-2021.07/gcc/bin/../lib/gcc/arm-none-eabi/10.3.1/../../../../arm-none-eabi/lib/thumb/v7e-m/nofp/libg.a(lib_a-exit.o)
                              /opt/homebrew/Cellar/arm-none-eabi-gcc/10.3-2021.07/gcc/bin/../lib/gcc/arm-none-eabi/10.3.1/../../../../arm-none-eabi/lib/thumb/v7e-m/nofp/crt0.o (exit)
/opt/homebrew/Cellar/arm-none-eabi-gcc/10.3-2021.07/gcc/bin/../lib/gcc/arm-none-eabi/10.3.1/../../../../arm-none-eabi/lib/thumb/v7e-m/nofp/libg.a(lib_a-impure.o)
                              /opt/homebrew/Cellar/arm-none-eabi-gcc/10.3-2021.07/gcc/bin/../lib/gcc/arm-none-eabi/10.3.1/../../../../arm-none-eabi/lib/thumb/v7e-m/nofp/libg.a(lib_a-exit.o) (_global_impure_ptr)
/opt/homebrew/Cellar/arm-none-eabi-gcc/10.3-2021.07/gcc/bin/../lib/gcc/arm-none-eabi/10.3.1/../../../../arm-none-eabi/lib/thumb/v7e-m/nofp/libg.a(lib_a-init.o)
                              /opt/homebrew/Cellar/arm-none-eabi-gcc/10.3-2021.07/gcc/bin/../lib/gcc/arm-none-eabi/10.3.1/../../../../arm-none-eabi/lib/thumb/v7e-m/nofp/crt0.o (__libc_init_array)
/opt/homebrew/Cellar/arm-none-eabi-gcc/10.3-2021.07/gcc/bin/../lib/gcc/arm-none-eabi/10.3.1/../../../../arm-none-eabi/lib/thumb/v7e-m/nofp/libg.a(lib_a-memset.o)
                              /opt/homebrew/Cellar/arm-none-eabi-gcc/10.3-2021.07/gcc/bin/../lib/gcc/arm-none-eabi/10.3.1/../../../../arm-none-eabi/lib/thumb/v7e-m/nofp/crt0.o (memset)
/opt/homebrew/Cellar/arm-none-eabi-gcc/10.3-2021.07/gcc/bin/../lib/gcc/arm-none-eabi/10.3.1/../../../../arm-none-eabi/lib/thumb/v7e-m/nofp/libg.a(lib_a-printf.o)
                              CMakeFiles/Gas_ADC.elf.dir/Core/Src/main.c.obj (printf)
/opt/homebrew/Cellar/arm-none-eabi-gcc/10.3-2021.07/gcc/bin/../lib/gcc/arm-none-eabi/10.3.1/../../../../arm-none-eabi/lib/thumb/v7e-m/nofp/libg.a(lib_a-vfprintf.o)
                              /opt/homebrew/Cellar/arm-none-eabi-gcc/10.3-2021.07/gcc/bin/../lib/gcc/arm-none-eabi/10.3.1/../../../../arm-none-eabi/lib/thumb/v7e-m/nofp/libg.a(lib_a-printf.o) (_vfprintf_r)
/opt/homebrew/Cellar/arm-none-eabi-gcc/10.3-2021.07/gcc/bin/../lib/gcc/arm-none-eabi/10.3.1/../../../../arm-none-eabi/lib/thumb/v7e-m/nofp/libg.a(lib_a-wsetup.o)
                              /opt/homebrew/Cellar/arm-none-eabi-gcc/10.3-2021.07/gcc/bin/../lib/gcc/arm-none-eabi/10.3.1/../../../../arm-none-eabi/lib/thumb/v7e-m/nofp/libg.a(lib_a-vfprintf.o) (__swsetup_r)
/opt/homebrew/Cellar/arm-none-eabi-gcc/10.3-2021.07/gcc/bin/../lib/gcc/arm-none-eabi/10.3.1/../../../../arm-none-eabi/lib/thumb/v7e-m/nofp/libg.a(lib_a-__call_atexit.o)
                              /opt/homebrew/Cellar/arm-none-eabi-gcc/10.3-2021.07/gcc/bin/../lib/gcc/arm-none-eabi/10.3.1/../../../../arm-none-eabi/lib/thumb/v7e-m/nofp/libg.a(lib_a-exit.o) (__call_exitprocs)
/opt/homebrew/Cellar/arm-none-eabi-gcc/10.3-2021.07/gcc/bin/../lib/gcc/arm-none-eabi/10.3.1/../../../../arm-none-eabi/lib/thumb/v7e-m/nofp/libg.a(lib_a-atexit.o)
[...]
Memory Configuration

Name             Origin             Length             Attributes
RAM              0x0000000020000000 0x0000000000050000 xrw
RAM2             0x0000000010000000 0x0000000000010000 xrw
FLASH            0x0000000008000000 0x0000000000100000 xr
*default*        0x0000000000000000 0xffffffffffffffff

Linker script and memory map

LOAD /opt/homebrew/Cellar/arm-none-eabi-gcc/10.3-2021.07/gcc/bin/../lib/gcc/arm-none-eabi/10.3.1/thumb/v7e-m/nofp/crti.o
LOAD /opt/homebrew/Cellar/arm-none-eabi-gcc/10.3-2021.07/gcc/bin/../lib/gcc/arm-none-eabi/10.3.1/thumb/v7e-m/nofp/crtbegin.o
LOAD /opt/homebrew/Cellar/arm-none-eabi-gcc/10.3-2021.07/gcc/bin/../lib/gcc/arm-none-eabi/10.3.1/../../../../arm-none-eabi/lib/thumb/v7e-m/nofp/crt0.o
LOAD CMakeFiles/Gas_ADC.elf.dir/Core/Src/adc.c.obj
LOAD CMakeFiles/Gas_ADC.elf.dir/Core/Src/dma.c.obj
LOAD CMakeFiles/Gas_ADC.elf.dir/Core/Src/gpio.c.obj
LOAD CMakeFiles/Gas_ADC.elf.dir/Core/Src/main.c.obj
LOAD CMakeFiles/Gas_ADC.elf.dir/Core/Src/stm32l4xx_hal_msp.c.obj
LOAD CMakeFiles/Gas_ADC.elf.dir/Core/Src/stm32l4xx_it.c.obj
LOAD CMakeFiles/Gas_ADC.elf.dir/Core/Src/syscalls.c.obj
LOAD CMakeFiles/Gas_ADC.elf.dir/Core/Src/sysmem.c.obj
LOAD CMakeFiles/Gas_ADC.elf.dir/Core/Src/system_stm32l4xx.c.obj
LOAD CMakeFiles/Gas_ADC.elf.dir/Core/Src/tim.c.obj
LOAD CMakeFiles/Gas_ADC.elf.dir/Core/Src/usart.c.obj
LOAD CMakeFiles/Gas_ADC.elf.dir/Core/Startup/startup_stm32l496zgtx.s.obj
LOAD CMakeFiles/Gas_ADC.elf.dir/Drivers/STM32L4xx_HAL_Driver/Src/stm32l4xx_hal.c.obj
LOAD CMakeFiles/Gas_ADC.elf.dir/Drivers/STM32L4xx_HAL_Driver/Src/stm32l4xx_hal_adc.c.obj
LOAD CMakeFiles/Gas_ADC.elf.dir/Drivers/STM32L4xx_HAL_Driver/Src/stm32l4xx_hal_adc_ex.c.obj
LOAD CMakeFiles/Gas_ADC.elf.dir/Drivers/STM32L4xx_HAL_Driver/Src/stm32l4xx_hal_cortex.c.obj
LOAD CMakeFiles/Gas_ADC.elf.dir/Drivers/STM32L4xx_HAL_Driver/Src/stm32l4xx_hal_dma.c.obj
LOAD CMakeFiles/Gas_ADC.elf.dir/Drivers/STM32L4xx_HAL_Driver/Src/stm32l4xx_hal_dma_ex.c.obj
LOAD CMakeFiles/Gas_ADC.elf.dir/Drivers/STM32L4xx_HAL_Driver/Src/stm32l4xx_hal_exti.c.obj
LOAD CMakeFiles/Gas_ADC.elf.dir/Drivers/STM32L4xx_HAL_Driver/Src/stm32l4xx_hal_flash.c.obj
LOAD CMakeFiles/Gas_ADC.elf.dir/Drivers/STM32L4xx_HAL_Driver/Src/stm32l4xx_hal_flash_ex.c.obj
LOAD CMakeFiles/Gas_ADC.elf.dir/Drivers/STM32L4xx_HAL_Driver/Src/stm32l4xx_hal_flash_ramfunc.c.obj
LOAD CMakeFiles/Gas_ADC.elf.dir/Drivers/STM32L4xx_HAL_Driver/Src/stm32l4xx_hal_gpio.c.obj
LOAD CMakeFiles/Gas_ADC.elf.dir/Drivers/STM32L4xx_HAL_Driver/Src/stm32l4xx_hal_pwr.c.obj
LOAD CMakeFiles/Gas_ADC.elf.dir/Drivers/STM32L4xx_HAL_Driver/Src/stm32l4xx_hal_pwr_ex.c.obj
LOAD CMakeFiles/Gas_ADC.elf.dir/Drivers/STM32L4xx_HAL_Driver/Src/stm32l4xx_hal_rcc.c.obj
LOAD CMakeFiles/Gas_ADC.elf.dir/Drivers/STM32L4xx_HAL_Driver/Src/stm32l4xx_hal_rcc_ex.c.obj
LOAD CMakeFiles/Gas_ADC.elf.dir/Drivers/STM32L4xx_HAL_Driver/Src/stm32l4xx_hal_tim.c.obj
LOAD CMakeFiles/Gas_ADC.elf.dir/Drivers/STM32L4xx_HAL_Driver/Src/stm32l4xx_hal_tim_ex.c.obj
LOAD CMakeFiles/Gas_ADC.elf.dir/Drivers/STM32L4xx_HAL_Driver/Src/stm32l4xx_hal_uart.c.obj
LOAD CMakeFiles/Gas_ADC.elf.dir/Drivers/STM32L4xx_HAL_Driver/Src/stm32l4xx_hal_uart_ex.c.obj
START GROUP
LOAD /opt/homebrew/Cellar/arm-none-eabi-gcc/10.3-2021.07/gcc/bin/../lib/gcc/arm-none-eabi/10.3.1/thumb/v7e-m/nofp/libgcc.a
LOAD /opt/homebrew/Cellar/arm-none-eabi-gcc/10.3-2021.07/gcc/bin/../lib/gcc/arm-none-eabi/10.3.1/../../../../arm-none-eabi/lib/thumb/v7e-m/nofp/libg.a
LOAD /opt/homebrew/Cellar/arm-none-eabi-gcc/10.3-2021.07/gcc/bin/../lib/gcc/arm-none-eabi/10.3.1/../../../../arm-none-eabi/lib/thumb/v7e-m/nofp/libc.a
END GROUP
LOAD /opt/homebrew/Cellar/arm-none-eabi-gcc/10.3-2021.07/gcc/bin/../lib/gcc/arm-none-eabi/10.3.1/thumb/v7e-m/nofp/crtend.o
LOAD /opt/homebrew/Cellar/arm-none-eabi-gcc/10.3-2021.07/gcc/bin/../lib/gcc/arm-none-eabi/10.3.1/thumb/v7e-m/nofp/crtn.o
                0x0000000020050000                _estack = (ORIGIN (RAM) + LENGTH (RAM))
                0x0000000000000200                _Min_Heap_Size = 0x200
                0x0000000000000400                _Min_Stack_Size = 0x400

.isr_vector     0x0000000008000000      0x1ac
                0x0000000008000000                . = ALIGN (0x4)
 *(.isr_vector)
 .isr_vector    0x0000000008000000      0x1ac CMakeFiles/Gas_ADC.elf.dir/Core/Startup/startup_stm32l496zgtx.s.obj
                0x0000000008000000                g_pfnVectors
                0x00000000080001ac                . = ALIGN (0x4)

.text           0x00000000080001c0     0xa680
                0x00000000080001c0                . = ALIGN (0x4)
 *(.text)
 .text          0x00000000080001c0       0x40 /opt/homebrew/Cellar/arm-none-eabi-gcc/10.3-2021.07/gcc/bin/../lib/gcc/arm-none-eabi/10.3.1/thumb/v7e-m/nofp/crtbegin.o
 .text          0x0000000008000200      0x378 /opt/homebrew/Cellar/arm-none-eabi-gcc/10.3-2021.07/gcc/bin/../lib/gcc/arm-none-eabi/10.3.1/thumb/v7e-m/nofp/libgcc.a(_arm_addsubdf3.o)
                0x0000000008000200                __aeabi_drsub
                0x0000000008000208                __subdf3
                0x0000000008000208                __aeabi_dsub
                0x000000000800020c                __aeabi_dadd
                0x000000000800020c                __adddf3
                0x0000000008000484                __aeabi_ui2d
                0x0000000008000484                __floatunsidf
                0x00000000080004a4                __floatsidf
                0x00000000080004a4                __aeabi_i2d
                0x00000000080004c8                __extendsfdf2
                0x00000000080004c8                __aeabi_f2d
                0x000000000800050c                __aeabi_ul2d
                0x000000000800050c                __floatundidf
                0x000000000800051c                __aeabi_l2d
                0x000000000800051c                __floatdidf
 .text          0x0000000008000578       0xa0 /opt/homebrew/Cellar/arm-none-eabi-gcc/10.3-2021.07/gcc/bin/../lib/gcc/arm-none-eabi/10.3.1/thumb/v7e-m/nofp/libgcc.a(_arm_truncdfsf2.o)
                0x0000000008000578                __aeabi_d2f
                0x0000000008000578                __truncdfsf2
 .text          0x0000000008000618       0x30 /opt/homebrew/Cellar/arm-none-eabi-gcc/10.3-2021.07/gcc/bin/../lib/gcc/arm-none-eabi/10.3.1/thumb/v7e-m/nofp/libgcc.a(_aeabi_uldivmod.o)
                0x0000000008000618                __aeabi_uldivmod
 .text          0x0000000008000648      0x2d0 /opt/homebrew/Cellar/arm-none-eabi-gcc/10.3-2021.07/gcc/bin/../lib/gcc/arm-none-eabi/10.3.1/thumb/v7e-m/nofp/libgcc.a(_udivmoddi4.o)
                0x0000000008000648                __udivmoddi4
 .text          0x0000000008000918        0x4 /opt/homebrew/Cellar/arm-none-eabi-gcc/10.3-2021.07/gcc/bin/../lib/gcc/arm-none-eabi/10.3.1/thumb/v7e-m/nofp/libgcc.a(_dvmd_tls.o)
                0x0000000008000918                __aeabi_ldiv0
                0x0000000008000918                __aeabi_idiv0
 *fill*         0x000000000800091c        0x4 
 .text          0x0000000008000920       0xa0 /opt/homebrew/Cellar/arm-none-eabi-gcc/10.3-2021.07/gcc/bin/../lib/gcc/arm-none-eabi/10.3.1/../../../../arm-none-eabi/lib/thumb/v7e-m/nofp/libg.a(lib_a-memchr.o)
                0x0000000008000920                memchr
 .text          0x00000000080009c0      0x134 /opt/homebrew/Cellar/arm-none-eabi-gcc/10.3-2021.07/gcc/bin/../lib/gcc/arm-none-eabi/10.3.1/../../../../arm-none-eabi/lib/thumb/v7e-m/nofp/libg.a(lib_a-memcpy.o)
                0x00000000080009c0                memcpy
 *fill*         0x0000000008000af4        0xc 
 .text          0x0000000008000b00       0xdc /opt/homebrew/Cellar/arm-none-eabi-gcc/10.3-2021.07/gcc/bin/../lib/gcc/arm-none-eabi/10.3.1/../../../../arm-none-eabi/lib/thumb/v7e-m/nofp/libg.a(lib_a-strlen.o)
                0x0000000008000b00                strlen
 .text          0x0000000008000bdc      0x424 /opt/homebrew/Cellar/arm-none-eabi-gcc/10.3-2021.07/gcc/bin/../lib/gcc/arm-none-eabi/10.3.1/thumb/v7e-m/nofp/libgcc.a(_arm_muldivdf3.o)
                0x0000000008000bdc                __aeabi_dmul
                0x0000000008000bdc                __muldf3
                0x0000000008000e30                __aeabi_ddiv
                0x0000000008000e30                __divdf3
 .text          0x0000000008001000      0x110 /opt/homebrew/Cellar/arm-none-eabi-gcc/10.3-2021.07/gcc/bin/../lib/gcc/arm-none-eabi/10.3.1/thumb/v7e-m/nofp/libgcc.a(_arm_cmpdf2.o)
                0x0000000008001000                __gedf2
                0x0000000008001000                __gtdf2
                0x0000000008001008                __ledf2
                0x0000000008001008                __ltdf2
                0x0000000008001010                __cmpdf2
                0x0000000008001010                __eqdf2
                0x0000000008001010                __nedf2
                0x000000000800108c                __aeabi_cdrcmple
                0x000000000800109c                __aeabi_cdcmple
                0x000000000800109c                __aeabi_cdcmpeq
                0x00000000080010ac                __aeabi_dcmpeq
                0x00000000080010c0                __aeabi_dcmplt
                0x00000000080010d4                __aeabi_dcmple
                0x00000000080010e8                __aeabi_dcmpge
                0x00000000080010fc                __aeabi_dcmpgt
 .text          0x0000000008001110       0x2c /opt/homebrew/Cellar/arm-none-eabi-gcc/10.3-2021.07/gcc/bin/../lib/gcc/arm-none-eabi/10.3.1/thumb/v7e-m/nofp/libgcc.a(_arm_unorddf2.o)
                0x0000000008001110                __aeabi_dcmpun
                0x0000000008001110                __unorddf2
 .text          0x000000000800113c       0x50 /opt/homebrew/Cellar/arm-none-eabi-gcc/10.3-2021.07/gcc/bin/../lib/gcc/arm-none-eabi/10.3.1/thumb/v7e-m/nofp/libgcc.a(_arm_fixdfsi.o)
                0x000000000800113c                __fixdfsi
                0x000000000800113c                __aeabi_d2iz
 *(.text*)
 .text.MX_ADC1_Init
                0x000000000800118c       0xe0 CMakeFiles/Gas_ADC.elf.dir/Core/Src/adc.c.obj
                0x000000000800118c                MX_ADC1_Init
 .text.HAL_ADC_MspInit
                0x000000000800126c      0x128 CMakeFiles/Gas_ADC.elf.dir/Core/Src/adc.c.obj
                0x000000000800126c                HAL_ADC_MspInit
 .text.MX_DMA_Init
                0x0000000008001394       0x34 CMakeFiles/Gas_ADC.elf.dir/Core/Src/dma.c.obj
                0x0000000008001394                MX_DMA_Init
 .text.MX_GPIO_Init
                0x00000000080013c8       0x9c CMakeFiles/Gas_ADC.elf.dir/Core/Src/gpio.c.obj
                0x00000000080013c8                MX_GPIO_Init
 .text.Error_Handler
                0x0000000008001464        0x4 CMakeFiles/Gas_ADC.elf.dir/Core/Src/main.c.obj
                0x0000000008001464                Error_Handler
 .text.SystemClock_Config
                0x0000000008001468       0x7a CMakeFiles/Gas_ADC.elf.dir/Core/Src/main.c.obj
                0x0000000008001468                SystemClock_Config
 *fill*         0x00000000080014e2        0x6 
 .text.main     0x00000000080014e8      0x164 CMakeFiles/Gas_ADC.elf.dir/Core/Src/main.c.obj
                0x00000000080014e8                main
 .text.HAL_MspInit
                0x000000000800164c       0x30 CMakeFiles/Gas_ADC.elf.dir/Core/Src/stm32l4xx_hal_msp.c.obj
                0x000000000800164c                HAL_MspInit
 .text.NMI_Handler
                0x000000000800167c        0x2 CMakeFiles/Gas_ADC.elf.dir/Core/Src/stm32l4xx_it.c.obj
                0x000000000800167c                NMI_Handler
 .text.HardFault_Handler
                0x000000000800167e        0x2 CMakeFiles/Gas_ADC.elf.dir/Core/Src/stm32l4xx_it.c.obj
                0x000000000800167e                HardFault_Handler
 .text.MemManage_Handler
                0x0000000008001680        0x2 CMakeFiles/Gas_ADC.elf.dir/Core/Src/stm32l4xx_it.c.obj
                0x0000000008001680                MemManage_Handler
 .text.BusFault_Handler
                0x0000000008001682        0x2 CMakeFiles/Gas_ADC.elf.dir/Core/Src/stm32l4xx_it.c.obj
                0x0000000008001682                BusFault_Handler
 .text.UsageFault_Handler
                0x0000000008001684        0x2 CMakeFiles/Gas_ADC.elf.dir/Core/Src/stm32l4xx_it.c.obj
                0x0000000008001684                UsageFault_Handler
 .text.SVC_Handler
                0x0000000008001686        0x2 CMakeFiles/Gas_ADC.elf.dir/Core/Src/stm32l4xx_it.c.obj
                0x0000000008001686                SVC_Handler
 .text.DebugMon_Handler
                0x0000000008001688        0x2 CMakeFiles/Gas_ADC.elf.dir/Core/Src/stm32l4xx_it.c.obj
                0x0000000008001688                DebugMon_Handler
 .text.PendSV_Handler
                0x000000000800168a        0x2 CMakeFiles/Gas_ADC.elf.dir/Core/Src/stm32l4xx_it.c.obj
                0x000000000800168a                PendSV_Handler
 .text.SysTick_Handler
                0x000000000800168c        0x8 CMakeFiles/Gas_ADC.elf.dir/Core/Src/stm32l4xx_it.c.obj
                0x000000000800168c                SysTick_Handler
 .text.DMA1_Channel1_IRQHandler
                0x0000000008001694       0x10 CMakeFiles/Gas_ADC.elf.dir/Core/Src/stm32l4xx_it.c.obj
                0x0000000008001694                DMA1_Channel1_IRQHandler
 .text.TIM8_BRK_IRQHandler
                0x00000000080016a4       0x10 CMakeFiles/Gas_ADC.elf.dir/Core/Src/stm32l4xx_it.c.obj
                0x00000000080016a4                TIM8_BRK_IRQHandler
 .text.TIM8_UP_IRQHandler
                0x00000000080016b4       0x10 CMakeFiles/Gas_ADC.elf.dir/Core/Src/stm32l4xx_it.c.obj
                0x00000000080016b4                TIM8_UP_IRQHandler
 .text.TIM8_TRG_COM_IRQHandler
                0x00000000080016c4       0x10 CMakeFiles/Gas_ADC.elf.dir/Core/Src/stm32l4xx_it.c.obj
                0x00000000080016c4                TIM8_TRG_COM_IRQHandler
 .text.TIM8_CC_IRQHandler
                0x00000000080016d4       0x10 CMakeFiles/Gas_ADC.elf.dir/Core/Src/stm32l4xx_it.c.obj
                0x00000000080016d4                TIM8_CC_IRQHandler
 .text._getpid  0x00000000080016e4        0x4 CMakeFiles/Gas_ADC.elf.dir/Core/Src/syscalls.c.obj
                0x00000000080016e4                _getpid
 .text._kill    0x00000000080016e8       0x10 CMakeFiles/Gas_ADC.elf.dir/Core/Src/syscalls.c.obj
                0x00000000080016e8                _kill
 .text._exit    0x00000000080016f8        0xc CMakeFiles/Gas_ADC.elf.dir/Core/Src/syscalls.c.obj
                0x00000000080016f8                _exit
 .text._read    0x0000000008001704       0x20 CMakeFiles/Gas_ADC.elf.dir/Core/Src/syscalls.c.obj
                0x0000000008001704                _read
 .text._write   0x0000000008001724       0x1c CMakeFiles/Gas_ADC.elf.dir/Core/Src/syscalls.c.obj
                0x0000000008001724                _write
 .text._close   0x0000000008001740        0x6 CMakeFiles/Gas_ADC.elf.dir/Core/Src/syscalls.c.obj
                0x0000000008001740                _close
 .text._fstat   0x0000000008001746        0xa CMakeFiles/Gas_ADC.elf.dir/Core/Src/syscalls.c.obj
                0x0000000008001746                _fstat
 .text._isatty  0x0000000008001750        0x4 CMakeFiles/Gas_ADC.elf.dir/Core/Src/syscalls.c.obj
                0x0000000008001750                _isatty
 .text._lseek   0x0000000008001754        0x4 CMakeFiles/Gas_ADC.elf.dir/Core/Src/syscalls.c.obj
                0x0000000008001754                _lseek
 .text._sbrk    0x0000000008001758       0x48 CMakeFiles/Gas_ADC.elf.dir/Core/Src/sysmem.c.obj
                0x0000000008001758                _sbrk
 .text.SystemInit
                0x00000000080017a0        0x2 CMakeFiles/Gas_ADC.elf.dir/Core/Src/system_stm32l4xx.c.obj
                0x00000000080017a0                SystemInit
 *fill*         0x00000000080017a2        0x2 
 .text.MX_TIM8_Init
                0x00000000080017a4       0x7c CMakeFiles/Gas_ADC.elf.dir/Core/Src/tim.c.obj
                0x00000000080017a4                MX_TIM8_Init
 .text.HAL_TIM_Base_MspInit
                0x0000000008001820       0x70 CMakeFiles/Gas_ADC.elf.dir/Core/Src/tim.c.obj
                0x0000000008001820                HAL_TIM_Base_MspInit
 .text.MX_LPUART1_UART_Init
                0x0000000008001890       0x38 CMakeFiles/Gas_ADC.elf.dir/Core/Src/usart.c.obj
                0x0000000008001890                MX_LPUART1_UART_Init
 .text.HAL_UART_MspInit
                0x00000000080018c8       0x90 CMakeFiles/Gas_ADC.elf.dir/Core/Src/usart.c.obj
                0x00000000080018c8                HAL_UART_MspInit
 .text.__io_putchar
                0x0000000008001958       0x20 CMakeFiles/Gas_ADC.elf.dir/Core/Src/usart.c.obj
                0x0000000008001958                __io_putchar
 .text.Reset_Handler
                0x0000000008001978       0x50 CMakeFiles/Gas_ADC.elf.dir/Core/Startup/startup_stm32l496zgtx.s.obj
                0x0000000008001978                Reset_Handler
 .text.Default_Handler
                0x00000000080019c8        0x2 CMakeFiles/Gas_ADC.elf.dir/Core/Startup/startup_stm32l496zgtx.s.obj
                0x00000000080019c8                TIM1_BRK_TIM15_IRQHandler
                0x00000000080019c8                EXTI2_IRQHandler
                0x00000000080019c8                TIM1_CC_IRQHandler
                0x00000000080019c8                TSC_IRQHandler
                0x00000000080019c8                TAMP_STAMP_IRQHandler
                0x00000000080019c8                CAN2_RX1_IRQHandler
                0x00000000080019c8                EXTI3_IRQHandler
                0x00000000080019c8                LPTIM2_IRQHandler
                0x00000000080019c8                DFSDM1_FLT1_IRQHandler
                0x00000000080019c8                I2C3_ER_IRQHandler
                0x00000000080019c8                DFSDM1_FLT2_IRQHandler
                0x00000000080019c8                EXTI0_IRQHandler
                0x00000000080019c8                I2C2_EV_IRQHandler
                0x00000000080019c8                CAN1_RX0_IRQHandler
                0x00000000080019c8                FPU_IRQHandler
                0x00000000080019c8                TIM1_UP_TIM16_IRQHandler
                0x00000000080019c8                CAN2_SCE_IRQHandler
                0x00000000080019c8                ADC1_2_IRQHandler
                0x00000000080019c8                SPI1_IRQHandler
                0x00000000080019c8                TIM6_DAC_IRQHandler
                0x00000000080019c8                DCMI_IRQHandler
                0x00000000080019c8                CAN2_RX0_IRQHandler
                0x00000000080019c8                DMA2_Channel2_IRQHandler
                0x00000000080019c8                DMA1_Channel4_IRQHandler
                0x00000000080019c8                SAI2_IRQHandler
                0x00000000080019c8                DFSDM1_FLT3_IRQHandler
                0x00000000080019c8                USART3_IRQHandler
                0x00000000080019c8                DMA1_Channel7_IRQHandler
                0x00000000080019c8                CAN1_RX1_IRQHandler
                0x00000000080019c8                LCD_IRQHandler
                0x00000000080019c8                UART5_IRQHandler
                0x00000000080019c8                ADC3_IRQHandler
                0x00000000080019c8                TIM4_IRQHandler
                0x00000000080019c8                DMA2_Channel1_IRQHandler
                0x00000000080019c8                QUADSPI_IRQHandler
                0x00000000080019c8                I2C1_EV_IRQHandler
                0x00000000080019c8                DMA1_Channel6_IRQHandler
                0x00000000080019c8                UART4_IRQHandler
                0x00000000080019c8                DMA2_Channel4_IRQHandler
                0x00000000080019c8                TIM3_IRQHandler
                0x00000000080019c8                RCC_IRQHandler
                0x00000000080019c8                Default_Handler
                0x00000000080019c8                DMA2_Channel7_IRQHandler
                0x00000000080019c8                EXTI15_10_IRQHandler
                0x00000000080019c8                TIM7_IRQHandler
                0x00000000080019c8                SDMMC1_IRQHandler
                0x00000000080019c8                CAN2_TX_IRQHandler
                0x00000000080019c8                TIM5_IRQHandler
                0x00000000080019c8                I2C3_EV_IRQHandler
                0x00000000080019c8                EXTI9_5_IRQHandler
                0x00000000080019c8                RTC_WKUP_IRQHandler
                0x00000000080019c8                PVD_PVM_IRQHandler
                0x00000000080019c8                SPI2_IRQHandler
                0x00000000080019c8                CAN1_TX_IRQHandler
                0x00000000080019c8                DMA2_Channel5_IRQHandler
                0x00000000080019c8                CRS_IRQHandler
                0x00000000080019c8                DMA1_Channel5_IRQHandler
                0x00000000080019c8                EXTI4_IRQHandler
                0x00000000080019c8                RNG_IRQHandler
                0x00000000080019c8                TIM1_TRG_COM_TIM17_IRQHandler
                0x00000000080019c8                DMA1_Channel3_IRQHandler
                0x00000000080019c8                COMP_IRQHandler
                0x00000000080019c8                WWDG_IRQHandler
                0x00000000080019c8                I2C4_EV_IRQHandler
                0x00000000080019c8                LPUART1_IRQHandler
                0x00000000080019c8                DMA2_Channel6_IRQHandler
                0x00000000080019c8                TIM2_IRQHandler
                0x00000000080019c8                EXTI1_IRQHandler
                0x00000000080019c8                USART2_IRQHandler
                0x00000000080019c8                DFSDM1_FLT0_IRQHandler
                0x00000000080019c8                I2C2_ER_IRQHandler
                0x00000000080019c8                DMA1_Channel2_IRQHandler
                0x00000000080019c8                CAN1_SCE_IRQHandler
                0x00000000080019c8                FLASH_IRQHandler
                0x00000000080019c8                USART1_IRQHandler
                0x00000000080019c8                OTG_FS_IRQHandler
                0x00000000080019c8                SPI3_IRQHandler
                0x00000000080019c8                I2C1_ER_IRQHandler
                0x00000000080019c8                FMC_IRQHandler
                0x00000000080019c8                SWPMI1_IRQHandler
                0x00000000080019c8                LPTIM1_IRQHandler
                0x00000000080019c8                I2C4_ER_IRQHandler
                0x00000000080019c8                SAI1_IRQHandler
                0x00000000080019c8                DMA2_Channel3_IRQHandler
                0x00000000080019c8                RTC_Alarm_IRQHandler
 *fill*         0x00000000080019ca        0x2 
 .text.HAL_InitTick
                0x00000000080019cc       0x50 CMakeFiles/Gas_ADC.elf.dir/Drivers/STM32L4xx_HAL_Driver/Src/stm32l4xx_hal.c.obj
                0x00000000080019cc                HAL_InitTick
 .text.HAL_Init
                0x0000000008001a1c       0x1e CMakeFiles/Gas_ADC.elf.dir/Drivers/STM32L4xx_HAL_Driver/Src/stm32l4xx_hal.c.obj
                0x0000000008001a1c                HAL_Init
 *fill*         0x0000000008001a3a        0x2 
 .text.HAL_IncTick
                0x0000000008001a3c       0x18 CMakeFiles/Gas_ADC.elf.dir/Drivers/STM32L4xx_HAL_Driver/Src/stm32l4xx_hal.c.obj
                0x0000000008001a3c                HAL_IncTick
 .text.HAL_GetTick
                0x0000000008001a54        0xc CMakeFiles/Gas_ADC.elf.dir/Drivers/STM32L4xx_HAL_Driver/Src/stm32l4xx_hal.c.obj
                0x0000000008001a54                HAL_GetTick
 .text.HAL_Delay
                0x0000000008001a60       0x28 CMakeFiles/Gas_ADC.elf.dir/Drivers/STM32L4xx_HAL_Driver/Src/stm32l4xx_hal.c.obj
                0x0000000008001a60                HAL_Delay
 .text.HAL_ADC_Init
                0x0000000008001a88      0x1fc CMakeFiles/Gas_ADC.elf.dir/Drivers/STM32L4xx_HAL_Driver/Src/stm32l4xx_hal_adc.c.obj
                0x0000000008001a88                HAL_ADC_Init
 .text.HAL_ADC_ConvCpltCallback
                0x0000000008001c84        0x2 CMakeFiles/Gas_ADC.elf.dir/Drivers/STM32L4xx_HAL_Driver/Src/stm32l4xx_hal_adc.c.obj
                0x0000000008001c84                HAL_ADC_ConvCpltCallback
 .text.HAL_ADC_ConvHalfCpltCallback
                0x0000000008001c86        0x2 CMakeFiles/Gas_ADC.elf.dir/Drivers/STM32L4xx_HAL_Driver/Src/stm32l4xx_hal_adc.c.obj
                0x0000000008001c86                HAL_ADC_ConvHalfCpltCallback
 .text.ADC_DMAHalfConvCplt
                0x0000000008001c88        0xa CMakeFiles/Gas_ADC.elf.dir/Drivers/STM32L4xx_HAL_Driver/Src/stm32l4xx_hal_adc.c.obj
                0x0000000008001c88                ADC_DMAHalfConvCplt
 .text.HAL_ADC_ErrorCallback
                0x0000000008001c92        0x2 CMakeFiles/Gas_ADC.elf.dir/Drivers/STM32L4xx_HAL_Driver/Src/stm32l4xx_hal_adc.c.obj
                0x0000000008001c92                HAL_ADC_ErrorCallback
 .text.ADC_DMAConvCplt
                0x0000000008001c94       0x88 CMakeFiles/Gas_ADC.elf.dir/Drivers/STM32L4xx_HAL_Driver/Src/stm32l4xx_hal_adc.c.obj
                0x0000000008001c94                ADC_DMAConvCplt
 .text.ADC_DMAError
                0x0000000008001d1c       0x1a CMakeFiles/Gas_ADC.elf.dir/Drivers/STM32L4xx_HAL_Driver/Src/stm32l4xx_hal_adc.c.obj
                0x0000000008001d1c                ADC_DMAError
 *fill*         0x0000000008001d36        0x2 
 .text.HAL_ADC_ConfigChannel
                0x0000000008001d38      0x4e4 CMakeFiles/Gas_ADC.elf.dir/Drivers/STM32L4xx_HAL_Driver/Src/stm32l4xx_hal_adc.c.obj
                0x0000000008001d38                HAL_ADC_ConfigChannel
 .text.ADC_Enable
                0x000000000800221c       0xdc CMakeFiles/Gas_ADC.elf.dir/Drivers/STM32L4xx_HAL_Driver/Src/stm32l4xx_hal_adc.c.obj
                0x000000000800221c                ADC_Enable
 .text.HAL_ADC_Start_DMA
                0x00000000080022f8      0x110 CMakeFiles/Gas_ADC.elf.dir/Drivers/STM32L4xx_HAL_Driver/Src/stm32l4xx_hal_adc.c.obj
                0x00000000080022f8                HAL_ADC_Start_DMA
 .text.ADC_Disable
                0x0000000008002408       0x94 CMakeFiles/Gas_ADC.elf.dir/Drivers/STM32L4xx_HAL_Driver/Src/stm32l4xx_hal_adc.c.obj
                0x0000000008002408                ADC_Disable
 .text.HAL_ADCEx_Calibration_Start
                0x000000000800249c       0x98 CMakeFiles/Gas_ADC.elf.dir/Drivers/STM32L4xx_HAL_Driver/Src/stm32l4xx_hal_adc_ex.c.obj
                0x000000000800249c                HAL_ADCEx_Calibration_Start
 .text.HAL_ADCEx_MultiModeConfigChannel
                0x0000000008002534      0x138 CMakeFiles/Gas_ADC.elf.dir/Drivers/STM32L4xx_HAL_Driver/Src/stm32l4xx_hal_adc_ex.c.obj
                0x0000000008002534                HAL_ADCEx_MultiModeConfigChannel
 .text.HAL_NVIC_SetPriorityGrouping
                0x000000000800266c       0x24 CMakeFiles/Gas_ADC.elf.dir/Drivers/STM32L4xx_HAL_Driver/Src/stm32l4xx_hal_cortex.c.obj
                0x000000000800266c                HAL_NVIC_SetPriorityGrouping
 .text.HAL_NVIC_SetPriority
                0x0000000008002690       0x70 CMakeFiles/Gas_ADC.elf.dir/Drivers/STM32L4xx_HAL_Driver/Src/stm32l4xx_hal_cortex.c.obj
                0x0000000008002690                HAL_NVIC_SetPriority
 .text.HAL_NVIC_EnableIRQ
                0x0000000008002700       0x1c CMakeFiles/Gas_ADC.elf.dir/Drivers/STM32L4xx_HAL_Driver/Src/stm32l4xx_hal_cortex.c.obj
                0x0000000008002700                HAL_NVIC_EnableIRQ
 .text.HAL_SYSTICK_Config
                0x000000000800271c       0x28 CMakeFiles/Gas_ADC.elf.dir/Drivers/STM32L4xx_HAL_Driver/Src/stm32l4xx_hal_cortex.c.obj
                0x000000000800271c                HAL_SYSTICK_Config
 .text.DMA_SetConfig
                0x0000000008002744       0x36 CMakeFiles/Gas_ADC.elf.dir/Drivers/STM32L4xx_HAL_Driver/Src/stm32l4xx_hal_dma.c.obj
 *fill*         0x000000000800277a        0x2 
 .text.HAL_DMA_Init
                0x000000000800277c      0x108 CMakeFiles/Gas_ADC.elf.dir/Drivers/STM32L4xx_HAL_Driver/Src/stm32l4xx_hal_dma.c.obj
                0x000000000800277c                HAL_DMA_Init
 .text.HAL_DMA_Start_IT
                0x0000000008002884       0x76 CMakeFiles/Gas_ADC.elf.dir/Drivers/STM32L4xx_HAL_Driver/Src/stm32l4xx_hal_dma.c.obj
                0x0000000008002884                HAL_DMA_Start_IT
 .text.HAL_DMA_IRQHandler
                0x00000000080028fa       0xc4 CMakeFiles/Gas_ADC.elf.dir/Drivers/STM32L4xx_HAL_Driver/Src/stm32l4xx_hal_dma.c.obj
                0x00000000080028fa                HAL_DMA_IRQHandler
 *fill*         0x00000000080029be        0x2 
 .text.HAL_GPIO_Init
                0x00000000080029c0      0x1f4 CMakeFiles/Gas_ADC.elf.dir/Drivers/STM32L4xx_HAL_Driver/Src/stm32l4xx_hal_gpio.c.obj
                0x00000000080029c0                HAL_GPIO_Init
 .text.HAL_GPIO_WritePin
                0x0000000008002bb4        0xa CMakeFiles/Gas_ADC.elf.dir/Drivers/STM32L4xx_HAL_Driver/Src/stm32l4xx_hal_gpio.c.obj
                0x0000000008002bb4                HAL_GPIO_WritePin
 *fill*         0x0000000008002bbe        0x2 
 .text.HAL_PWREx_GetVoltageRange
                0x0000000008002bc0       0x10 CMakeFiles/Gas_ADC.elf.dir/Drivers/STM32L4xx_HAL_Driver/Src/stm32l4xx_hal_pwr_ex.c.obj
                0x0000000008002bc0                HAL_PWREx_GetVoltageRange
 .text.HAL_PWREx_ControlVoltageScaling
                0x0000000008002bd0       0x90 CMakeFiles/Gas_ADC.elf.dir/Drivers/STM32L4xx_HAL_Driver/Src/stm32l4xx_hal_pwr_ex.c.obj
                0x0000000008002bd0                HAL_PWREx_ControlVoltageScaling
 .text.HAL_PWREx_EnableVddIO2
                0x0000000008002c60       0x10 CMakeFiles/Gas_ADC.elf.dir/Drivers/STM32L4xx_HAL_Driver/Src/stm32l4xx_hal_pwr_ex.c.obj
                0x0000000008002c60                HAL_PWREx_EnableVddIO2
 .text.RCC_SetFlashLatencyFromMSIRange
                0x0000000008002c70       0x90 CMakeFiles/Gas_ADC.elf.dir/Drivers/STM32L4xx_HAL_Driver/Src/stm32l4xx_hal_rcc.c.obj
 .text.HAL_RCC_GetSysClockFreq
                0x0000000008002d00       0xb4 CMakeFiles/Gas_ADC.elf.dir/Drivers/STM32L4xx_HAL_Driver/Src/stm32l4xx_hal_rcc.c.obj
                0x0000000008002d00                HAL_RCC_GetSysClockFreq
 .text.HAL_RCC_OscConfig
                0x0000000008002db4      0x67c CMakeFiles/Gas_ADC.elf.dir/Drivers/STM32L4xx_HAL_Driver/Src/stm32l4xx_hal_rcc.c.obj
                0x0000000008002db4                HAL_RCC_OscConfig
 .text.HAL_RCC_ClockConfig
                0x0000000008003430      0x188 CMakeFiles/Gas_ADC.elf.dir/Drivers/STM32L4xx_HAL_Driver/Src/stm32l4xx_hal_rcc.c.obj
                0x0000000008003430                HAL_RCC_ClockConfig
 .text.HAL_RCC_GetHCLKFreq
                0x00000000080035b8        0xc CMakeFiles/Gas_ADC.elf.dir/Drivers/STM32L4xx_HAL_Driver/Src/stm32l4xx_hal_rcc.c.obj
                0x00000000080035b8                HAL_RCC_GetHCLKFreq
 .text.HAL_RCC_GetPCLK1Freq
                0x00000000080035c4       0x24 CMakeFiles/Gas_ADC.elf.dir/Drivers/STM32L4xx_HAL_Driver/Src/stm32l4xx_hal_rcc.c.obj
                0x00000000080035c4                HAL_RCC_GetPCLK1Freq
 .text.HAL_RCC_GetPCLK2Freq
                0x00000000080035e8       0x24 CMakeFiles/Gas_ADC.elf.dir/Drivers/STM32L4xx_HAL_Driver/Src/stm32l4xx_hal_rcc.c.obj
                0x00000000080035e8                HAL_RCC_GetPCLK2Freq
 .text.RCCEx_PLLSAI1_Config
                0x000000000800360c      0x16c CMakeFiles/Gas_ADC.elf.dir/Drivers/STM32L4xx_HAL_Driver/Src/stm32l4xx_hal_rcc_ex.c.obj
 .text.RCCEx_PLLSAI2_Config
                0x0000000008003778      0x148 CMakeFiles/Gas_ADC.elf.dir/Drivers/STM32L4xx_HAL_Driver/Src/stm32l4xx_hal_rcc_ex.c.obj
 .text.HAL_RCCEx_PeriphCLKConfig
                0x00000000080038c0      0x470 CMakeFiles/Gas_ADC.elf.dir/Drivers/STM32L4xx_HAL_Driver/Src/stm32l4xx_hal_rcc_ex.c.obj
                0x00000000080038c0                HAL_RCCEx_PeriphCLKConfig
 .text.TIM_TI1_ConfigInputStage
                0x0000000008003d30       0x24 CMakeFiles/Gas_ADC.elf.dir/Drivers/STM32L4xx_HAL_Driver/Src/stm32l4xx_hal_tim.c.obj
 .text.TIM_TI2_ConfigInputStage
                0x0000000008003d54       0x26 CMakeFiles/Gas_ADC.elf.dir/Drivers/STM32L4xx_HAL_Driver/Src/stm32l4xx_hal_tim.c.obj
 .text.TIM_ITRx_SetConfig
                0x0000000008003d7a       0x10 CMakeFiles/Gas_ADC.elf.dir/Drivers/STM32L4xx_HAL_Driver/Src/stm32l4xx_hal_tim.c.obj
 *fill*         0x0000000008003d8a        0x2 
 .text.HAL_TIM_Base_Start
                0x0000000008003d8c       0x84 CMakeFiles/Gas_ADC.elf.dir/Drivers/STM32L4xx_HAL_Driver/Src/stm32l4xx_hal_tim.c.obj
                0x0000000008003d8c                HAL_TIM_Base_Start
 .text.HAL_TIM_PeriodElapsedCallback
                0x0000000008003e10        0x2 CMakeFiles/Gas_ADC.elf.dir/Drivers/STM32L4xx_HAL_Driver/Src/stm32l4xx_hal_tim.c.obj
                0x0000000008003e10                HAL_TIM_PeriodElapsedCallback
 .text.HAL_TIM_OC_DelayElapsedCallback
                0x0000000008003e12        0x2 CMakeFiles/Gas_ADC.elf.dir/Drivers/STM32L4xx_HAL_Driver/Src/stm32l4xx_hal_tim.c.obj
                0x0000000008003e12                HAL_TIM_OC_DelayElapsedCallback
 .text.HAL_TIM_IC_CaptureCallback
                0x0000000008003e14        0x2 CMakeFiles/Gas_ADC.elf.dir/Drivers/STM32L4xx_HAL_Driver/Src/stm32l4xx_hal_tim.c.obj
                0x0000000008003e14                HAL_TIM_IC_CaptureCallback
 .text.HAL_TIM_PWM_PulseFinishedCallback
                0x0000000008003e16        0x2 CMakeFiles/Gas_ADC.elf.dir/Drivers/STM32L4xx_HAL_Driver/Src/stm32l4xx_hal_tim.c.obj
                0x0000000008003e16                HAL_TIM_PWM_PulseFinishedCallback
 .text.HAL_TIM_TriggerCallback
                0x0000000008003e18        0x2 CMakeFiles/Gas_ADC.elf.dir/Drivers/STM32L4xx_HAL_Driver/Src/stm32l4xx_hal_tim.c.obj
                0x0000000008003e18                HAL_TIM_TriggerCallback
 .text.HAL_TIM_IRQHandler
                0x0000000008003e1a      0x17a CMakeFiles/Gas_ADC.elf.dir/Drivers/STM32L4xx_HAL_Driver/Src/stm32l4xx_hal_tim.c.obj
                0x0000000008003e1a                HAL_TIM_IRQHandler
 .text.TIM_Base_SetConfig
                0x0000000008003f94       0xc8 CMakeFiles/Gas_ADC.elf.dir/Drivers/STM32L4xx_HAL_Driver/Src/stm32l4xx_hal_tim.c.obj
                0x0000000008003f94                TIM_Base_SetConfig
 .text.HAL_TIM_Base_Init
                0x000000000800405c       0x60 CMakeFiles/Gas_ADC.elf.dir/Drivers/STM32L4xx_HAL_Driver/Src/stm32l4xx_hal_tim.c.obj
                0x000000000800405c                HAL_TIM_Base_Init
 .text.TIM_ETR_SetConfig
                0x00000000080040bc       0x18 CMakeFiles/Gas_ADC.elf.dir/Drivers/STM32L4xx_HAL_Driver/Src/stm32l4xx_hal_tim.c.obj
                0x00000000080040bc                TIM_ETR_SetConfig
 .text.HAL_TIM_ConfigClockSource
                0x00000000080040d4      0x100 CMakeFiles/Gas_ADC.elf.dir/Drivers/STM32L4xx_HAL_Driver/Src/stm32l4xx_hal_tim.c.obj
                0x00000000080040d4                HAL_TIM_ConfigClockSource
 .text.HAL_TIMEx_MasterConfigSynchronization
                0x00000000080041d4       0x98 CMakeFiles/Gas_ADC.elf.dir/Drivers/STM32L4xx_HAL_Driver/Src/stm32l4xx_hal_tim_ex.c.obj
                0x00000000080041d4                HAL_TIMEx_MasterConfigSynchronization
 .text.HAL_TIMEx_CommutCallback
                0x000000000800426c        0x2 CMakeFiles/Gas_ADC.elf.dir/Drivers/STM32L4xx_HAL_Driver/Src/stm32l4xx_hal_tim_ex.c.obj
                0x000000000800426c                HAL_TIMEx_CommutCallback
 .text.HAL_TIMEx_BreakCallback
                0x000000000800426e        0x2 CMakeFiles/Gas_ADC.elf.dir/Drivers/STM32L4xx_HAL_Driver/Src/stm32l4xx_hal_tim_ex.c.obj
                0x000000000800426e                HAL_TIMEx_BreakCallback
 .text.HAL_TIMEx_Break2Callback
                0x0000000008004270        0x2 CMakeFiles/Gas_ADC.elf.dir/Drivers/STM32L4xx_HAL_Driver/Src/stm32l4xx_hal_tim_ex.c.obj
                0x0000000008004270                HAL_TIMEx_Break2Callback
 .text.UART_EndRxTransfer
                0x0000000008004272       0x52 CMakeFiles/Gas_ADC.elf.dir/Drivers/STM32L4xx_HAL_Driver/Src/stm32l4xx_hal_uart.c.obj
 .text.UART_SetConfig
                0x00000000080042c4      0x328 CMakeFiles/Gas_ADC.elf.dir/Drivers/STM32L4xx_HAL_Driver/Src/stm32l4xx_hal_uart.c.obj
                0x00000000080042c4                UART_SetConfig
 .text.UART_AdvFeatureConfig
                0x00000000080045ec       0xca CMakeFiles/Gas_ADC.elf.dir/Drivers/STM32L4xx_HAL_Driver/Src/stm32l4xx_hal_uart.c.obj
                0x00000000080045ec                UART_AdvFeatureConfig
 .text.UART_WaitOnFlagUntilTimeout
                0x00000000080046b6       0x9a CMakeFiles/Gas_ADC.elf.dir/Drivers/STM32L4xx_HAL_Driver/Src/stm32l4xx_hal_uart.c.obj
                0x00000000080046b6                UART_WaitOnFlagUntilTimeout
 .text.HAL_UART_Transmit
                0x0000000008004750       0xc8 CMakeFiles/Gas_ADC.elf.dir/Drivers/STM32L4xx_HAL_Driver/Src/stm32l4xx_hal_uart.c.obj
                0x0000000008004750                HAL_UART_Transmit
 .text.UART_CheckIdleState
                0x0000000008004818       0xc6 CMakeFiles/Gas_ADC.elf.dir/Drivers/STM32L4xx_HAL_Driver/Src/stm32l4xx_hal_uart.c.obj
                0x0000000008004818                UART_CheckIdleState
 .text.HAL_UART_Init
                0x00000000080048de       0x62 CMakeFiles/Gas_ADC.elf.dir/Drivers/STM32L4xx_HAL_Driver/Src/stm32l4xx_hal_uart.c.obj
                0x00000000080048de                HAL_UART_Init
 .text.__errno  0x0000000008004940        0xc /opt/homebrew/Cellar/arm-none-eabi-gcc/10.3-2021.07/gcc/bin/../lib/gcc/arm-none-eabi/10.3.1/../../../../arm-none-eabi/lib/thumb/v7e-m/nofp/libg.a(lib_a-errno.o)
                0x0000000008004940                __errno
 .text.__libc_init_array
                0x000000000800494c       0x48 /opt/homebrew/Cellar/arm-none-eabi-gcc/10.3-2021.07/gcc/bin/../lib/gcc/arm-none-eabi/10.3.1/../../../../arm-none-eabi/lib/thumb/v7e-m/nofp/libg.a(lib_a-init.o)
                0x000000000800494c                __libc_init_array
 .text.memset   0x0000000008004994       0xa4 /opt/homebrew/Cellar/arm-none-eabi-gcc/10.3-2021.07/gcc/bin/../lib/gcc/arm-none-eabi/10.3.1/../../../../arm-none-eabi/lib/thumb/v7e-m/nofp/libg.a(lib_a-memset.o)
                0x0000000008004994                memset
 .text.printf   0x0000000008004a38       0x28 /opt/homebrew/Cellar/arm-none-eabi-gcc/10.3-2021.07/gcc/bin/../lib/gcc/arm-none-eabi/10.3.1/../../../../arm-none-eabi/lib/thumb/v7e-m/nofp/libg.a(lib_a-printf.o)
                0x0000000008004a38                printf
 .text._vfprintf_r
                0x0000000008004a60     0x1ad4 /opt/homebrew/Cellar/arm-none-eabi-gcc/10.3-2021.07/gcc/bin/../lib/gcc/arm-none-eabi/10.3.1/../../../../arm-none-eabi/lib/thumb/v7e-m/nofp/libg.a(lib_a-vfprintf.o)
                0x0000000008004a60                _vfprintf_r
 .text.__sbprintf
                0x0000000008006534       0x80 /opt/homebrew/Cellar/arm-none-eabi-gcc/10.3-2021.07/gcc/bin/../lib/gcc/arm-none-eabi/10.3.1/../../../../arm-none-eabi/lib/thumb/v7e-m/nofp/libg.a(lib_a-vfprintf.o)
 .text.__swsetup_r
                0x00000000080065b4       0xd4 /opt/homebrew/Cellar/arm-none-eabi-gcc/10.3-2021.07/gcc/bin/../lib/gcc/arm-none-eabi/10.3.1/../../../../arm-none-eabi/lib/thumb/v7e-m/nofp/libg.a(lib_a-wsetup.o)
                0x00000000080065b4                __swsetup_r
 .text.startup.register_fini
                0x0000000008006688       0x14 /opt/homebrew/Cellar/arm-none-eabi-gcc/10.3-2021.07/gcc/bin/../lib/gcc/arm-none-eabi/10.3.1/../../../../arm-none-eabi/lib/thumb/v7e-m/nofp/libg.a(lib_a-__call_atexit.o)
 .text.atexit   0x000000000800669c        0xc /opt/homebrew/Cellar/arm-none-eabi-gcc/10.3-2021.07/gcc/bin/../lib/gcc/arm-none-eabi/10.3.1/../../../../arm-none-eabi/lib/thumb/v7e-m/nofp/libg.a(lib_a-atexit.o)
                0x000000000800669c                atexit
 .text.quorem   0x00000000080066a8      0x124 /opt/homebrew/Cellar/arm-none-eabi-gcc/10.3-2021.07/gcc/bin/../lib/gcc/arm-none-eabi/10.3.1/../../../../arm-none-eabi/lib/thumb/v7e-m/nofp/libg.a(lib_a-dtoa.o)
 *fill*         0x00000000080067cc        0x4 
 .text._dtoa_r  0x00000000080067d0      0xec4 /opt/homebrew/Cellar/arm-none-eabi-gcc/10.3-2021.07/gcc/bin/../lib/gcc/arm-none-eabi/10.3.1/../../../../arm-none-eabi/lib/thumb/v7e-m/nofp/libg.a(lib_a-dtoa.o)
                0x00000000080067d0                _dtoa_r
 .text.__sflush_r
                0x0000000008007694      0x120 /opt/homebrew/Cellar/arm-none-eabi-gcc/10.3-2021.07/gcc/bin/../lib/gcc/arm-none-eabi/10.3.1/../../../../arm-none-eabi/lib/thumb/v7e-m/nofp/libg.a(lib_a-fflush.o)
                0x0000000008007694                __sflush_r
 .text._fflush_r
                0x00000000080077b4       0x5c /opt/homebrew/Cellar/arm-none-eabi-gcc/10.3-2021.07/gcc/bin/../lib/gcc/arm-none-eabi/10.3.1/../../../../arm-none-eabi/lib/thumb/v7e-m/nofp/libg.a(lib_a-fflush.o)
                0x00000000080077b4                _fflush_r
 .text._cleanup_r
                0x0000000008007810        0xc /opt/homebrew/Cellar/arm-none-eabi-gcc/10.3-2021.07/gcc/bin/../lib/gcc/arm-none-eabi/10.3.1/../../../../arm-none-eabi/lib/thumb/v7e-m/nofp/libg.a(lib_a-findfp.o)
                0x0000000008007810                _cleanup_r
 .text.__sinit  0x000000000800781c      0x10c /opt/homebrew/Cellar/arm-none-eabi-gcc/10.3-2021.07/gcc/bin/../lib/gcc/arm-none-eabi/10.3.1/../../../../arm-none-eabi/lib/thumb/v7e-m/nofp/libg.a(lib_a-findfp.o)
                0x000000000800781c                __sinit
 .text.__sfp_lock_acquire
                0x0000000008007928        0xc /opt/homebrew/Cellar/arm-none-eabi-gcc/10.3-2021.07/gcc/bin/../lib/gcc/arm-none-eabi/10.3.1/../../../../arm-none-eabi/lib/thumb/v7e-m/nofp/libg.a(lib_a-findfp.o)
                0x0000000008007928                __sfp_lock_acquire
 .text.__sfp_lock_release
                0x0000000008007934        0xc /opt/homebrew/Cellar/arm-none-eabi-gcc/10.3-2021.07/gcc/bin/../lib/gcc/arm-none-eabi/10.3.1/../../../../arm-none-eabi/lib/thumb/v7e-m/nofp/libg.a(lib_a-findfp.o)
                0x0000000008007934                __sfp_lock_release
 .text.__libc_fini_array
                0x0000000008007940       0x2c /opt/homebrew/Cellar/arm-none-eabi-gcc/10.3-2021.07/gcc/bin/../lib/gcc/arm-none-eabi/10.3.1/../../../../arm-none-eabi/lib/thumb/v7e-m/nofp/libg.a(lib_a-fini.o)
                0x0000000008007940                __libc_fini_array
 .text._malloc_trim_r
                0x000000000800796c       0xa0 /opt/homebrew/Cellar/arm-none-eabi-gcc/10.3-2021.07/gcc/bin/../lib/gcc/arm-none-eabi/10.3.1/../../../../arm-none-eabi/lib/thumb/v7e-m/nofp/libg.a(lib_a-freer.o)
                0x000000000800796c                _malloc_trim_r
 .text._free_r  0x0000000008007a0c      0x20c /opt/homebrew/Cellar/arm-none-eabi-gcc/10.3-2021.07/gcc/bin/../lib/gcc/arm-none-eabi/10.3.1/../../../../arm-none-eabi/lib/thumb/v7e-m/nofp/libg.a(lib_a-freer.o)
                0x0000000008007a0c                _free_r
 .text._fwalk_reent
                0x0000000008007c18       0x48 /opt/homebrew/Cellar/arm-none-eabi-gcc/10.3-2021.07/gcc/bin/../lib/gcc/arm-none-eabi/10.3.1/../../../../arm-none-eabi/lib/thumb/v7e-m/nofp/libg.a(lib_a-fwalk.o)
                0x0000000008007c18                _fwalk_reent
 .text._localeconv_r
                0x0000000008007c60        0x8 /opt/homebrew/Cellar/arm-none-eabi-gcc/10.3-2021.07/gcc/bin/../lib/gcc/arm-none-eabi/10.3.1/../../../../arm-none-eabi/lib/thumb/v7e-m/nofp/libg.a(lib_a-localeconv.o)
                0x0000000008007c60                _localeconv_r
 .text.__retarget_lock_init_recursive
                0x0000000008007c68        0x4 /opt/homebrew/Cellar/arm-none-eabi-gcc/10.3-2021.07/gcc/bin/../lib/gcc/arm-none-eabi/10.3.1/../../../../arm-none-eabi/lib/thumb/v7e-m/nofp/libg.a(lib_a-lock.o)
                0x0000000008007c68                __retarget_lock_init_recursive
 .text.__retarget_lock_close_recursive
                0x0000000008007c6c        0x4 /opt/homebrew/Cellar/arm-none-eabi-gcc/10.3-2021.07/gcc/bin/../lib/gcc/arm-none-eabi/10.3.1/../../../../arm-none-eabi/lib/thumb/v7e-m/nofp/libg.a(lib_a-lock.o)
                0x0000000008007c6c                __retarget_lock_close_recursive
 .text.__retarget_lock_acquire_recursive
                0x0000000008007c70        0x4 /opt/homebrew/Cellar/arm-none-eabi-gcc/10.3-2021.07/gcc/bin/../lib/gcc/arm-none-eabi/10.3.1/../../../../arm-none-eabi/lib/thumb/v7e-m/nofp/libg.a(lib_a-lock.o)
                0x0000000008007c70                __retarget_lock_acquire_recursive
 .text.__retarget_lock_release_recursive
                0x0000000008007c74        0x4 /opt/homebrew/Cellar/arm-none-eabi-gcc/10.3-2021.07/gcc/bin/../lib/gcc/arm-none-eabi/10.3.1/../../../../arm-none-eabi/lib/thumb/v7e-m/nofp/libg.a(lib_a-lock.o)
                0x0000000008007c74                __retarget_lock_release_recursive
 .text.__smakebuf_r
                0x0000000008007c78       0xe0 /opt/homebrew/Cellar/arm-none-eabi-gcc/10.3-2021.07/gcc/bin/../lib/gcc/arm-none-eabi/10.3.1/../../../../arm-none-eabi/lib/thumb/v7e-m/nofp/libg.a(lib_a-makebuf.o)
                0x0000000008007c78                __smakebuf_r
 .text._malloc_r
                0x0000000008007d58      0x560 /opt/homebrew/Cellar/arm-none-eabi-gcc/10.3-2021.07/gcc/bin/../lib/gcc/arm-none-eabi/10.3.1/../../../../arm-none-eabi/lib/thumb/v7e-m/nofp/libg.a(lib_a-mallocr.o)
                0x0000000008007d58                _malloc_r
 .text.__malloc_lock
                0x00000000080082b8        0xc /opt/homebrew/Cellar/arm-none-eabi-gcc/10.3-2021.07/gcc/bin/../lib/gcc/arm-none-eabi/10.3.1/../../../../arm-none-eabi/lib/thumb/v7e-m/nofp/libg.a(lib_a-mlock.o)
                0x00000000080082b8                __malloc_lock
 .text.__malloc_unlock
                0x00000000080082c4        0xc /opt/homebrew/Cellar/arm-none-eabi-gcc/10.3-2021.07/gcc/bin/../lib/gcc/arm-none-eabi/10.3.1/../../../../arm-none-eabi/lib/thumb/v7e-m/nofp/libg.a(lib_a-mlock.o)
                0x00000000080082c4                __malloc_unlock
 .text._Balloc  0x00000000080082d0       0x4c /opt/homebrew/Cellar/arm-none-eabi-gcc/10.3-2021.07/gcc/bin/../lib/gcc/arm-none-eabi/10.3.1/../../../../arm-none-eabi/lib/thumb/v7e-m/nofp/libg.a(lib_a-mprec.o)
                0x00000000080082d0                _Balloc
 .text._Bfree   0x000000000800831c       0x14 /opt/homebrew/Cellar/arm-none-eabi-gcc/10.3-2021.07/gcc/bin/../lib/gcc/arm-none-eabi/10.3.1/../../../../arm-none-eabi/lib/thumb/v7e-m/nofp/libg.a(lib_a-mprec.o)
                0x000000000800831c                _Bfree
 .text.__multadd
                0x0000000008008330       0xa0 /opt/homebrew/Cellar/arm-none-eabi-gcc/10.3-2021.07/gcc/bin/../lib/gcc/arm-none-eabi/10.3.1/../../../../arm-none-eabi/lib/thumb/v7e-m/nofp/libg.a(lib_a-mprec.o)
                0x0000000008008330                __multadd
 .text.__hi0bits
                0x00000000080083d0       0x40 /opt/homebrew/Cellar/arm-none-eabi-gcc/10.3-2021.07/gcc/bin/../lib/gcc/arm-none-eabi/10.3.1/../../../../arm-none-eabi/lib/thumb/v7e-m/nofp/libg.a(lib_a-mprec.o)
                0x00000000080083d0                __hi0bits
 .text.__lo0bits
                0x0000000008008410       0x5c /opt/homebrew/Cellar/arm-none-eabi-gcc/10.3-2021.07/gcc/bin/../lib/gcc/arm-none-eabi/10.3.1/../../../../arm-none-eabi/lib/thumb/v7e-m/nofp/libg.a(lib_a-mprec.o)
                0x0000000008008410                __lo0bits
 .text.__i2b    0x000000000800846c       0x5c /opt/homebrew/Cellar/arm-none-eabi-gcc/10.3-2021.07/gcc/bin/../lib/gcc/arm-none-eabi/10.3.1/../../../../arm-none-eabi/lib/thumb/v7e-m/nofp/libg.a(lib_a-mprec.o)
                0x000000000800846c                __i2b
 .text.__multiply
                0x00000000080084c8      0x15c /opt/homebrew/Cellar/arm-none-eabi-gcc/10.3-2021.07/gcc/bin/../lib/gcc/arm-none-eabi/10.3.1/../../../../arm-none-eabi/lib/thumb/v7e-m/nofp/libg.a(lib_a-mprec.o)
                0x00000000080084c8                __multiply
 .text.__pow5mult
                0x0000000008008624       0xc0 /opt/homebrew/Cellar/arm-none-eabi-gcc/10.3-2021.07/gcc/bin/../lib/gcc/arm-none-eabi/10.3.1/../../../../arm-none-eabi/lib/thumb/v7e-m/nofp/libg.a(lib_a-mprec.o)
                0x0000000008008624                __pow5mult
 .text.__lshift
                0x00000000080086e4       0xf0 /opt/homebrew/Cellar/arm-none-eabi-gcc/10.3-2021.07/gcc/bin/../lib/gcc/arm-none-eabi/10.3.1/../../../../arm-none-eabi/lib/thumb/v7e-m/nofp/libg.a(lib_a-mprec.o)
                0x00000000080086e4                __lshift
 .text.__mcmp   0x00000000080087d4       0x40 /opt/homebrew/Cellar/arm-none-eabi-gcc/10.3-2021.07/gcc/bin/../lib/gcc/arm-none-eabi/10.3.1/../../../../arm-none-eabi/lib/thumb/v7e-m/nofp/libg.a(lib_a-mprec.o)
                0x00000000080087d4                __mcmp
 .text.__mdiff  0x0000000008008814      0x14c /opt/homebrew/Cellar/arm-none-eabi-gcc/10.3-2021.07/gcc/bin/../lib/gcc/arm-none-eabi/10.3.1/../../../../arm-none-eabi/lib/thumb/v7e-m/nofp/libg.a(lib_a-mprec.o)
                0x0000000008008814                __mdiff
 .text.__d2b    0x0000000008008960       0xc4 /opt/homebrew/Cellar/arm-none-eabi-gcc/10.3-2021.07/gcc/bin/../lib/gcc/arm-none-eabi/10.3.1/../../../../arm-none-eabi/lib/thumb/v7e-m/nofp/libg.a(lib_a-mprec.o)
                0x0000000008008960                __d2b
 .text.frexp    0x0000000008008a24       0x70 /opt/homebrew/Cellar/arm-none-eabi-gcc/10.3-2021.07/gcc/bin/../lib/gcc/arm-none-eabi/10.3.1/../../../../arm-none-eabi/lib/thumb/v7e-m/nofp/libg.a(lib_a-s_frexp.o)
                0x0000000008008a24                frexp
 .text._sbrk_r  0x0000000008008a94       0x24 /opt/homebrew/Cellar/arm-none-eabi-gcc/10.3-2021.07/gcc/bin/../lib/gcc/arm-none-eabi/10.3.1/../../../../arm-none-eabi/lib/thumb/v7e-m/nofp/libg.a(lib_a-sbrkr.o)
                0x0000000008008a94                _sbrk_r
 .text.__sread  0x0000000008008ab8       0x24 /opt/homebrew/Cellar/arm-none-eabi-gcc/10.3-2021.07/gcc/bin/../lib/gcc/arm-none-eabi/10.3.1/../../../../arm-none-eabi/lib/thumb/v7e-m/nofp/libg.a(lib_a-stdio.o)
                0x0000000008008ab8                __sread
 .text.__swrite
                0x0000000008008adc       0x40 /opt/homebrew/Cellar/arm-none-eabi-gcc/10.3-2021.07/gcc/bin/../lib/gcc/arm-none-eabi/10.3.1/../../../../arm-none-eabi/lib/thumb/v7e-m/nofp/libg.a(lib_a-stdio.o)
                0x0000000008008adc                __swrite
 .text.__sseek  0x0000000008008b1c       0x20 /opt/homebrew/Cellar/arm-none-eabi-gcc/10.3-2021.07/gcc/bin/../lib/gcc/arm-none-eabi/10.3.1/../../../../arm-none-eabi/lib/thumb/v7e-m/nofp/libg.a(lib_a-stdio.o)
                0x0000000008008b1c                __sseek
 .text.__sclose
                0x0000000008008b3c        0x8 /opt/homebrew/Cellar/arm-none-eabi-gcc/10.3-2021.07/gcc/bin/../lib/gcc/arm-none-eabi/10.3.1/../../../../arm-none-eabi/lib/thumb/v7e-m/nofp/libg.a(lib_a-stdio.o)
                0x0000000008008b3c                __sclose
 .text.strncpy  0x0000000008008b44       0x64 /opt/homebrew/Cellar/arm-none-eabi-gcc/10.3-2021.07/gcc/bin/../lib/gcc/arm-none-eabi/10.3.1/../../../../arm-none-eabi/lib/thumb/v7e-m/nofp/libg.a(lib_a-strncpy.o)
                0x0000000008008b44                strncpy
 .text.__sprint_r.part.0
                0x0000000008008ba8       0x78 /opt/homebrew/Cellar/arm-none-eabi-gcc/10.3-2021.07/gcc/bin/../lib/gcc/arm-none-eabi/10.3.1/../../../../arm-none-eabi/lib/thumb/v7e-m/nofp/libg.a(lib_a-vfiprintf.o)
 .text.__sprint_r
                0x0000000008008c20       0x14 /opt/homebrew/Cellar/arm-none-eabi-gcc/10.3-2021.07/gcc/bin/../lib/gcc/arm-none-eabi/10.3.1/../../../../arm-none-eabi/lib/thumb/v7e-m/nofp/libg.a(lib_a-vfiprintf.o)
                0x0000000008008c20                __sprint_r
 .text._vfiprintf_r
                0x0000000008008c34      0xda0 /opt/homebrew/Cellar/arm-none-eabi-gcc/10.3-2021.07/gcc/bin/../lib/gcc/arm-none-eabi/10.3.1/../../../../arm-none-eabi/lib/thumb/v7e-m/nofp/libg.a(lib_a-vfiprintf.o)
                0x0000000008008c34                _vfiprintf_r
 .text.__sbprintf
                0x00000000080099d4       0x80 /opt/homebrew/Cellar/arm-none-eabi-gcc/10.3-2021.07/gcc/bin/../lib/gcc/arm-none-eabi/10.3.1/../../../../arm-none-eabi/lib/thumb/v7e-m/nofp/libg.a(lib_a-vfiprintf.o)
 .text._write_r
                0x0000000008009a54       0x2c /opt/homebrew/Cellar/arm-none-eabi-gcc/10.3-2021.07/gcc/bin/../lib/gcc/arm-none-eabi/10.3.1/../../../../arm-none-eabi/lib/thumb/v7e-m/nofp/libg.a(lib_a-writer.o)
                0x0000000008009a54                _write_r
 .text.__register_exitproc
                0x0000000008009a80       0x8c /opt/homebrew/Cellar/arm-none-eabi-gcc/10.3-2021.07/gcc/bin/../lib/gcc/arm-none-eabi/10.3.1/../../../../arm-none-eabi/lib/thumb/v7e-m/nofp/libg.a(lib_a-__atexit.o)
                0x0000000008009a80                __register_exitproc
 .text.__assert_func
                0x0000000008009b0c       0x40 /opt/homebrew/Cellar/arm-none-eabi-gcc/10.3-2021.07/gcc/bin/../lib/gcc/arm-none-eabi/10.3.1/../../../../arm-none-eabi/lib/thumb/v7e-m/nofp/libg.a(lib_a-assert.o)
                0x0000000008009b0c                __assert_func
 .text._calloc_r
                0x0000000008009b4c       0x78 /opt/homebrew/Cellar/arm-none-eabi-gcc/10.3-2021.07/gcc/bin/../lib/gcc/arm-none-eabi/10.3.1/../../../../arm-none-eabi/lib/thumb/v7e-m/nofp/libg.a(lib_a-callocr.o)
                0x0000000008009b4c                _calloc_r
 .text._close_r
                0x0000000008009bc4       0x24 /opt/homebrew/Cellar/arm-none-eabi-gcc/10.3-2021.07/gcc/bin/../lib/gcc/arm-none-eabi/10.3.1/../../../../arm-none-eabi/lib/thumb/v7e-m/nofp/libg.a(lib_a-closer.o)
                0x0000000008009bc4                _close_r
 .text._fclose_r
                0x0000000008009be8       0xcc /opt/homebrew/Cellar/arm-none-eabi-gcc/10.3-2021.07/gcc/bin/../lib/gcc/arm-none-eabi/10.3.1/../../../../arm-none-eabi/lib/thumb/v7e-m/nofp/libg.a(lib_a-fclose.o)
                0x0000000008009be8                _fclose_r
 .text.fiprintf
                0x0000000008009cb4       0x28 /opt/homebrew/Cellar/arm-none-eabi-gcc/10.3-2021.07/gcc/bin/../lib/gcc/arm-none-eabi/10.3.1/../../../../arm-none-eabi/lib/thumb/v7e-m/nofp/libg.a(lib_a-fiprintf.o)
                0x0000000008009cb4                fiprintf
 .text.__fputwc
                0x0000000008009cdc       0xa8 /opt/homebrew/Cellar/arm-none-eabi-gcc/10.3-2021.07/gcc/bin/../lib/gcc/arm-none-eabi/10.3.1/../../../../arm-none-eabi/lib/thumb/v7e-m/nofp/libg.a(lib_a-fputwc.o)
                0x0000000008009cdc                __fputwc
 .text._fputwc_r
                0x0000000008009d84       0x68 /opt/homebrew/Cellar/arm-none-eabi-gcc/10.3-2021.07/gcc/bin/../lib/gcc/arm-none-eabi/10.3.1/../../../../arm-none-eabi/lib/thumb/v7e-m/nofp/libg.a(lib_a-fputwc.o)
                0x0000000008009d84                _fputwc_r
 .text._fstat_r
                0x0000000008009dec       0x2c /opt/homebrew/Cellar/arm-none-eabi-gcc/10.3-2021.07/gcc/bin/../lib/gcc/arm-none-eabi/10.3.1/../../../../arm-none-eabi/lib/thumb/v7e-m/nofp/libg.a(lib_a-fstatr.o)
                0x0000000008009dec                _fstat_r
 .text.__sfvwrite_r
                0x0000000008009e18      0x2e8 /opt/homebrew/Cellar/arm-none-eabi-gcc/10.3-2021.07/gcc/bin/../lib/gcc/arm-none-eabi/10.3.1/../../../../arm-none-eabi/lib/thumb/v7e-m/nofp/libg.a(lib_a-fvwrite.o)
                0x0000000008009e18                __sfvwrite_r
 .text._isatty_r
                0x000000000800a100       0x24 /opt/homebrew/Cellar/arm-none-eabi-gcc/10.3-2021.07/gcc/bin/../lib/gcc/arm-none-eabi/10.3.1/../../../../arm-none-eabi/lib/thumb/v7e-m/nofp/libg.a(lib_a-isattyr.o)
                0x000000000800a100                _isatty_r
 .text.__locale_mb_cur_max
                0x000000000800a124        0xc /opt/homebrew/Cellar/arm-none-eabi-gcc/10.3-2021.07/gcc/bin/../lib/gcc/arm-none-eabi/10.3.1/../../../../arm-none-eabi/lib/thumb/v7e-m/nofp/libg.a(lib_a-locale.o)
                0x000000000800a124                __locale_mb_cur_max
 .text._lseek_r
                0x000000000800a130       0x2c /opt/homebrew/Cellar/arm-none-eabi-gcc/10.3-2021.07/gcc/bin/../lib/gcc/arm-none-eabi/10.3.1/../../../../arm-none-eabi/lib/thumb/v7e-m/nofp/libg.a(lib_a-lseekr.o)
                0x000000000800a130                _lseek_r
 .text.__ascii_mbtowc
                0x000000000800a15c       0x2c /opt/homebrew/Cellar/arm-none-eabi-gcc/10.3-2021.07/gcc/bin/../lib/gcc/arm-none-eabi/10.3.1/../../../../arm-none-eabi/lib/thumb/v7e-m/nofp/libg.a(lib_a-mbtowc_r.o)
                0x000000000800a15c                __ascii_mbtowc
 .text.memmove  0x000000000800a188       0xf8 /opt/homebrew/Cellar/arm-none-eabi-gcc/10.3-2021.07/gcc/bin/../lib/gcc/arm-none-eabi/10.3.1/../../../../arm-none-eabi/lib/thumb/v7e-m/nofp/libg.a(lib_a-memmove.o)
                0x000000000800a188                memmove
 .text._read_r  0x000000000800a280       0x2c /opt/homebrew/Cellar/arm-none-eabi-gcc/10.3-2021.07/gcc/bin/../lib/gcc/arm-none-eabi/10.3.1/../../../../arm-none-eabi/lib/thumb/v7e-m/nofp/libg.a(lib_a-readr.o)
                0x000000000800a280                _read_r
 .text._realloc_r
                0x000000000800a2ac      0x3d8 /opt/homebrew/Cellar/arm-none-eabi-gcc/10.3-2021.07/gcc/bin/../lib/gcc/arm-none-eabi/10.3.1/../../../../arm-none-eabi/lib/thumb/v7e-m/nofp/libg.a(lib_a-reallocr.o)
                0x000000000800a2ac                _realloc_r
 .text.__swbuf_r
                0x000000000800a684       0xb0 /opt/homebrew/Cellar/arm-none-eabi-gcc/10.3-2021.07/gcc/bin/../lib/gcc/arm-none-eabi/10.3.1/../../../../arm-none-eabi/lib/thumb/v7e-m/nofp/libg.a(lib_a-wbuf.o)
                0x000000000800a684                __swbuf_r
 .text._wcrtomb_r
                0x000000000800a734       0x3c /opt/homebrew/Cellar/arm-none-eabi-gcc/10.3-2021.07/gcc/bin/../lib/gcc/arm-none-eabi/10.3.1/../../../../arm-none-eabi/lib/thumb/v7e-m/nofp/libg.a(lib_a-wcrtomb.o)
                0x000000000800a734                _wcrtomb_r
 .text.__ascii_wctomb
                0x000000000800a770       0x1c /opt/homebrew/Cellar/arm-none-eabi-gcc/10.3-2021.07/gcc/bin/../lib/gcc/arm-none-eabi/10.3.1/../../../../arm-none-eabi/lib/thumb/v7e-m/nofp/libg.a(lib_a-wctomb_r.o)
                0x000000000800a770                __ascii_wctomb
 .text.abort    0x000000000800a78c       0x10 /opt/homebrew/Cellar/arm-none-eabi-gcc/10.3-2021.07/gcc/bin/../lib/gcc/arm-none-eabi/10.3.1/../../../../arm-none-eabi/lib/thumb/v7e-m/nofp/libg.a(lib_a-abort.o)
                0x000000000800a78c                abort
 .text.raise    0x000000000800a79c       0x5c /opt/homebrew/Cellar/arm-none-eabi-gcc/10.3-2021.07/gcc/bin/../lib/gcc/arm-none-eabi/10.3.1/../../../../arm-none-eabi/lib/thumb/v7e-m/nofp/libg.a(lib_a-signal.o)
                0x000000000800a79c                raise
 .text._kill_r  0x000000000800a7f8       0x2c /opt/homebrew/Cellar/arm-none-eabi-gcc/10.3-2021.07/gcc/bin/../lib/gcc/arm-none-eabi/10.3.1/../../../../arm-none-eabi/lib/thumb/v7e-m/nofp/libg.a(lib_a-signalr.o)
                0x000000000800a7f8                _kill_r
 .text._getpid_r
                0x000000000800a824        0x4 /opt/homebrew/Cellar/arm-none-eabi-gcc/10.3-2021.07/gcc/bin/../lib/gcc/arm-none-eabi/10.3.1/../../../../arm-none-eabi/lib/thumb/v7e-m/nofp/libg.a(lib_a-signalr.o)
                0x000000000800a824                _getpid_r
 *(.glue_7)
 .glue_7        0x000000000800a828        0x0 linker stubs
 *(.glue_7t)
 .glue_7t       0x000000000800a828        0x0 linker stubs
 *(.eh_frame)
 .eh_frame      0x000000000800a828        0x0 /opt/homebrew/Cellar/arm-none-eabi-gcc/10.3-2021.07/gcc/bin/../lib/gcc/arm-none-eabi/10.3.1/thumb/v7e-m/nofp/crtbegin.o
 *(.init)
 .init          0x000000000800a828        0x4 /opt/homebrew/Cellar/arm-none-eabi-gcc/10.3-2021.07/gcc/bin/../lib/gcc/arm-none-eabi/10.3.1/thumb/v7e-m/nofp/crti.o
                0x000000000800a828                _init
 .init          0x000000000800a82c        0x8 /opt/homebrew/Cellar/arm-none-eabi-gcc/10.3-2021.07/gcc/bin/../lib/gcc/arm-none-eabi/10.3.1/thumb/v7e-m/nofp/crtn.o
 *(.fini)
 .fini          0x000000000800a834        0x4 /opt/homebrew/Cellar/arm-none-eabi-gcc/10.3-2021.07/gcc/bin/../lib/gcc/arm-none-eabi/10.3.1/thumb/v7e-m/nofp/crti.o
                0x000000000800a834                _fini
 .fini          0x000000000800a838        0x8 /opt/homebrew/Cellar/arm-none-eabi-gcc/10.3-2021.07/gcc/bin/../lib/gcc/arm-none-eabi/10.3.1/thumb/v7e-m/nofp/crtn.o
                0x000000000800a840                . = ALIGN (0x4)
                0x000000000800a840                _etext = .

.vfp11_veneer   0x000000000800a840        0x0
 .vfp11_veneer  0x000000000800a840        0x0 linker stubs

.v4_bx          0x000000000800a840        0x0
 .v4_bx         0x000000000800a840        0x0 linker stubs

.iplt           0x000000000800a840        0x0
 .iplt          0x000000000800a840        0x0 /opt/homebrew/Cellar/arm-none-eabi-gcc/10.3-2021.07/gcc/bin/../lib/gcc/arm-none-eabi/10.3.1/thumb/v7e-m/nofp/crtbegin.o

.rodata         0x000000000800a840      0x418
                0x000000000800a840                . = ALIGN (0x4)
 *(.rodata)
 *(.rodata*)
 .rodata.main.str1.4
                0x000000000800a840       0x18 CMakeFiles/Gas_ADC.elf.dir/Core/Src/main.c.obj
 .rodata.AHBPrescTable
                0x000000000800a858       0x10 CMakeFiles/Gas_ADC.elf.dir/Core/Src/system_stm32l4xx.c.obj
                0x000000000800a858                AHBPrescTable
 .rodata.APBPrescTable
                0x000000000800a868        0x8 CMakeFiles/Gas_ADC.elf.dir/Core/Src/system_stm32l4xx.c.obj
                0x000000000800a868                APBPrescTable
 .rodata.MSIRangeTable
                0x000000000800a870       0x30 CMakeFiles/Gas_ADC.elf.dir/Core/Src/system_stm32l4xx.c.obj
                0x000000000800a870                MSIRangeTable
 .rodata._global_impure_ptr
                0x000000000800a8a0        0x4 /opt/homebrew/Cellar/arm-none-eabi-gcc/10.3-2021.07/gcc/bin/../lib/gcc/arm-none-eabi/10.3.1/../../../../arm-none-eabi/lib/thumb/v7e-m/nofp/libg.a(lib_a-impure.o)
                0x000000000800a8a0                _global_impure_ptr
 .rodata._vfprintf_r.str1.4
                0x000000000800a8a4       0x42 /opt/homebrew/Cellar/arm-none-eabi-gcc/10.3-2021.07/gcc/bin/../lib/gcc/arm-none-eabi/10.3.1/../../../../arm-none-eabi/lib/thumb/v7e-m/nofp/libg.a(lib_a-vfprintf.o)
 *fill*         0x000000000800a8e6        0x2 
 .rodata.blanks.1
                0x000000000800a8e8       0x10 /opt/homebrew/Cellar/arm-none-eabi-gcc/10.3-2021.07/gcc/bin/../lib/gcc/arm-none-eabi/10.3.1/../../../../arm-none-eabi/lib/thumb/v7e-m/nofp/libg.a(lib_a-vfprintf.o)
 .rodata.zeroes.0
                0x000000000800a8f8       0x10 /opt/homebrew/Cellar/arm-none-eabi-gcc/10.3-2021.07/gcc/bin/../lib/gcc/arm-none-eabi/10.3.1/../../../../arm-none-eabi/lib/thumb/v7e-m/nofp/libg.a(lib_a-vfprintf.o)
 .rodata._dtoa_r.str1.4
                0x000000000800a908       0x7e /opt/homebrew/Cellar/arm-none-eabi-gcc/10.3-2021.07/gcc/bin/../lib/gcc/arm-none-eabi/10.3.1/../../../../arm-none-eabi/lib/thumb/v7e-m/nofp/libg.a(lib_a-dtoa.o)
                                         0x82 (size before relaxing)
 *fill*         0x000000000800a986        0x2 
 .rodata.__multadd.str1.4
                0x000000000800a988       0x5b /opt/homebrew/Cellar/arm-none-eabi-gcc/10.3-2021.07/gcc/bin/../lib/gcc/arm-none-eabi/10.3.1/../../../../arm-none-eabi/lib/thumb/v7e-m/nofp/libg.a(lib_a-mprec.o)
                                         0x6f (size before relaxing)
 *fill*         0x000000000800a9e3        0x5 
 .rodata.__mprec_bigtens
                0x000000000800a9e8       0x28 /opt/homebrew/Cellar/arm-none-eabi-gcc/10.3-2021.07/gcc/bin/../lib/gcc/arm-none-eabi/10.3.1/../../../../arm-none-eabi/lib/thumb/v7e-m/nofp/libg.a(lib_a-mprec.o)
                0x000000000800a9e8                __mprec_bigtens
 .rodata.__mprec_tens
                0x000000000800aa10       0xc8 /opt/homebrew/Cellar/arm-none-eabi-gcc/10.3-2021.07/gcc/bin/../lib/gcc/arm-none-eabi/10.3.1/../../../../arm-none-eabi/lib/thumb/v7e-m/nofp/libg.a(lib_a-mprec.o)
                0x000000000800aa10                __mprec_tens
 .rodata.p05.0  0x000000000800aad8        0xc /opt/homebrew/Cellar/arm-none-eabi-gcc/10.3-2021.07/gcc/bin/../lib/gcc/arm-none-eabi/10.3.1/../../../../arm-none-eabi/lib/thumb/v7e-m/nofp/libg.a(lib_a-mprec.o)
 .rodata._vfiprintf_r.str1.4
                0x000000000800aae4       0x2f /opt/homebrew/Cellar/arm-none-eabi-gcc/10.3-2021.07/gcc/bin/../lib/gcc/arm-none-eabi/10.3.1/../../../../arm-none-eabi/lib/thumb/v7e-m/nofp/libg.a(lib_a-vfiprintf.o)
 .rodata.blanks.1
                0x000000000800aae4       0x10 /opt/homebrew/Cellar/arm-none-eabi-gcc/10.3-2021.07/gcc/bin/../lib/gcc/arm-none-eabi/10.3.1/../../../../arm-none-eabi/lib/thumb/v7e-m/nofp/libg.a(lib_a-vfiprintf.o)
 .rodata.zeroes.0
                0x000000000800aaf4       0x10 /opt/homebrew/Cellar/arm-none-eabi-gcc/10.3-2021.07/gcc/bin/../lib/gcc/arm-none-eabi/10.3.1/../../../../arm-none-eabi/lib/thumb/v7e-m/nofp/libg.a(lib_a-vfiprintf.o)
 .rodata.__assert_func.str1.4
                0x000000000800ab04       0x3f /opt/homebrew/Cellar/arm-none-eabi-gcc/10.3-2021.07/gcc/bin/../lib/gcc/arm-none-eabi/10.3.1/../../../../arm-none-eabi/lib/thumb/v7e-m/nofp/libg.a(lib_a-assert.o)
                                         0x43 (size before relaxing)
 *fill*         0x000000000800ab43        0x1 
 .rodata._setlocale_r.str1.4
                0x000000000800ab44        0xa /opt/homebrew/Cellar/arm-none-eabi-gcc/10.3-2021.07/gcc/bin/../lib/gcc/arm-none-eabi/10.3.1/../../../../arm-none-eabi/lib/thumb/v7e-m/nofp/libg.a(lib_a-locale.o)
                                          0xd (size before relaxing)
 *fill*         0x000000000800ab4e        0x2 
 .rodata.str1.4
                0x000000000800ab50        0x2 /opt/homebrew/Cellar/arm-none-eabi-gcc/10.3-2021.07/gcc/bin/../lib/gcc/arm-none-eabi/10.3.1/../../../../arm-none-eabi/lib/thumb/v7e-m/nofp/libg.a(lib_a-locale.o)
 *fill*         0x000000000800ab52        0x2 
 .rodata._ctype_
                0x000000000800ab54      0x101 /opt/homebrew/Cellar/arm-none-eabi-gcc/10.3-2021.07/gcc/bin/../lib/gcc/arm-none-eabi/10.3.1/../../../../arm-none-eabi/lib/thumb/v7e-m/nofp/libg.a(lib_a-ctype_.o)
                0x000000000800ab54                _ctype_
                0x000000000800ac58                . = ALIGN (0x4)
 *fill*         0x000000000800ac55        0x3 

.ARM.extab      0x000000000800ac58        0x0
                0x000000000800ac58                . = ALIGN (0x4)
 *(.ARM.extab* .gnu.linkonce.armextab.*)
                0x000000000800ac58                . = ALIGN (0x4)

.ARM            0x000000000800ac58        0x8
                0x000000000800ac58                . = ALIGN (0x4)
                0x000000000800ac58                __exidx_start = .
 *(.ARM.exidx*)
 .ARM.exidx     0x000000000800ac58        0x8 /opt/homebrew/Cellar/arm-none-eabi-gcc/10.3-2021.07/gcc/bin/../lib/gcc/arm-none-eabi/10.3.1/thumb/v7e-m/nofp/libgcc.a(_udivmoddi4.o)
                0x000000000800ac60                __exidx_end = .
                0x000000000800ac60                . = ALIGN (0x4)

.rel.dyn        0x000000000800ac60        0x0
 .rel.iplt      0x000000000800ac60        0x0 /opt/homebrew/Cellar/arm-none-eabi-gcc/10.3-2021.07/gcc/bin/../lib/gcc/arm-none-eabi/10.3.1/thumb/v7e-m/nofp/crtbegin.o

.preinit_array  0x000000000800ac60        0x0
                0x000000000800ac60                . = ALIGN (0x4)
                0x000000000800ac60                PROVIDE (__preinit_array_start = .)
 *(.preinit_array*)
                0x000000000800ac60                PROVIDE (__preinit_array_end = .)
                0x000000000800ac60                . = ALIGN (0x4)

.init_array     0x000000000800ac60        0x8
                0x000000000800ac60                . = ALIGN (0x4)
                0x000000000800ac60                PROVIDE (__init_array_start = .)
 *(SORT_BY_NAME(.init_array.*))
 .init_array.00000
                0x000000000800ac60        0x4 /opt/homebrew/Cellar/arm-none-eabi-gcc/10.3-2021.07/gcc/bin/../lib/gcc/arm-none-eabi/10.3.1/../../../../arm-none-eabi/lib/thumb/v7e-m/nofp/libg.a(lib_a-__call_atexit.o)
 *(.init_array*)
 .init_array    0x000000000800ac64        0x4 /opt/homebrew/Cellar/arm-none-eabi-gcc/10.3-2021.07/gcc/bin/../lib/gcc/arm-none-eabi/10.3.1/thumb/v7e-m/nofp/crtbegin.o
                0x000000000800ac68                PROVIDE (__init_array_end = .)
                0x000000000800ac68                . = ALIGN (0x4)

.fini_array     0x000000000800ac68        0x4
                0x000000000800ac68                . = ALIGN (0x4)
                0x000000000800ac68                PROVIDE (__fini_array_start = .)
 *(SORT_BY_NAME(.fini_array.*))
 *(.fini_array*)
 .fini_array    0x000000000800ac68        0x4 /opt/homebrew/Cellar/arm-none-eabi-gcc/10.3-2021.07/gcc/bin/../lib/gcc/arm-none-eabi/10.3.1/thumb/v7e-m/nofp/crtbegin.o
                0x000000000800ac6c                PROVIDE (__fini_array_end = .)
                0x000000000800ac6c                . = ALIGN (0x4)
                0x000000000800ac6c                _sidata = LOADADDR (.data)

.data           0x0000000020000000      0x9b8 load address 0x000000000800ac6c
                0x0000000020000000                . = ALIGN (0x4)
                0x0000000020000000                _sdata = .
 *(.data)
 *(.data*)
 .data.SystemCoreClock
                0x0000000020000000        0x4 CMakeFiles/Gas_ADC.elf.dir/Core/Src/system_stm32l4xx.c.obj
                0x0000000020000000                SystemCoreClock
 .data.uwTickFreq
                0x0000000020000004        0x1 CMakeFiles/Gas_ADC.elf.dir/Drivers/STM32L4xx_HAL_Driver/Src/stm32l4xx_hal.c.obj
                0x0000000020000004                uwTickFreq
 *fill*         0x0000000020000005        0x3 
 .data.uwTickPrio
                0x0000000020000008        0x4 CMakeFiles/Gas_ADC.elf.dir/Drivers/STM32L4xx_HAL_Driver/Src/stm32l4xx_hal.c.obj
                0x0000000020000008                uwTickPrio
 .data._impure_ptr
                0x000000002000000c        0x4 /opt/homebrew/Cellar/arm-none-eabi-gcc/10.3-2021.07/gcc/bin/../lib/gcc/arm-none-eabi/10.3.1/../../../../arm-none-eabi/lib/thumb/v7e-m/nofp/libg.a(lib_a-impure.o)
                0x000000002000000c                _impure_ptr
 .data.impure_data
                0x0000000020000010      0x428 /opt/homebrew/Cellar/arm-none-eabi-gcc/10.3-2021.07/gcc/bin/../lib/gcc/arm-none-eabi/10.3.1/../../../../arm-none-eabi/lib/thumb/v7e-m/nofp/libg.a(lib_a-impure.o)
 .data.__atexit_recursive_mutex
                0x0000000020000438        0x4 /opt/homebrew/Cellar/arm-none-eabi-gcc/10.3-2021.07/gcc/bin/../lib/gcc/arm-none-eabi/10.3.1/../../../../arm-none-eabi/lib/thumb/v7e-m/nofp/libg.a(lib_a-__call_atexit.o)
                0x0000000020000438                __atexit_recursive_mutex
 .data.__malloc_av_
                0x000000002000043c      0x408 /opt/homebrew/Cellar/arm-none-eabi-gcc/10.3-2021.07/gcc/bin/../lib/gcc/arm-none-eabi/10.3.1/../../../../arm-none-eabi/lib/thumb/v7e-m/nofp/libg.a(lib_a-mallocr.o)
                0x000000002000043c                __malloc_av_
 .data.__malloc_sbrk_base
                0x0000000020000844        0x4 /opt/homebrew/Cellar/arm-none-eabi-gcc/10.3-2021.07/gcc/bin/../lib/gcc/arm-none-eabi/10.3.1/../../../../arm-none-eabi/lib/thumb/v7e-m/nofp/libg.a(lib_a-mallocr.o)
                0x0000000020000844                __malloc_sbrk_base
 .data.__malloc_trim_threshold
                0x0000000020000848        0x4 /opt/homebrew/Cellar/arm-none-eabi-gcc/10.3-2021.07/gcc/bin/../lib/gcc/arm-none-eabi/10.3.1/../../../../arm-none-eabi/lib/thumb/v7e-m/nofp/libg.a(lib_a-mallocr.o)
                0x0000000020000848                __malloc_trim_threshold
 .data.__global_locale
                0x000000002000084c      0x16c /opt/homebrew/Cellar/arm-none-eabi-gcc/10.3-2021.07/gcc/bin/../lib/gcc/arm-none-eabi/10.3.1/../../../../arm-none-eabi/lib/thumb/v7e-m/nofp/libg.a(lib_a-locale.o)
                0x000000002000084c                __global_locale
 *(.RamFunc)
 *(.RamFunc*)
                0x00000000200009b8                . = ALIGN (0x4)
                0x00000000200009b8                _edata = .

.igot.plt       0x00000000200009b8        0x0 load address 0x000000000800b624
 .igot.plt      0x00000000200009b8        0x0 /opt/homebrew/Cellar/arm-none-eabi-gcc/10.3-2021.07/gcc/bin/../lib/gcc/arm-none-eabi/10.3.1/thumb/v7e-m/nofp/crtbegin.o
                0x00000000200009b8                . = ALIGN (0x4)

.bss            0x00000000200009b8     0x3200 load address 0x000000000800b624
                0x00000000200009b8                _sbss = .
                0x00000000200009b8                __bss_start__ = _sbss
 *(.bss)
 .bss           0x00000000200009b8       0x1c /opt/homebrew/Cellar/arm-none-eabi-gcc/10.3-2021.07/gcc/bin/../lib/gcc/arm-none-eabi/10.3.1/thumb/v7e-m/nofp/crtbegin.o
 *(.bss*)
 .bss.hadc1     0x00000000200009d4       0x68 CMakeFiles/Gas_ADC.elf.dir/Core/Src/adc.c.obj
                0x00000000200009d4                hadc1
 .bss.hdma_adc1
                0x0000000020000a3c       0x48 CMakeFiles/Gas_ADC.elf.dir/Core/Src/adc.c.obj
                0x0000000020000a3c                hdma_adc1
 .bss.adc_buff  0x0000000020000a84     0x3000 CMakeFiles/Gas_ADC.elf.dir/Core/Src/main.c.obj
                0x0000000020000a84                adc_buff
 .bss.adc_output
                0x0000000020003a84       0x10 CMakeFiles/Gas_ADC.elf.dir/Core/Src/main.c.obj
                0x0000000020003a84                adc_output
 .bss.__sbrk_heap_end
                0x0000000020003a94        0x4 CMakeFiles/Gas_ADC.elf.dir/Core/Src/sysmem.c.obj
 .bss.htim8     0x0000000020003a98       0x4c CMakeFiles/Gas_ADC.elf.dir/Core/Src/tim.c.obj
                0x0000000020003a98                htim8
 .bss.hlpuart1  0x0000000020003ae4       0x88 CMakeFiles/Gas_ADC.elf.dir/Core/Src/usart.c.obj
                0x0000000020003ae4                hlpuart1
 .bss.uwTick    0x0000000020003b6c        0x4 CMakeFiles/Gas_ADC.elf.dir/Drivers/STM32L4xx_HAL_Driver/Src/stm32l4xx_hal.c.obj
                0x0000000020003b6c                uwTick
 .bss.__lock___atexit_recursive_mutex
                0x0000000020003b70        0x1 /opt/homebrew/Cellar/arm-none-eabi-gcc/10.3-2021.07/gcc/bin/../lib/gcc/arm-none-eabi/10.3.1/../../../../arm-none-eabi/lib/thumb/v7e-m/nofp/libg.a(lib_a-lock.o)
                0x0000000020003b70                __lock___atexit_recursive_mutex
 *fill*         0x0000000020003b71        0x3 
 .bss.__lock___malloc_recursive_mutex
                0x0000000020003b74        0x1 /opt/homebrew/Cellar/arm-none-eabi-gcc/10.3-2021.07/gcc/bin/../lib/gcc/arm-none-eabi/10.3.1/../../../../arm-none-eabi/lib/thumb/v7e-m/nofp/libg.a(lib_a-lock.o)
                0x0000000020003b74                __lock___malloc_recursive_mutex
 *fill*         0x0000000020003b75        0x3 
 .bss.__lock___sfp_recursive_mutex
                0x0000000020003b78        0x1 /opt/homebrew/Cellar/arm-none-eabi-gcc/10.3-2021.07/gcc/bin/../lib/gcc/arm-none-eabi/10.3.1/../../../../arm-none-eabi/lib/thumb/v7e-m/nofp/libg.a(lib_a-lock.o)
                0x0000000020003b78                __lock___sfp_recursive_mutex
 *fill*         0x0000000020003b79        0x3 
 .bss.__lock___sinit_recursive_mutex
                0x0000000020003b7c        0x1 /opt/homebrew/Cellar/arm-none-eabi-gcc/10.3-2021.07/gcc/bin/../lib/gcc/arm-none-eabi/10.3.1/../../../../arm-none-eabi/lib/thumb/v7e-m/nofp/libg.a(lib_a-lock.o)
                0x0000000020003b7c                __lock___sinit_recursive_mutex
 *fill*         0x0000000020003b7d        0x3 
 .bss.__malloc_current_mallinfo
                0x0000000020003b80       0x28 /opt/homebrew/Cellar/arm-none-eabi-gcc/10.3-2021.07/gcc/bin/../lib/gcc/arm-none-eabi/10.3.1/../../../../arm-none-eabi/lib/thumb/v7e-m/nofp/libg.a(lib_a-mallocr.o)
                0x0000000020003b80                __malloc_current_mallinfo
 .bss.__malloc_max_sbrked_mem
                0x0000000020003ba8        0x4 /opt/homebrew/Cellar/arm-none-eabi-gcc/10.3-2021.07/gcc/bin/../lib/gcc/arm-none-eabi/10.3.1/../../../../arm-none-eabi/lib/thumb/v7e-m/nofp/libg.a(lib_a-mallocr.o)
                0x0000000020003ba8                __malloc_max_sbrked_mem
 .bss.__malloc_max_total_mem
                0x0000000020003bac        0x4 /opt/homebrew/Cellar/arm-none-eabi-gcc/10.3-2021.07/gcc/bin/../lib/gcc/arm-none-eabi/10.3.1/../../../../arm-none-eabi/lib/thumb/v7e-m/nofp/libg.a(lib_a-mallocr.o)
                0x0000000020003bac                __malloc_max_total_mem
 .bss.__malloc_top_pad
                0x0000000020003bb0        0x4 /opt/homebrew/Cellar/arm-none-eabi-gcc/10.3-2021.07/gcc/bin/../lib/gcc/arm-none-eabi/10.3.1/../../../../arm-none-eabi/lib/thumb/v7e-m/nofp/libg.a(lib_a-mallocr.o)
                0x0000000020003bb0                __malloc_top_pad
 .bss.errno     0x0000000020003bb4        0x4 /opt/homebrew/Cellar/arm-none-eabi-gcc/10.3-2021.07/gcc/bin/../lib/gcc/arm-none-eabi/10.3.1/../../../../arm-none-eabi/lib/thumb/v7e-m/nofp/libg.a(lib_a-reent.o)
                0x0000000020003bb4                errno
 *(COMMON)
                0x0000000020003bb8                . = ALIGN (0x4)
                0x0000000020003bb8                _ebss = .
                0x0000000020003bb8                __bss_end__ = _ebss

._user_heap_stack
                0x0000000020003bb8      0x600 load address 0x000000000800b624
                0x0000000020003bb8                . = ALIGN (0x8)
                [!provide]                        PROVIDE (end = .)
                0x0000000020003bb8                PROVIDE (_end = .)
                0x0000000020003db8                . = (. + _Min_Heap_Size)
 *fill*         0x0000000020003bb8      0x200 
                0x00000000200041b8                . = (. + _Min_Stack_Size)
 *fill*         0x0000000020003db8      0x400 
                0x00000000200041b8                . = ALIGN (0x8)

/DISCARD/
 libc.a(*)
 libm.a(*)
 libgcc.a(*)

.ARM.attributes
                0x0000000000000000       0x2a
 *(.ARM.attributes)
 .ARM.attributes
                0x0000000000000000       0x1e /opt/homebrew/Cellar/arm-none-eabi-gcc/10.3-2021.07/gcc/bin/../lib/gcc/arm-none-eabi/10.3.1/thumb/v7e-m/nofp/crti.o
 .ARM.attributes
                0x000000000000001e       0x2e /opt/homebrew/Cellar/arm-none-eabi-gcc/10.3-2021.07/gcc/bin/../lib/gcc/arm-none-eabi/10.3.1/thumb/v7e-m/nofp/crtbegin.o
 .ARM.attributes
                0x000000000000004c       0x2e CMakeFiles/Gas_ADC.elf.dir/Core/Src/adc.c.obj
 .ARM.attributes
                0x000000000000007a       0x2e CMakeFiles/Gas_ADC.elf.dir/Core/Src/dma.c.obj
 .ARM.attributes
                0x00000000000000a8       0x2e CMakeFiles/Gas_ADC.elf.dir/Core/Src/gpio.c.obj
 .ARM.attributes
                0x00000000000000d6       0x2e CMakeFiles/Gas_ADC.elf.dir/Core/Src/main.c.obj
 .ARM.attributes
                0x0000000000000104       0x2e CMakeFiles/Gas_ADC.elf.dir/Core/Src/stm32l4xx_hal_msp.c.obj
 .ARM.attributes
                0x0000000000000132       0x2e CMakeFiles/Gas_ADC.elf.dir/Core/Src/stm32l4xx_it.c.obj
 .ARM.attributes
                0x0000000000000160       0x2e CMakeFiles/Gas_ADC.elf.dir/Core/Src/syscalls.c.obj
 .ARM.attributes
                0x000000000000018e       0x2e CMakeFiles/Gas_ADC.elf.dir/Core/Src/sysmem.c.obj
 .ARM.attributes
                0x00000000000001bc       0x2e CMakeFiles/Gas_ADC.elf.dir/Core/Src/system_stm32l4xx.c.obj
 .ARM.attributes
                0x00000000000001ea       0x2e CMakeFiles/Gas_ADC.elf.dir/Core/Src/tim.c.obj
 .ARM.attributes
                0x0000000000000218       0x2e CMakeFiles/Gas_ADC.elf.dir/Core/Src/usart.c.obj
 .ARM.attributes
                0x0000000000000246       0x21 CMakeFiles/Gas_ADC.elf.dir/Core/Startup/startup_stm32l496zgtx.s.obj
 .ARM.attributes
                0x0000000000000267       0x2e CMakeFiles/Gas_ADC.elf.dir/Drivers/STM32L4xx_HAL_Driver/Src/stm32l4xx_hal.c.obj
 .ARM.attributes
                0x0000000000000295       0x2e CMakeFiles/Gas_ADC.elf.dir/Drivers/STM32L4xx_HAL_Driver/Src/stm32l4xx_hal_adc.c.obj
 .ARM.attributes
                0x00000000000002c3       0x2e CMakeFiles/Gas_ADC.elf.dir/Drivers/STM32L4xx_HAL_Driver/Src/stm32l4xx_hal_adc_ex.c.obj
 .ARM.attributes
                0x00000000000002f1       0x2e CMakeFiles/Gas_ADC.elf.dir/Drivers/STM32L4xx_HAL_Driver/Src/stm32l4xx_hal_cortex.c.obj
 .ARM.attributes
                0x000000000000031f       0x2e CMakeFiles/Gas_ADC.elf.dir/Drivers/STM32L4xx_HAL_Driver/Src/stm32l4xx_hal_dma.c.obj
 .ARM.attributes
                0x000000000000034d       0x2e CMakeFiles/Gas_ADC.elf.dir/Drivers/STM32L4xx_HAL_Driver/Src/stm32l4xx_hal_gpio.c.obj
 .ARM.attributes
                0x000000000000037b       0x2e CMakeFiles/Gas_ADC.elf.dir/Drivers/STM32L4xx_HAL_Driver/Src/stm32l4xx_hal_pwr_ex.c.obj
 .ARM.attributes
                0x00000000000003a9       0x2e CMakeFiles/Gas_ADC.elf.dir/Drivers/STM32L4xx_HAL_Driver/Src/stm32l4xx_hal_rcc.c.obj
 .ARM.attributes
                0x00000000000003d7       0x2e CMakeFiles/Gas_ADC.elf.dir/Drivers/STM32L4xx_HAL_Driver/Src/stm32l4xx_hal_rcc_ex.c.obj
 .ARM.attributes
                0x0000000000000405       0x2e CMakeFiles/Gas_ADC.elf.dir/Drivers/STM32L4xx_HAL_Driver/Src/stm32l4xx_hal_tim.c.obj
 .ARM.attributes
                0x0000000000000433       0x2e CMakeFiles/Gas_ADC.elf.dir/Drivers/STM32L4xx_HAL_Driver/Src/stm32l4xx_hal_tim_ex.c.obj
 .ARM.attributes
                0x0000000000000461       0x2e CMakeFiles/Gas_ADC.elf.dir/Drivers/STM32L4xx_HAL_Driver/Src/stm32l4xx_hal_uart.c.obj
 .ARM.attributes
                0x000000000000048f       0x1e /opt/homebrew/Cellar/arm-none-eabi-gcc/10.3-2021.07/gcc/bin/../lib/gcc/arm-none-eabi/10.3.1/thumb/v7e-m/nofp/libgcc.a(_arm_addsubdf3.o)
 .ARM.attributes
                0x00000000000004ad       0x1e /opt/homebrew/Cellar/arm-none-eabi-gcc/10.3-2021.07/gcc/bin/../lib/gcc/arm-none-eabi/10.3.1/thumb/v7e-m/nofp/libgcc.a(_arm_truncdfsf2.o)
 .ARM.attributes
                0x00000000000004cb       0x1e /opt/homebrew/Cellar/arm-none-eabi-gcc/10.3-2021.07/gcc/bin/../lib/gcc/arm-none-eabi/10.3.1/thumb/v7e-m/nofp/libgcc.a(_aeabi_uldivmod.o)
 .ARM.attributes
                0x00000000000004e9       0x2e /opt/homebrew/Cellar/arm-none-eabi-gcc/10.3-2021.07/gcc/bin/../lib/gcc/arm-none-eabi/10.3.1/thumb/v7e-m/nofp/libgcc.a(_udivmoddi4.o)
 .ARM.attributes
                0x0000000000000517       0x1e /opt/homebrew/Cellar/arm-none-eabi-gcc/10.3-2021.07/gcc/bin/../lib/gcc/arm-none-eabi/10.3.1/thumb/v7e-m/nofp/libgcc.a(_dvmd_tls.o)
 .ARM.attributes
                0x0000000000000535       0x2e /opt/homebrew/Cellar/arm-none-eabi-gcc/10.3-2021.07/gcc/bin/../lib/gcc/arm-none-eabi/10.3.1/../../../../arm-none-eabi/lib/thumb/v7e-m/nofp/libg.a(lib_a-errno.o)
 .ARM.attributes
                0x0000000000000563       0x2e /opt/homebrew/Cellar/arm-none-eabi-gcc/10.3-2021.07/gcc/bin/../lib/gcc/arm-none-eabi/10.3.1/../../../../arm-none-eabi/lib/thumb/v7e-m/nofp/libg.a(lib_a-impure.o)
 .ARM.attributes
                0x0000000000000591       0x2e /opt/homebrew/Cellar/arm-none-eabi-gcc/10.3-2021.07/gcc/bin/../lib/gcc/arm-none-eabi/10.3.1/../../../../arm-none-eabi/lib/thumb/v7e-m/nofp/libg.a(lib_a-init.o)
 .ARM.attributes
                0x00000000000005bf       0x2e /opt/homebrew/Cellar/arm-none-eabi-gcc/10.3-2021.07/gcc/bin/../lib/gcc/arm-none-eabi/10.3.1/../../../../arm-none-eabi/lib/thumb/v7e-m/nofp/libg.a(lib_a-memset.o)
 .ARM.attributes
                0x00000000000005ed       0x2e /opt/homebrew/Cellar/arm-none-eabi-gcc/10.3-2021.07/gcc/bin/../lib/gcc/arm-none-eabi/10.3.1/../../../../arm-none-eabi/lib/thumb/v7e-m/nofp/libg.a(lib_a-printf.o)
 .ARM.attributes
                0x000000000000061b       0x2e /opt/homebrew/Cellar/arm-none-eabi-gcc/10.3-2021.07/gcc/bin/../lib/gcc/arm-none-eabi/10.3.1/../../../../arm-none-eabi/lib/thumb/v7e-m/nofp/libg.a(lib_a-vfprintf.o)
 .ARM.attributes
                0x0000000000000649       0x2e /opt/homebrew/Cellar/arm-none-eabi-gcc/10.3-2021.07/gcc/bin/../lib/gcc/arm-none-eabi/10.3.1/../../../../arm-none-eabi/lib/thumb/v7e-m/nofp/libg.a(lib_a-wsetup.o)
 .ARM.attributes
                0x0000000000000677       0x2e /opt/homebrew/Cellar/arm-none-eabi-gcc/10.3-2021.07/gcc/bin/../lib/gcc/arm-none-eabi/10.3.1/../../../../arm-none-eabi/lib/thumb/v7e-m/nofp/libg.a(lib_a-__call_atexit.o)
 .ARM.attributes
                0x00000000000006a5       0x2e /opt/homebrew/Cellar/arm-none-eabi-gcc/10.3-2021.07/gcc/bin/../lib/gcc/arm-none-eabi/10.3.1/../../../../arm-none-eabi/lib/thumb/v7e-m/nofp/libg.a(lib_a-atexit.o)
 .ARM.attributes
                0x00000000000006d3       0x2e /opt/homebrew/Cellar/arm-none-eabi-gcc/10.3-2021.07/gcc/bin/../lib/gcc/arm-none-eabi/10.3.1/../../../../arm-none-eabi/lib/thumb/v7e-m/nofp/libg.a(lib_a-dtoa.o)
 .ARM.attributes
                0x0000000000000701       0x2e /opt/homebrew/Cellar/arm-none-eabi-gcc/10.3-2021.07/gcc/bin/../lib/gcc/arm-none-eabi/10.3.1/../../../../arm-none-eabi/lib/thumb/v7e-m/nofp/libg.a(lib_a-fflush.o)
 .ARM.attributes
                0x000000000000072f       0x2e /opt/homebrew/Cellar/arm-none-eabi-gcc/10.3-2021.07/gcc/bin/../lib/gcc/arm-none-eabi/10.3.1/../../../../arm-none-eabi/lib/thumb/v7e-m/nofp/libg.a(lib_a-findfp.o)
 .ARM.attributes
                0x000000000000075d       0x2e /opt/homebrew/Cellar/arm-none-eabi-gcc/10.3-2021.07/gcc/bin/../lib/gcc/arm-none-eabi/10.3.1/../../../../arm-none-eabi/lib/thumb/v7e-m/nofp/libg.a(lib_a-fini.o)
 .ARM.attributes
                0x000000000000078b       0x2e /opt/homebrew/Cellar/arm-none-eabi-gcc/10.3-2021.07/gcc/bin/../lib/gcc/arm-none-eabi/10.3.1/../../../../arm-none-eabi/lib/thumb/v7e-m/nofp/libg.a(lib_a-freer.o)
 .ARM.attributes
                0x00000000000007b9       0x2e /opt/homebrew/Cellar/arm-none-eabi-gcc/10.3-2021.07/gcc/bin/../lib/gcc/arm-none-eabi/10.3.1/../../../../arm-none-eabi/lib/thumb/v7e-m/nofp/libg.a(lib_a-fwalk.o)
 .ARM.attributes
                0x00000000000007e7       0x2e /opt/homebrew/Cellar/arm-none-eabi-gcc/10.3-2021.07/gcc/bin/../lib/gcc/arm-none-eabi/10.3.1/../../../../arm-none-eabi/lib/thumb/v7e-m/nofp/libg.a(lib_a-localeconv.o)
 .ARM.attributes
                0x0000000000000815       0x2e /opt/homebrew/Cellar/arm-none-eabi-gcc/10.3-2021.07/gcc/bin/../lib/gcc/arm-none-eabi/10.3.1/../../../../arm-none-eabi/lib/thumb/v7e-m/nofp/libg.a(lib_a-lock.o)
 .ARM.attributes
                0x0000000000000843       0x2e /opt/homebrew/Cellar/arm-none-eabi-gcc/10.3-2021.07/gcc/bin/../lib/gcc/arm-none-eabi/10.3.1/../../../../arm-none-eabi/lib/thumb/v7e-m/nofp/libg.a(lib_a-makebuf.o)
 .ARM.attributes
                0x0000000000000871       0x2e /opt/homebrew/Cellar/arm-none-eabi-gcc/10.3-2021.07/gcc/bin/../lib/gcc/arm-none-eabi/10.3.1/../../../../arm-none-eabi/lib/thumb/v7e-m/nofp/libg.a(lib_a-mallocr.o)
 .ARM.attributes
                0x000000000000089f       0x1c /opt/homebrew/Cellar/arm-none-eabi-gcc/10.3-2021.07/gcc/bin/../lib/gcc/arm-none-eabi/10.3.1/../../../../arm-none-eabi/lib/thumb/v7e-m/nofp/libg.a(lib_a-memchr.o)
 .ARM.attributes
                0x00000000000008bb       0x1c /opt/homebrew/Cellar/arm-none-eabi-gcc/10.3-2021.07/gcc/bin/../lib/gcc/arm-none-eabi/10.3.1/../../../../arm-none-eabi/lib/thumb/v7e-m/nofp/libg.a(lib_a-memcpy.o)
 .ARM.attributes
                0x00000000000008d7       0x2e /opt/homebrew/Cellar/arm-none-eabi-gcc/10.3-2021.07/gcc/bin/../lib/gcc/arm-none-eabi/10.3.1/../../../../arm-none-eabi/lib/thumb/v7e-m/nofp/libg.a(lib_a-mlock.o)
 .ARM.attributes
                0x0000000000000905       0x2e /opt/homebrew/Cellar/arm-none-eabi-gcc/10.3-2021.07/gcc/bin/../lib/gcc/arm-none-eabi/10.3.1/../../../../arm-none-eabi/lib/thumb/v7e-m/nofp/libg.a(lib_a-mprec.o)
 .ARM.attributes
                0x0000000000000933       0x2e /opt/homebrew/Cellar/arm-none-eabi-gcc/10.3-2021.07/gcc/bin/../lib/gcc/arm-none-eabi/10.3.1/../../../../arm-none-eabi/lib/thumb/v7e-m/nofp/libg.a(lib_a-s_frexp.o)
 .ARM.attributes
                0x0000000000000961       0x2e /opt/homebrew/Cellar/arm-none-eabi-gcc/10.3-2021.07/gcc/bin/../lib/gcc/arm-none-eabi/10.3.1/../../../../arm-none-eabi/lib/thumb/v7e-m/nofp/libg.a(lib_a-sbrkr.o)
 .ARM.attributes
                0x000000000000098f       0x2e /opt/homebrew/Cellar/arm-none-eabi-gcc/10.3-2021.07/gcc/bin/../lib/gcc/arm-none-eabi/10.3.1/../../../../arm-none-eabi/lib/thumb/v7e-m/nofp/libg.a(lib_a-stdio.o)
 .ARM.attributes
                0x00000000000009bd       0x1c /opt/homebrew/Cellar/arm-none-eabi-gcc/10.3-2021.07/gcc/bin/../lib/gcc/arm-none-eabi/10.3.1/../../../../arm-none-eabi/lib/thumb/v7e-m/nofp/libg.a(lib_a-strlen.o)
 .ARM.attributes
                0x00000000000009d9       0x2e /opt/homebrew/Cellar/arm-none-eabi-gcc/10.3-2021.07/gcc/bin/../lib/gcc/arm-none-eabi/10.3.1/../../../../arm-none-eabi/lib/thumb/v7e-m/nofp/libg.a(lib_a-strncpy.o)
 .ARM.attributes
                0x0000000000000a07       0x2e /opt/homebrew/Cellar/arm-none-eabi-gcc/10.3-2021.07/gcc/bin/../lib/gcc/arm-none-eabi/10.3.1/../../../../arm-none-eabi/lib/thumb/v7e-m/nofp/libg.a(lib_a-vfiprintf.o)
 .ARM.attributes
                0x0000000000000a35       0x2e /opt/homebrew/Cellar/arm-none-eabi-gcc/10.3-2021.07/gcc/bin/../lib/gcc/arm-none-eabi/10.3.1/../../../../arm-none-eabi/lib/thumb/v7e-m/nofp/libg.a(lib_a-writer.o)
 .ARM.attributes
                0x0000000000000a63       0x2e /opt/homebrew/Cellar/arm-none-eabi-gcc/10.3-2021.07/gcc/bin/../lib/gcc/arm-none-eabi/10.3.1/../../../../arm-none-eabi/lib/thumb/v7e-m/nofp/libg.a(lib_a-__atexit.o)
 .ARM.attributes
                0x0000000000000a91       0x2e /opt/homebrew/Cellar/arm-none-eabi-gcc/10.3-2021.07/gcc/bin/../lib/gcc/arm-none-eabi/10.3.1/../../../../arm-none-eabi/lib/thumb/v7e-m/nofp/libg.a(lib_a-assert.o)
 .ARM.attributes
                0x0000000000000abf       0x2e /opt/homebrew/Cellar/arm-none-eabi-gcc/10.3-2021.07/gcc/bin/../lib/gcc/arm-none-eabi/10.3.1/../../../../arm-none-eabi/lib/thumb/v7e-m/nofp/libg.a(lib_a-callocr.o)
 .ARM.attributes
                0x0000000000000aed       0x2e /opt/homebrew/Cellar/arm-none-eabi-gcc/10.3-2021.07/gcc/bin/../lib/gcc/arm-none-eabi/10.3.1/../../../../arm-none-eabi/lib/thumb/v7e-m/nofp/libg.a(lib_a-closer.o)
 .ARM.attributes
                0x0000000000000b1b       0x2e /opt/homebrew/Cellar/arm-none-eabi-gcc/10.3-2021.07/gcc/bin/../lib/gcc/arm-none-eabi/10.3.1/../../../../arm-none-eabi/lib/thumb/v7e-m/nofp/libg.a(lib_a-fclose.o)
 .ARM.attributes
                0x0000000000000b49       0x2e /opt/homebrew/Cellar/arm-none-eabi-gcc/10.3-2021.07/gcc/bin/../lib/gcc/arm-none-eabi/10.3.1/../../../../arm-none-eabi/lib/thumb/v7e-m/nofp/libg.a(lib_a-fiprintf.o)
 .ARM.attributes
                0x0000000000000b77       0x2e /opt/homebrew/Cellar/arm-none-eabi-gcc/10.3-2021.07/gcc/bin/../lib/gcc/arm-none-eabi/10.3.1/../../../../arm-none-eabi/lib/thumb/v7e-m/nofp/libg.a(lib_a-fputwc.o)
 .ARM.attributes
                0x0000000000000ba5       0x2e /opt/homebrew/Cellar/arm-none-eabi-gcc/10.3-2021.07/gcc/bin/../lib/gcc/arm-none-eabi/10.3.1/../../../../arm-none-eabi/lib/thumb/v7e-m/nofp/libg.a(lib_a-fstatr.o)
 .ARM.attributes
                0x0000000000000bd3       0x2e /opt/homebrew/Cellar/arm-none-eabi-gcc/10.3-2021.07/gcc/bin/../lib/gcc/arm-none-eabi/10.3.1/../../../../arm-none-eabi/lib/thumb/v7e-m/nofp/libg.a(lib_a-fvwrite.o)
 .ARM.attributes
                0x0000000000000c01       0x2e /opt/homebrew/Cellar/arm-none-eabi-gcc/10.3-2021.07/gcc/bin/../lib/gcc/arm-none-eabi/10.3.1/../../../../arm-none-eabi/lib/thumb/v7e-m/nofp/libg.a(lib_a-isattyr.o)
 .ARM.attributes
                0x0000000000000c2f       0x2e /opt/homebrew/Cellar/arm-none-eabi-gcc/10.3-2021.07/gcc/bin/../lib/gcc/arm-none-eabi/10.3.1/../../../../arm-none-eabi/lib/thumb/v7e-m/nofp/libg.a(lib_a-locale.o)
 .ARM.attributes
                0x0000000000000c5d       0x2e /opt/homebrew/Cellar/arm-none-eabi-gcc/10.3-2021.07/gcc/bin/../lib/gcc/arm-none-eabi/10.3.1/../../../../arm-none-eabi/lib/thumb/v7e-m/nofp/libg.a(lib_a-lseekr.o)
 .ARM.attributes
                0x0000000000000c8b       0x2e /opt/homebrew/Cellar/arm-none-eabi-gcc/10.3-2021.07/gcc/bin/../lib/gcc/arm-none-eabi/10.3.1/../../../../arm-none-eabi/lib/thumb/v7e-m/nofp/libg.a(lib_a-mbtowc_r.o)
 .ARM.attributes
                0x0000000000000cb9       0x2e /opt/homebrew/Cellar/arm-none-eabi-gcc/10.3-2021.07/gcc/bin/../lib/gcc/arm-none-eabi/10.3.1/../../../../arm-none-eabi/lib/thumb/v7e-m/nofp/libg.a(lib_a-memmove.o)
 .ARM.attributes
                0x0000000000000ce7       0x2e /opt/homebrew/Cellar/arm-none-eabi-gcc/10.3-2021.07/gcc/bin/../lib/gcc/arm-none-eabi/10.3.1/../../../../arm-none-eabi/lib/thumb/v7e-m/nofp/libg.a(lib_a-readr.o)
 .ARM.attributes
                0x0000000000000d15       0x2e /opt/homebrew/Cellar/arm-none-eabi-gcc/10.3-2021.07/gcc/bin/../lib/gcc/arm-none-eabi/10.3.1/../../../../arm-none-eabi/lib/thumb/v7e-m/nofp/libg.a(lib_a-reallocr.o)
 .ARM.attributes
                0x0000000000000d43       0x2e /opt/homebrew/Cellar/arm-none-eabi-gcc/10.3-2021.07/gcc/bin/../lib/gcc/arm-none-eabi/10.3.1/../../../../arm-none-eabi/lib/thumb/v7e-m/nofp/libg.a(lib_a-reent.o)
 .ARM.attributes
                0x0000000000000d71       0x2e /opt/homebrew/Cellar/arm-none-eabi-gcc/10.3-2021.07/gcc/bin/../lib/gcc/arm-none-eabi/10.3.1/../../../../arm-none-eabi/lib/thumb/v7e-m/nofp/libg.a(lib_a-wbuf.o)
 .ARM.attributes
                0x0000000000000d9f       0x2e /opt/homebrew/Cellar/arm-none-eabi-gcc/10.3-2021.07/gcc/bin/../lib/gcc/arm-none-eabi/10.3.1/../../../../arm-none-eabi/lib/thumb/v7e-m/nofp/libg.a(lib_a-wcrtomb.o)
 .ARM.attributes
                0x0000000000000dcd       0x2e /opt/homebrew/Cellar/arm-none-eabi-gcc/10.3-2021.07/gcc/bin/../lib/gcc/arm-none-eabi/10.3.1/../../../../arm-none-eabi/lib/thumb/v7e-m/nofp/libg.a(lib_a-wctomb_r.o)
 .ARM.attributes
                0x0000000000000dfb       0x2e /opt/homebrew/Cellar/arm-none-eabi-gcc/10.3-2021.07/gcc/bin/../lib/gcc/arm-none-eabi/10.3.1/../../../../arm-none-eabi/lib/thumb/v7e-m/nofp/libg.a(lib_a-abort.o)
 .ARM.attributes
                0x0000000000000e29       0x2e /opt/homebrew/Cellar/arm-none-eabi-gcc/10.3-2021.07/gcc/bin/../lib/gcc/arm-none-eabi/10.3.1/../../../../arm-none-eabi/lib/thumb/v7e-m/nofp/libg.a(lib_a-ctype_.o)
 .ARM.attributes